Archive member included to satisfy reference by file (symbol)

/opt/devkitpro/libctru/lib/libctru.a(console.o)
                              main.o (consoleInit)
/opt/devkitpro/libctru/lib/libctru.a(gfx.o)
                              /opt/devkitpro/libctru/lib/libctru.a(console.o) (gfxIsWide)
/opt/devkitpro/libctru/lib/libctru.a(gspgpu.o)
                              /opt/devkitpro/libctru/lib/libctru.a(gfx.o) (gspInit)
/opt/devkitpro/libctru/lib/libctru.a(apt.o)
                              main.o (aptMainLoop)
/opt/devkitpro/libctru/lib/libctru.a(hid.o)
                              main.o (hidScanInput)
/opt/devkitpro/libctru/lib/libctru.a(ctru_init.o)
                              /opt/devkitpro/libctru/lib/libctru.a(apt.o) (__system_retAddr)
/opt/devkitpro/libctru/lib/libctru.a(initArgv.o)
                              /opt/devkitpro/libctru/lib/libctru.a(ctru_init.o) (__system_initArgv)
/opt/devkitpro/libctru/lib/libctru.a(svc.o)
                              /opt/devkitpro/libctru/lib/libctru.a(apt.o) (svcSleepThread)
/opt/devkitpro/libctru/lib/libctru.a(stack_adjust.o)
                              /opt/devkitpro/devkitARM/bin/../lib/gcc/arm-none-eabi/12.2.0/../../../../arm-none-eabi/lib/armv6k/fpu/3dsx_crt0.o (initSystem)
/opt/devkitpro/libctru/lib/libctru.a(default_font.bin.o)
                              /opt/devkitpro/libctru/lib/libctru.a(console.o) (default_font_bin)
/opt/devkitpro/libctru/lib/libctru.a(vram.o)
                              /opt/devkitpro/libctru/lib/libctru.a(gfx.o) (vramAlloc)
/opt/devkitpro/libctru/lib/libctru.a(linear.o)
                              /opt/devkitpro/libctru/lib/libctru.a(gfx.o) (linearAlloc)
/opt/devkitpro/libctru/lib/libctru.a(mem_pool.o)
                              /opt/devkitpro/libctru/lib/libctru.a(vram.o) (MemPool::Allocate(MemChunk&, unsigned long, int))
/opt/devkitpro/libctru/lib/libctru.a(synchronization.o)
                              /opt/devkitpro/libctru/lib/libctru.a(ctru_init.o) (__sync_init)
/opt/devkitpro/libctru/lib/libctru.a(os.o)
                              /opt/devkitpro/libctru/lib/libctru.a(apt.o) (__ctru_speedup_config)
/opt/devkitpro/libctru/lib/libctru.a(3dslink.o)
                              /opt/devkitpro/libctru/lib/libctru.a(initArgv.o) (__3dslink_host)
/opt/devkitpro/libctru/lib/libctru.a(srv.o)
                              /opt/devkitpro/libctru/lib/libctru.a(apt.o) (srvInit)
/opt/devkitpro/libctru/lib/libctru.a(thread.o)
                              /opt/devkitpro/libctru/lib/libctru.a(gspgpu.o) (threadCreate)
/opt/devkitpro/libctru/lib/libctru.a(mappable.o)
                              /opt/devkitpro/libctru/lib/libctru.a(gspgpu.o) (mappableAlloc)
/opt/devkitpro/libctru/lib/libctru.a(irrst.o)
                              /opt/devkitpro/libctru/lib/libctru.a(hid.o) (irrstInit)
/opt/devkitpro/libctru/lib/libctru.a(srvpm.o)
                              /opt/devkitpro/libctru/lib/libctru.a(srv.o) (srvPmGetSessionHandle)
/opt/devkitpro/libctru/lib/libctru.a(ptmsysm.o)
                              /opt/devkitpro/libctru/lib/libctru.a(os.o) (ptmSysmInit)
/opt/devkitpro/libctru/lib/libctru.a(soc_socket.o)
                              /opt/devkitpro/libctru/lib/libctru.a(3dslink.o) (socket)
/opt/devkitpro/libctru/lib/libctru.a(soc_connect.o)
                              /opt/devkitpro/libctru/lib/libctru.a(3dslink.o) (connect)
/opt/devkitpro/libctru/lib/libctru.a(soc_common.o)
                              /opt/devkitpro/libctru/lib/libctru.a(soc_socket.o) (_net_convert_error)
/opt/devkitpro/libctru/lib/libctru.a(rbtree_init.o)
                              /opt/devkitpro/libctru/lib/libctru.a(vram.o) (rbtree_init)
/opt/devkitpro/libctru/lib/libctru.a(rbtree_insert.o)
                              /opt/devkitpro/libctru/lib/libctru.a(vram.o) (rbtree_insert)
/opt/devkitpro/libctru/lib/libctru.a(rbtree_rotate.o)
                              /opt/devkitpro/libctru/lib/libctru.a(rbtree_insert.o) (rbtree_rotate)
/opt/devkitpro/libctru/lib/libctru.a(rbtree_remove.o)
                              /opt/devkitpro/libctru/lib/libctru.a(vram.o) (rbtree_remove)
/opt/devkitpro/libctru/lib/libctru.a(rbtree_find.o)
                              /opt/devkitpro/libctru/lib/libctru.a(vram.o) (rbtree_find)
/opt/devkitpro/libctru/lib/libctru.a(appInit.o)
                              /opt/devkitpro/libctru/lib/libctru.a(stack_adjust.o) (__appInit)
/opt/devkitpro/libctru/lib/libctru.a(syscalls.o)
                              /opt/devkitpro/libctru/lib/libctru.a(thread.o) (initThreadVars)
/opt/devkitpro/libctru/lib/libctru.a(allocateHeaps.o)
                              /opt/devkitpro/libctru/lib/libctru.a(ctru_init.o) (__system_allocateHeaps)
/opt/devkitpro/libctru/lib/libctru.a(appExit.o)
                              /opt/devkitpro/libctru/lib/libctru.a(stack_adjust.o) (__appExit)
/opt/devkitpro/libctru/lib/libctru.a(ctru_exit.o)
                              /opt/devkitpro/libctru/lib/libctru.a(stack_adjust.o) (__libctru_exit)
[...]
Memory Configuration

Name             Origin             Length             Attributes
*default*        0x0000000000000000 0xffffffffffffffff

Linker script and memory map

                0x0000000000100000                PROVIDE (__start__ = 0x100000)
                0x0000000000100000                . = __start__

.text           0x0000000000100000    0x20d80
 *(.crt0)
 .crt0          0x0000000000100000       0x94 /opt/devkitpro/devkitARM/bin/../lib/gcc/arm-none-eabi/12.2.0/../../../../arm-none-eabi/lib/armv6k/fpu/3dsx_crt0.o
                0x0000000000100000                _start
                0x0000000000100008                __service_ptr
                0x000000000010000c                __apt_appid
                0x0000000000100010                __heap_size
                0x0000000000100014                __linear_heap_size
                0x0000000000100018                __system_arglist
                0x000000000010001c                __system_runflags
 *(.init)
 .init          0x0000000000100094        0xc /opt/devkitpro/devkitARM/bin/../lib/gcc/arm-none-eabi/12.2.0/armv6k/fpu/crti.o
                0x0000000000100094                _init
 .init          0x00000000001000a0        0xc /opt/devkitpro/devkitARM/bin/../lib/gcc/arm-none-eabi/12.2.0/armv6k/fpu/crtn.o
                0x00000000001000ac                . = ALIGN (0x4)
 *(.text)
 .text          0x00000000001000ac      0x240 /opt/devkitpro/devkitARM/bin/../lib/gcc/arm-none-eabi/12.2.0/armv6k/fpu/libgcc.a(_divsi3.o)
                0x00000000001000ac                __aeabi_idiv
                0x00000000001000ac                __divsi3
                0x00000000001002cc                __aeabi_idivmod
 .text          0x00000000001002ec        0x4 /opt/devkitpro/devkitARM/bin/../lib/gcc/arm-none-eabi/12.2.0/armv6k/fpu/libgcc.a(_dvmd_tls.o)
                0x00000000001002ec                __aeabi_ldiv0
                0x00000000001002ec                __aeabi_idiv0
 .text          0x00000000001002f0       0x3c /opt/devkitpro/devkitARM/bin/../lib/gcc/arm-none-eabi/12.2.0/armv6k/fpu/libgcc.a(_aeabi_uldivmod.o)
                0x00000000001002f0                __aeabi_uldivmod
 *fill*         0x000000000010032c       0x14 
 .text          0x0000000000100340      0x390 /opt/devkitpro/devkitARM/bin/../lib/gcc/arm-none-eabi/12.2.0/../../../../arm-none-eabi/lib/armv6k/fpu/libg.a(lib_a-strcmp.o)
                0x0000000000100348                strcmp
 .text          0x00000000001006d0      0x20c /opt/devkitpro/devkitARM/bin/../lib/gcc/arm-none-eabi/12.2.0/armv6k/fpu/libgcc.a(_udivsi3.o)
                0x00000000001006d0                __udivsi3
                0x00000000001006d0                __aeabi_uidiv
                0x00000000001008bc                __aeabi_uidivmod
 .text          0x00000000001008dc      0x3c0 /opt/devkitpro/devkitARM/bin/../lib/gcc/arm-none-eabi/12.2.0/armv6k/fpu/libgcc.a(_arm_addsubdf3.o)
                0x00000000001008dc                __aeabi_drsub
                0x00000000001008e4                __aeabi_dsub
                0x00000000001008e4                __subdf3
                0x00000000001008e8                __adddf3
                0x00000000001008e8                __aeabi_dadd
                0x0000000000100b94                __aeabi_ui2d
                0x0000000000100b94                __floatunsidf
                0x0000000000100bb8                __floatsidf
                0x0000000000100bb8                __aeabi_i2d
                0x0000000000100be0                __extendsfdf2
                0x0000000000100be0                __aeabi_f2d
                0x0000000000100c28                __aeabi_ul2d
                0x0000000000100c28                __floatundidf
                0x0000000000100c3c                __floatdidf
                0x0000000000100c3c                __aeabi_l2d
 *(.text.*)
 .text.__do_global_dtors_aux
                0x0000000000100c9c       0x40 /opt/devkitpro/devkitARM/bin/../lib/gcc/arm-none-eabi/12.2.0/armv6k/fpu/crtbegin.o
 .text.frame_dummy
                0x0000000000100cdc       0x2c /opt/devkitpro/devkitARM/bin/../lib/gcc/arm-none-eabi/12.2.0/armv6k/fpu/crtbegin.o
 .text.startup.main
                0x0000000000100d08       0x9c main.o
                0x0000000000100d08                main
 .text.parseColor
                0x0000000000100da4      0x1e8 /opt/devkitpro/libctru/lib/libctru.a(console.o)
 .text.consoleDrawChar
                0x0000000000100f8c      0x1ac /opt/devkitpro/libctru/lib/libctru.a(console.o)
                0x0000000000100f8c                consoleDrawChar
 .text.consolePrintChar
                0x0000000000101138      0x124 /opt/devkitpro/libctru/lib/libctru.a(console.o)
                0x0000000000101138                consolePrintChar
 .text.con_write
                0x000000000010125c      0xb94 /opt/devkitpro/libctru/lib/libctru.a(console.o)
                0x000000000010125c                con_write
 .text.newRow   0x0000000000101df0       0xfc /opt/devkitpro/libctru/lib/libctru.a(console.o)
 .text.consoleInit
                0x0000000000101eec      0x168 /opt/devkitpro/libctru/lib/libctru.a(console.o)
                0x0000000000101eec                consoleInit
 .text.gfxPresentFramebuffer
                0x0000000000102054       0xd0 /opt/devkitpro/libctru/lib/libctru.a(gfx.o)
 .text.gfxIsWide
                0x0000000000102124       0x1c /opt/devkitpro/libctru/lib/libctru.a(gfx.o)
                0x0000000000102124                gfxIsWide
 .text.gfxSetScreenFormat
                0x0000000000102140       0xec /opt/devkitpro/libctru/lib/libctru.a(gfx.o)
                0x0000000000102140                gfxSetScreenFormat
 .text.gfxSetDoubleBuffering
                0x000000000010222c       0x10 /opt/devkitpro/libctru/lib/libctru.a(gfx.o)
                0x000000000010222c                gfxSetDoubleBuffering
 .text.gfxInit  0x000000000010223c       0xe0 /opt/devkitpro/libctru/lib/libctru.a(gfx.o)
                0x000000000010223c                gfxInit
 .text.gfxInitDefault
                0x000000000010231c       0x10 /opt/devkitpro/libctru/lib/libctru.a(gfx.o)
                0x000000000010231c                gfxInitDefault
 .text.gfxExit  0x000000000010232c       0xb4 /opt/devkitpro/libctru/lib/libctru.a(gfx.o)
                0x000000000010232c                gfxExit
 .text.gfxGetFramebuffer
                0x00000000001023e0       0xa0 /opt/devkitpro/libctru/lib/libctru.a(gfx.o)
                0x00000000001023e0                gfxGetFramebuffer
 .text.gfxFlushBuffers
                0x0000000000102480      0x104 /opt/devkitpro/libctru/lib/libctru.a(gfx.o)
                0x0000000000102480                gfxFlushBuffers
 .text.gfxSwapBuffers
                0x0000000000102584       0x50 /opt/devkitpro/libctru/lib/libctru.a(gfx.o)
                0x0000000000102584                gfxSwapBuffers
 .text.gfxSwapBuffersGpu
                0x00000000001025d4       0x50 /opt/devkitpro/libctru/lib/libctru.a(gfx.o)
                0x00000000001025d4                gfxSwapBuffersGpu
 .text.gspHardwareInit
                0x0000000000102624      0xc58 /opt/devkitpro/libctru/lib/libctru.a(gspgpu.o)
 .text.gspInit  0x000000000010327c      0x248 /opt/devkitpro/libctru/lib/libctru.a(gspgpu.o)
                0x000000000010327c                gspInit
 .text.gspExit  0x00000000001034c4       0xf0 /opt/devkitpro/libctru/lib/libctru.a(gspgpu.o)
                0x00000000001034c4                gspExit
 .text.gspHasGpuRight
                0x00000000001035b4       0x10 /opt/devkitpro/libctru/lib/libctru.a(gspgpu.o)
                0x00000000001035b4                gspHasGpuRight
 .text.gspPresentBuffer
                0x00000000001035c4       0xa0 /opt/devkitpro/libctru/lib/libctru.a(gspgpu.o)
                0x00000000001035c4                gspPresentBuffer
 .text.gspWaitForEvent
                0x0000000000103664       0x44 /opt/devkitpro/libctru/lib/libctru.a(gspgpu.o)
                0x0000000000103664                gspWaitForEvent
 .text.gxCmdQueueInterrupt
                0x00000000001036a8        0x4 /opt/devkitpro/libctru/lib/libctru.a(gspgpu.o)
                0x00000000001036a8                gxCmdQueueInterrupt
 .text.gspEventThreadMain
                0x00000000001036ac      0x158 /opt/devkitpro/libctru/lib/libctru.a(gspgpu.o)
 .text.GSPGPU_FlushDataCache
                0x0000000000103804       0x50 /opt/devkitpro/libctru/lib/libctru.a(gspgpu.o)
                0x0000000000103804                GSPGPU_FlushDataCache
 .text.GSPGPU_SetLcdForceBlack
                0x0000000000103854       0x34 /opt/devkitpro/libctru/lib/libctru.a(gspgpu.o)
                0x0000000000103854                GSPGPU_SetLcdForceBlack
 .text.GSPGPU_AcquireRight
                0x0000000000103888       0x68 /opt/devkitpro/libctru/lib/libctru.a(gspgpu.o)
                0x0000000000103888                GSPGPU_AcquireRight
 .text.GSPGPU_ReleaseRight
                0x00000000001038f0       0x48 /opt/devkitpro/libctru/lib/libctru.a(gspgpu.o)
                0x00000000001038f0                GSPGPU_ReleaseRight
 .text.GSPGPU_ImportDisplayCaptureInfo
                0x0000000000103938       0x7c /opt/devkitpro/libctru/lib/libctru.a(gspgpu.o)
                0x0000000000103938                GSPGPU_ImportDisplayCaptureInfo
 .text.GSPGPU_SaveVramSysArea
                0x00000000001039b4       0x2c /opt/devkitpro/libctru/lib/libctru.a(gspgpu.o)
                0x00000000001039b4                GSPGPU_SaveVramSysArea
 .text.GSPGPU_RestoreVramSysArea
                0x00000000001039e0       0x2c /opt/devkitpro/libctru/lib/libctru.a(gspgpu.o)
                0x00000000001039e0                GSPGPU_RestoreVramSysArea
 .text.aptConvertScreenForCapture
                0x0000000000103a0c      0x1a4 /opt/devkitpro/libctru/lib/libctru.a(apt.o)
 .text.aptDspSleep
                0x0000000000103bb0        0x8 /opt/devkitpro/libctru/lib/libctru.a(apt.o)
                0x0000000000103bb0                aptDspSleep
 .text.aptDspWakeup
                0x0000000000103bb8        0x4 /opt/devkitpro/libctru/lib/libctru.a(apt.o)
                0x0000000000103bb8                aptDspWakeup
 .text.aptDspCancel
                0x0000000000103bbc        0x4 /opt/devkitpro/libctru/lib/libctru.a(apt.o)
                0x0000000000103bbc                aptDspCancel
 .text.aptSendCommand
                0x0000000000103bc0      0x158 /opt/devkitpro/libctru/lib/libctru.a(apt.o)
                0x0000000000103bc0                aptSendCommand
 .text.aptExitProcess
                0x0000000000103d18       0x44 /opt/devkitpro/libctru/lib/libctru.a(apt.o)
 .text.aptExit  0x0000000000103d5c      0x3b0 /opt/devkitpro/libctru/lib/libctru.a(apt.o)
                0x0000000000103d5c                aptExit
 .text.aptHandleSleep
                0x000000000010410c       0xe0 /opt/devkitpro/libctru/lib/libctru.a(apt.o)
                0x000000000010410c                aptHandleSleep
 .text.APT_SleepIfShellClosed
                0x00000000001041ec       0x84 /opt/devkitpro/libctru/lib/libctru.a(apt.o)
                0x00000000001041ec                APT_SleepIfShellClosed
 .text.aptSetSleepAllowed
                0x0000000000104270       0x84 /opt/devkitpro/libctru/lib/libctru.a(apt.o)
                0x0000000000104270                aptSetSleepAllowed
 .text.APT_UnlockTransition
                0x00000000001042f4       0x84 /opt/devkitpro/libctru/lib/libctru.a(apt.o)
                0x00000000001042f4                APT_UnlockTransition
 .text.aptEventHandler
                0x0000000000104378      0x4a4 /opt/devkitpro/libctru/lib/libctru.a(apt.o)
 .text.APT_ReceiveParameter
                0x000000000010481c       0xb0 /opt/devkitpro/libctru/lib/libctru.a(apt.o)
                0x000000000010481c                APT_ReceiveParameter
 .text.aptReceiveParameter.constprop.0
                0x00000000001048cc       0xb0 /opt/devkitpro/libctru/lib/libctru.a(apt.o)
 *fill*         0x000000000010497c        0x4 
 .text.aptScreenTransfer
                0x0000000000104980      0x2ac /opt/devkitpro/libctru/lib/libctru.a(apt.o)
 .text.aptWaitForWakeUp.isra.0
                0x0000000000104c2c      0x344 /opt/devkitpro/libctru/lib/libctru.a(apt.o)
 .text.aptJumpToHomeMenu
                0x0000000000104f70      0x100 /opt/devkitpro/libctru/lib/libctru.a(apt.o)
                0x0000000000104f70                aptJumpToHomeMenu
 .text.aptMainLoop
                0x0000000000105070       0x48 /opt/devkitpro/libctru/lib/libctru.a(apt.o)
                0x0000000000105070                aptMainLoop
 .text.aptInit  0x00000000001050b8      0x22c /opt/devkitpro/libctru/lib/libctru.a(apt.o)
                0x00000000001050b8                aptInit
 .text.APT_CheckNew3DS
                0x00000000001052e4       0x7c /opt/devkitpro/libctru/lib/libctru.a(apt.o)
                0x00000000001052e4                APT_CheckNew3DS
 .text.hidShouldUseIrrst
                0x0000000000105360       0x24 /opt/devkitpro/libctru/lib/libctru.a(hid.o)
                0x0000000000105360                hidShouldUseIrrst
 .text.hidInit  0x0000000000105384      0x18c /opt/devkitpro/libctru/lib/libctru.a(hid.o)
                0x0000000000105384                hidInit
 .text.hidExit  0x0000000000105510       0xe8 /opt/devkitpro/libctru/lib/libctru.a(hid.o)
                0x0000000000105510                hidExit
 .text.hidScanInput
                0x00000000001055f8      0x2a4 /opt/devkitpro/libctru/lib/libctru.a(hid.o)
                0x00000000001055f8                hidScanInput
 .text.hidKeysDown
                0x000000000010589c       0x10 /opt/devkitpro/libctru/lib/libctru.a(hid.o)
                0x000000000010589c                hidKeysDown
 .text.__libctru_init
                0x00000000001058ac       0x38 /opt/devkitpro/libctru/lib/libctru.a(ctru_init.o)
                0x00000000001058ac                __libctru_init
 .text.__system_initArgv
                0x00000000001058e4      0x170 /opt/devkitpro/libctru/lib/libctru.a(initArgv.o)
                0x00000000001058e4                __system_initArgv
 .text.svcControlMemory
                0x0000000000105a54       0x20 /opt/devkitpro/libctru/lib/libctru.a(svc.o)
                0x0000000000105a54                svcControlMemory
 .text.svcQueryMemory
                0x0000000000105a74       0x30 /opt/devkitpro/libctru/lib/libctru.a(svc.o)
                0x0000000000105a74                svcQueryMemory
 .text.svcExitProcess
                0x0000000000105aa4        0x8 /opt/devkitpro/libctru/lib/libctru.a(svc.o)
                0x0000000000105aa4                svcExitProcess
 .text.svcCreateThread
                0x0000000000105aac       0x20 /opt/devkitpro/libctru/lib/libctru.a(svc.o)
                0x0000000000105aac                svcCreateThread
 .text.svcExitThread
                0x0000000000105acc        0x8 /opt/devkitpro/libctru/lib/libctru.a(svc.o)
                0x0000000000105acc                svcExitThread
 .text.svcSleepThread
                0x0000000000105ad4        0x8 /opt/devkitpro/libctru/lib/libctru.a(svc.o)
                0x0000000000105ad4                svcSleepThread
 .text.svcReleaseMutex
                0x0000000000105adc        0x8 /opt/devkitpro/libctru/lib/libctru.a(svc.o)
                0x0000000000105adc                svcReleaseMutex
 .text.svcCreateEvent
                0x0000000000105ae4       0x14 /opt/devkitpro/libctru/lib/libctru.a(svc.o)
                0x0000000000105ae4                svcCreateEvent
 .text.svcSignalEvent
                0x0000000000105af8        0x8 /opt/devkitpro/libctru/lib/libctru.a(svc.o)
                0x0000000000105af8                svcSignalEvent
 .text.svcClearEvent
                0x0000000000105b00        0x8 /opt/devkitpro/libctru/lib/libctru.a(svc.o)
                0x0000000000105b00                svcClearEvent
 .text.svcMapMemoryBlock
                0x0000000000105b08        0x8 /opt/devkitpro/libctru/lib/libctru.a(svc.o)
                0x0000000000105b08                svcMapMemoryBlock
 .text.svcUnmapMemoryBlock
                0x0000000000105b10        0x8 /opt/devkitpro/libctru/lib/libctru.a(svc.o)
                0x0000000000105b10                svcUnmapMemoryBlock
 .text.svcCreateAddressArbiter
                0x0000000000105b18       0x14 /opt/devkitpro/libctru/lib/libctru.a(svc.o)
                0x0000000000105b18                svcCreateAddressArbiter
 .text.svcArbitrateAddressNoTimeout
                0x0000000000105b2c        0x8 /opt/devkitpro/libctru/lib/libctru.a(svc.o)
                0x0000000000105b2c                svcArbitrateAddressNoTimeout
 .text.svcCloseHandle
                0x0000000000105b34        0x8 /opt/devkitpro/libctru/lib/libctru.a(svc.o)
                0x0000000000105b34                svcCloseHandle
 .text.svcWaitSynchronization
                0x0000000000105b3c        0x8 /opt/devkitpro/libctru/lib/libctru.a(svc.o)
                0x0000000000105b3c                svcWaitSynchronization
 .text.svcWaitSynchronizationN
                0x0000000000105b44       0x28 /opt/devkitpro/libctru/lib/libctru.a(svc.o)
                0x0000000000105b44                svcWaitSynchronizationN
 .text.svcDuplicateHandle
                0x0000000000105b6c       0x14 /opt/devkitpro/libctru/lib/libctru.a(svc.o)
                0x0000000000105b6c                svcDuplicateHandle
 .text.svcConnectToPort
                0x0000000000105b80       0x14 /opt/devkitpro/libctru/lib/libctru.a(svc.o)
                0x0000000000105b80                svcConnectToPort
 .text.svcSendSyncRequest
                0x0000000000105b94        0x8 /opt/devkitpro/libctru/lib/libctru.a(svc.o)
                0x0000000000105b94                svcSendSyncRequest
 .text.svcGetResourceLimit
                0x0000000000105b9c       0x14 /opt/devkitpro/libctru/lib/libctru.a(svc.o)
                0x0000000000105b9c                svcGetResourceLimit
 .text.svcGetResourceLimitLimitValues
                0x0000000000105bb0        0x8 /opt/devkitpro/libctru/lib/libctru.a(svc.o)
                0x0000000000105bb0                svcGetResourceLimitLimitValues
 .text.svcGetResourceLimitCurrentValues
                0x0000000000105bb8        0x8 /opt/devkitpro/libctru/lib/libctru.a(svc.o)
                0x0000000000105bb8                svcGetResourceLimitCurrentValues
 .text.svcBreak
                0x0000000000105bc0        0x8 /opt/devkitpro/libctru/lib/libctru.a(svc.o)
                0x0000000000105bc0                svcBreak
 .text.initSystem
                0x0000000000105bc8       0x50 /opt/devkitpro/libctru/lib/libctru.a(stack_adjust.o)
                0x0000000000105bc8                initSystem
 .text.__ctru_exit
                0x0000000000105c18       0x18 /opt/devkitpro/libctru/lib/libctru.a(stack_adjust.o)
                0x0000000000105c18                __ctru_exit
 .text._ZL21addrMapNodeComparatorPK11rbtree_nodeS1_
                0x0000000000105c30       0x24 /opt/devkitpro/libctru/lib/libctru.a(vram.o)
 .text._ZL21addrMapNodeDestructorP11rbtree_node
                0x0000000000105c54        0x4 /opt/devkitpro/libctru/lib/libctru.a(vram.o)
 .text.vramMemAlignAt
                0x0000000000105c58      0x250 /opt/devkitpro/libctru/lib/libctru.a(vram.o)
                0x0000000000105c58                vramMemAlignAt
 .text.vramAlloc
                0x0000000000105ea8        0xc /opt/devkitpro/libctru/lib/libctru.a(vram.o)
                0x0000000000105ea8                vramAlloc
 .text.vramFree
                0x0000000000105eb4       0x90 /opt/devkitpro/libctru/lib/libctru.a(vram.o)
                0x0000000000105eb4                vramFree
 .text._ZL21addrMapNodeComparatorPK11rbtree_nodeS1_
                0x0000000000105f44       0x24 /opt/devkitpro/libctru/lib/libctru.a(linear.o)
 .text._ZL21addrMapNodeDestructorP11rbtree_node
                0x0000000000105f68        0x4 /opt/devkitpro/libctru/lib/libctru.a(linear.o)
 .text.linearMemAlign
                0x0000000000105f6c      0x120 /opt/devkitpro/libctru/lib/libctru.a(linear.o)
                0x0000000000105f6c                linearMemAlign
 .text.linearAlloc
                0x000000000010608c        0x8 /opt/devkitpro/libctru/lib/libctru.a(linear.o)
                0x000000000010608c                linearAlloc
 .text.linearFree
                0x0000000000106094       0x5c /opt/devkitpro/libctru/lib/libctru.a(linear.o)
                0x0000000000106094                linearFree
 .text._ZN7MemPool13CoalesceRightEP8MemBlock
                0x00000000001060f0       0x80 /opt/devkitpro/libctru/lib/libctru.a(mem_pool.o)
                0x00000000001060f0                MemPool::CoalesceRight(MemBlock*)
 .text._ZN7MemPool8AllocateER8MemChunkmi
                0x0000000000106170      0x16c /opt/devkitpro/libctru/lib/libctru.a(mem_pool.o)
                0x0000000000106170                MemPool::Allocate(MemChunk&, unsigned long, int)
 .text._ZN7MemPool10DeallocateERK8MemChunk
                0x00000000001062dc       0xfc /opt/devkitpro/libctru/lib/libctru.a(mem_pool.o)
                0x00000000001062dc                MemPool::Deallocate(MemChunk const&)
 .text._ZN7MemPool12GetFreeSpaceEv
                0x00000000001063d8       0x30 /opt/devkitpro/libctru/lib/libctru.a(mem_pool.o)
                0x00000000001063d8                MemPool::GetFreeSpace()
 .text.__sync_init
                0x0000000000106408        0xc /opt/devkitpro/libctru/lib/libctru.a(synchronization.o)
                0x0000000000106408                __sync_init
 .text.__sync_fini
                0x0000000000106414       0x18 /opt/devkitpro/libctru/lib/libctru.a(synchronization.o)
                0x0000000000106414                __sync_fini
 .text.syncArbitrateAddress
                0x000000000010642c       0x2c /opt/devkitpro/libctru/lib/libctru.a(synchronization.o)
                0x000000000010642c                syncArbitrateAddress
 .text.LightLock_Lock
                0x0000000000106458       0xb0 /opt/devkitpro/libctru/lib/libctru.a(synchronization.o)
                0x0000000000106458                LightLock_Lock
 .text.LightLock_Unlock
                0x0000000000106508       0x40 /opt/devkitpro/libctru/lib/libctru.a(synchronization.o)
                0x0000000000106508                LightLock_Unlock
 .text.RecursiveLock_Init
                0x0000000000106548       0x24 /opt/devkitpro/libctru/lib/libctru.a(synchronization.o)
                0x0000000000106548                RecursiveLock_Init
 .text.RecursiveLock_Lock
                0x000000000010656c       0x30 /opt/devkitpro/libctru/lib/libctru.a(synchronization.o)
                0x000000000010656c                RecursiveLock_Lock
 .text.RecursiveLock_Unlock
                0x000000000010659c       0x54 /opt/devkitpro/libctru/lib/libctru.a(synchronization.o)
                0x000000000010659c                RecursiveLock_Unlock
 .text.LightEvent_Init
                0x00000000001065f0       0x40 /opt/devkitpro/libctru/lib/libctru.a(synchronization.o)
                0x00000000001065f0                LightEvent_Init
 .text.LightEvent_Clear
                0x0000000000106630       0xa4 /opt/devkitpro/libctru/lib/libctru.a(synchronization.o)
                0x0000000000106630                LightEvent_Clear
 .text.LightEvent_Signal
                0x00000000001066d4       0xc8 /opt/devkitpro/libctru/lib/libctru.a(synchronization.o)
                0x00000000001066d4                LightEvent_Signal
 .text.LightEvent_TryWait
                0x000000000010679c       0x50 /opt/devkitpro/libctru/lib/libctru.a(synchronization.o)
                0x000000000010679c                LightEvent_TryWait
 .text.LightEvent_Wait
                0x00000000001067ec       0xb0 /opt/devkitpro/libctru/lib/libctru.a(synchronization.o)
                0x00000000001067ec                LightEvent_Wait
 .text.__ctru_speedup_config
                0x000000000010689c       0x34 /opt/devkitpro/libctru/lib/libctru.a(os.o)
                0x000000000010689c                __ctru_speedup_config
 .text.srvInit  0x00000000001068d0      0x130 /opt/devkitpro/libctru/lib/libctru.a(srv.o)
                0x00000000001068d0                srvInit
 .text.srvExit  0x0000000000106a00       0x58 /opt/devkitpro/libctru/lib/libctru.a(srv.o)
                0x0000000000106a00                srvExit
 .text.srvEnableNotification
                0x0000000000106a58       0x60 /opt/devkitpro/libctru/lib/libctru.a(srv.o)
                0x0000000000106a58                srvEnableNotification
 .text.srvGetServiceHandleDirect
                0x0000000000106ab8       0xa0 /opt/devkitpro/libctru/lib/libctru.a(srv.o)
                0x0000000000106ab8                srvGetServiceHandleDirect
 .text.srvGetServiceHandle
                0x0000000000106b58       0x38 /opt/devkitpro/libctru/lib/libctru.a(srv.o)
                0x0000000000106b58                srvGetServiceHandle
 .text.srvSubscribe
                0x0000000000106b90       0x34 /opt/devkitpro/libctru/lib/libctru.a(srv.o)
                0x0000000000106b90                srvSubscribe
 .text.srvReceiveNotification
                0x0000000000106bc4       0x60 /opt/devkitpro/libctru/lib/libctru.a(srv.o)
                0x0000000000106bc4                srvReceiveNotification
 .text.srvPublishToSubscriber
                0x0000000000106c24       0x38 /opt/devkitpro/libctru/lib/libctru.a(srv.o)
                0x0000000000106c24                srvPublishToSubscriber
 .text.threadCreate
                0x0000000000106c5c      0x1d0 /opt/devkitpro/libctru/lib/libctru.a(thread.o)
                0x0000000000106c5c                threadCreate
 .text.threadFree
                0x0000000000106e2c       0x2c /opt/devkitpro/libctru/lib/libctru.a(thread.o)
                0x0000000000106e2c                threadFree
 .text.threadJoin
                0x0000000000106e58       0x24 /opt/devkitpro/libctru/lib/libctru.a(thread.o)
                0x0000000000106e58                threadJoin
 .text.threadGetCurrent
                0x0000000000106e7c       0x30 /opt/devkitpro/libctru/lib/libctru.a(thread.o)
                0x0000000000106e7c                threadGetCurrent
 .text.threadExit
                0x0000000000106eac       0x40 /opt/devkitpro/libctru/lib/libctru.a(thread.o)
                0x0000000000106eac                threadExit
 .text._thread_begin
                0x0000000000106eec       0x20 /opt/devkitpro/libctru/lib/libctru.a(thread.o)
 .text.mappableFindAddressWithin
                0x0000000000106f0c       0xb4 /opt/devkitpro/libctru/lib/libctru.a(mappable.o)
 .text.mappableInit
                0x0000000000106fc0       0x28 /opt/devkitpro/libctru/lib/libctru.a(mappable.o)
                0x0000000000106fc0                mappableInit
 .text.mappableAlloc
                0x0000000000106fe8       0x80 /opt/devkitpro/libctru/lib/libctru.a(mappable.o)
                0x0000000000106fe8                mappableAlloc
 .text.mappableFree
                0x0000000000107068        0x4 /opt/devkitpro/libctru/lib/libctru.a(mappable.o)
                0x0000000000107068                mappableFree
 .text.irrstInit
                0x000000000010706c      0x164 /opt/devkitpro/libctru/lib/libctru.a(irrst.o)
                0x000000000010706c                irrstInit
 .text.irrstExit
                0x00000000001071d0       0xcc /opt/devkitpro/libctru/lib/libctru.a(irrst.o)
                0x00000000001071d0                irrstExit
 .text.irrstScanInput
                0x000000000010729c       0xb4 /opt/devkitpro/libctru/lib/libctru.a(irrst.o)
                0x000000000010729c                irrstScanInput
 .text.irrstKeysHeld
                0x0000000000107350       0x24 /opt/devkitpro/libctru/lib/libctru.a(irrst.o)
                0x0000000000107350                irrstKeysHeld
 .text.srvPmGetSessionHandle
                0x0000000000107374        0xc /opt/devkitpro/libctru/lib/libctru.a(srvpm.o)
                0x0000000000107374                srvPmGetSessionHandle
 .text.ptmSysmInit
                0x0000000000107380       0x74 /opt/devkitpro/libctru/lib/libctru.a(ptmsysm.o)
                0x0000000000107380                ptmSysmInit
 .text.ptmSysmExit
                0x00000000001073f4       0x3c /opt/devkitpro/libctru/lib/libctru.a(ptmsysm.o)
                0x00000000001073f4                ptmSysmExit
 .text.PTMSYSM_ConfigureNew3DSCPU
                0x0000000000107430       0x34 /opt/devkitpro/libctru/lib/libctru.a(ptmsysm.o)
                0x0000000000107430                PTMSYSM_ConfigureNew3DSCPU
 .text.rbtree_init
                0x0000000000107464       0x10 /opt/devkitpro/libctru/lib/libctru.a(rbtree_init.o)
                0x0000000000107464                rbtree_init
 .text.do_insert
                0x0000000000107474      0x1b4 /opt/devkitpro/libctru/lib/libctru.a(rbtree_insert.o)
 .text.rbtree_insert
                0x0000000000107628        0x8 /opt/devkitpro/libctru/lib/libctru.a(rbtree_insert.o)
                0x0000000000107628                rbtree_insert
 .text.rbtree_rotate
                0x0000000000107630       0x90 /opt/devkitpro/libctru/lib/libctru.a(rbtree_rotate.o)
                0x0000000000107630                rbtree_rotate
 .text.rbtree_remove
                0x00000000001076c0      0x318 /opt/devkitpro/libctru/lib/libctru.a(rbtree_remove.o)
                0x00000000001076c0                rbtree_remove
 .text.rbtree_find
                0x00000000001079d8       0x74 /opt/devkitpro/libctru/lib/libctru.a(rbtree_find.o)
                0x00000000001079d8                rbtree_find
 .text.__appInit
                0x0000000000107a4c       0x30 /opt/devkitpro/libctru/lib/libctru.a(appInit.o)
                0x0000000000107a4c                __appInit
 .text.__syscall_getreent
                0x0000000000107a7c       0x30 /opt/devkitpro/libctru/lib/libctru.a(syscalls.o)
                0x0000000000107a7c                __syscall_getreent
 .text.__syscall_lock_acquire
                0x0000000000107aac        0x4 /opt/devkitpro/libctru/lib/libctru.a(syscalls.o)
                0x0000000000107aac                __syscall_lock_acquire
 .text.__syscall_lock_release
                0x0000000000107ab0        0x4 /opt/devkitpro/libctru/lib/libctru.a(syscalls.o)
                0x0000000000107ab0                __syscall_lock_release
 .text.__syscall_lock_init_recursive
                0x0000000000107ab4        0x4 /opt/devkitpro/libctru/lib/libctru.a(syscalls.o)
                0x0000000000107ab4                __syscall_lock_init_recursive
 .text.__syscall_lock_acquire_recursive
                0x0000000000107ab8        0x4 /opt/devkitpro/libctru/lib/libctru.a(syscalls.o)
                0x0000000000107ab8                __syscall_lock_acquire_recursive
 .text.__syscall_lock_release_recursive
                0x0000000000107abc        0x4 /opt/devkitpro/libctru/lib/libctru.a(syscalls.o)
                0x0000000000107abc                __syscall_lock_release_recursive
 .text.__syscall_exit
                0x0000000000107ac0        0x4 /opt/devkitpro/libctru/lib/libctru.a(syscalls.o)
                0x0000000000107ac0                __syscall_exit
 .text.initThreadVars
                0x0000000000107ac4       0x50 /opt/devkitpro/libctru/lib/libctru.a(syscalls.o)
                0x0000000000107ac4                initThreadVars
 .text.__system_initSyscalls
                0x0000000000107b14       0x80 /opt/devkitpro/libctru/lib/libctru.a(syscalls.o)
                0x0000000000107b14                __system_initSyscalls
 *fill*         0x0000000000107b94        0x4 
 .text.__system_allocateHeaps
                0x0000000000107b98      0x1e0 /opt/devkitpro/libctru/lib/libctru.a(allocateHeaps.o)
                0x0000000000107b98                __system_allocateHeaps
 .text.__appExit
                0x0000000000107d78       0x30 /opt/devkitpro/libctru/lib/libctru.a(appExit.o)
                0x0000000000107d78                __appExit
 .text.__libctru_exit
                0x0000000000107da8       0x90 /opt/devkitpro/libctru/lib/libctru.a(ctru_exit.o)
                0x0000000000107da8                __libctru_exit
 .text.envGetHandle
                0x0000000000107e38       0x84 /opt/devkitpro/libctru/lib/libctru.a(env.o)
                0x0000000000107e38                envGetHandle
 .text.envDestroyHandles
                0x0000000000107ebc       0x50 /opt/devkitpro/libctru/lib/libctru.a(env.o)
                0x0000000000107ebc                envDestroyHandles
 .text.archive_link
                0x0000000000107f0c       0x14 /opt/devkitpro/libctru/lib/libctru.a(archive_dev.o)
 .text.archive_dirreset
                0x0000000000107f20       0x14 /opt/devkitpro/libctru/lib/libctru.a(archive_dev.o)
 .text.archive_chmod
                0x0000000000107f34       0x14 /opt/devkitpro/libctru/lib/libctru.a(archive_dev.o)
 .text.error_cmp
                0x0000000000107f48       0x24 /opt/devkitpro/libctru/lib/libctru.a(archive_dev.o)
 .text.archive_translate_error
                0x0000000000107f6c       0x50 /opt/devkitpro/libctru/lib/libctru.a(archive_dev.o)
 .text.archive_seek
                0x0000000000107fbc       0xc8 /opt/devkitpro/libctru/lib/libctru.a(archive_dev.o)
 .text._archiveInit.part.0
                0x0000000000108084       0x7c /opt/devkitpro/libctru/lib/libctru.a(archive_dev.o)
 .text.archiveFindDevice.part.0
                0x0000000000108100       0xc4 /opt/devkitpro/libctru/lib/libctru.a(archive_dev.o)
 .text.archive_utf16path
                0x00000000001081c4      0x25c /opt/devkitpro/libctru/lib/libctru.a(archive_dev.o)
 .text._archiveUnmountDeviceStruct.part.0
                0x0000000000108420       0xa0 /opt/devkitpro/libctru/lib/libctru.a(archive_dev.o)
 .text.archive_fchmod
                0x00000000001084c0       0x14 /opt/devkitpro/libctru/lib/libctru.a(archive_dev.o)
 .text.archive_statvfs
                0x00000000001084d4       0x14 /opt/devkitpro/libctru/lib/libctru.a(archive_dev.o)
 .text._archiveMountDevice
                0x00000000001084e8      0x164 /opt/devkitpro/libctru/lib/libctru.a(archive_dev.o)
 .text.archive_diropen
                0x000000000010864c       0xe8 /opt/devkitpro/libctru/lib/libctru.a(archive_dev.o)
 .text.archive_fstat
                0x0000000000108734       0xa4 /opt/devkitpro/libctru/lib/libctru.a(archive_dev.o)
 .text.archive_close
                0x00000000001087d8       0x6c /opt/devkitpro/libctru/lib/libctru.a(archive_dev.o)
 .text.archive_fsync
                0x0000000000108844       0x6c /opt/devkitpro/libctru/lib/libctru.a(archive_dev.o)
 .text.archive_dirclose
                0x00000000001088b0       0x70 /opt/devkitpro/libctru/lib/libctru.a(archive_dev.o)
 .text.sdmc_statvfs
                0x0000000000108920       0xe8 /opt/devkitpro/libctru/lib/libctru.a(archive_dev.o)
 .text.archive_chdir
                0x0000000000108a08       0xec /opt/devkitpro/libctru/lib/libctru.a(archive_dev.o)
 .text.archive_ftruncate
                0x0000000000108af4       0x7c /opt/devkitpro/libctru/lib/libctru.a(archive_dev.o)
 .text.archive_read
                0x0000000000108b70       0xac /opt/devkitpro/libctru/lib/libctru.a(archive_dev.o)
 .text.archive_unlink
                0x0000000000108c1c       0xa4 /opt/devkitpro/libctru/lib/libctru.a(archive_dev.o)
 .text.archive_rmdir
                0x0000000000108cc0       0xbc /opt/devkitpro/libctru/lib/libctru.a(archive_dev.o)
 .text.archive_mkdir
                0x0000000000108d7c       0xdc /opt/devkitpro/libctru/lib/libctru.a(archive_dev.o)
 .text.archive_stat
                0x0000000000108e58      0x19c /opt/devkitpro/libctru/lib/libctru.a(archive_dev.o)
 .text.archive_dirnext
                0x0000000000108ff4      0x15c /opt/devkitpro/libctru/lib/libctru.a(archive_dev.o)
 .text.archive_write
                0x0000000000109150       0xec /opt/devkitpro/libctru/lib/libctru.a(archive_dev.o)
 .text.archive_open
                0x000000000010923c      0x1d4 /opt/devkitpro/libctru/lib/libctru.a(archive_dev.o)
 .text.archive_rename
                0x0000000000109410      0x278 /opt/devkitpro/libctru/lib/libctru.a(archive_dev.o)
 .text.archiveMountSdmc
                0x0000000000109688      0x19c /opt/devkitpro/libctru/lib/libctru.a(archive_dev.o)
                0x0000000000109688                archiveMountSdmc
 .text.archiveUnmountAll
                0x0000000000109824       0x54 /opt/devkitpro/libctru/lib/libctru.a(archive_dev.o)
                0x0000000000109824                archiveUnmountAll
 .text.fsInit   0x0000000000109878       0xcc /opt/devkitpro/libctru/lib/libctru.a(fs.o)
                0x0000000000109878                fsInit
 .text.fsExit   0x0000000000109944       0x3c /opt/devkitpro/libctru/lib/libctru.a(fs.o)
                0x0000000000109944                fsExit
 .text.fsExemptFromSession
                0x0000000000109980       0x60 /opt/devkitpro/libctru/lib/libctru.a(fs.o)
                0x0000000000109980                fsExemptFromSession
 .text.fsUnexemptFromSession
                0x00000000001099e0       0x50 /opt/devkitpro/libctru/lib/libctru.a(fs.o)
                0x00000000001099e0                fsUnexemptFromSession
 .text.FSUSER_OpenFile
                0x0000000000109a30       0xcc /opt/devkitpro/libctru/lib/libctru.a(fs.o)
                0x0000000000109a30                FSUSER_OpenFile
 .text.FSUSER_DeleteFile
                0x0000000000109afc       0xbc /opt/devkitpro/libctru/lib/libctru.a(fs.o)
                0x0000000000109afc                FSUSER_DeleteFile
 .text.FSUSER_RenameFile
                0x0000000000109bb8       0xf8 /opt/devkitpro/libctru/lib/libctru.a(fs.o)
                0x0000000000109bb8                FSUSER_RenameFile
 .text.FSUSER_DeleteDirectory
                0x0000000000109cb0       0xbc /opt/devkitpro/libctru/lib/libctru.a(fs.o)
                0x0000000000109cb0                FSUSER_DeleteDirectory
 .text.FSUSER_CreateFile
                0x0000000000109d6c       0xd4 /opt/devkitpro/libctru/lib/libctru.a(fs.o)
                0x0000000000109d6c                FSUSER_CreateFile
 .text.FSUSER_CreateDirectory
                0x0000000000109e40       0xc4 /opt/devkitpro/libctru/lib/libctru.a(fs.o)
                0x0000000000109e40                FSUSER_CreateDirectory
 .text.FSUSER_RenameDirectory
                0x0000000000109f04       0xf8 /opt/devkitpro/libctru/lib/libctru.a(fs.o)
                0x0000000000109f04                FSUSER_RenameDirectory
 .text.FSUSER_OpenDirectory
                0x0000000000109ffc       0xb4 /opt/devkitpro/libctru/lib/libctru.a(fs.o)
                0x0000000000109ffc                FSUSER_OpenDirectory
 .text.FSUSER_OpenArchive
                0x000000000010a0b0       0x98 /opt/devkitpro/libctru/lib/libctru.a(fs.o)
                0x000000000010a0b0                FSUSER_OpenArchive
 .text.FSUSER_CloseArchive
                0x000000000010a148       0x8c /opt/devkitpro/libctru/lib/libctru.a(fs.o)
                0x000000000010a148                FSUSER_CloseArchive
 .text.FSUSER_GetSdmcArchiveResource
                0x000000000010a1d4       0x74 /opt/devkitpro/libctru/lib/libctru.a(fs.o)
                0x000000000010a1d4                FSUSER_GetSdmcArchiveResource
 .text.FSUSER_IsSdmcWritable
                0x000000000010a248       0x64 /opt/devkitpro/libctru/lib/libctru.a(fs.o)
                0x000000000010a248                FSUSER_IsSdmcWritable
 .text.FSFILE_Read
                0x000000000010a2ac       0x58 /opt/devkitpro/libctru/lib/libctru.a(fs.o)
                0x000000000010a2ac                FSFILE_Read
 .text.FSFILE_Write
                0x000000000010a304       0x60 /opt/devkitpro/libctru/lib/libctru.a(fs.o)
                0x000000000010a304                FSFILE_Write
 .text.FSFILE_GetSize
                0x000000000010a364       0x3c /opt/devkitpro/libctru/lib/libctru.a(fs.o)
                0x000000000010a364                FSFILE_GetSize
 .text.FSFILE_SetSize
                0x000000000010a3a0       0x28 /opt/devkitpro/libctru/lib/libctru.a(fs.o)
                0x000000000010a3a0                FSFILE_SetSize
 .text.FSFILE_Close
                0x000000000010a3c8       0x3c /opt/devkitpro/libctru/lib/libctru.a(fs.o)
                0x000000000010a3c8                FSFILE_Close
 .text.FSFILE_Flush
                0x000000000010a404       0x24 /opt/devkitpro/libctru/lib/libctru.a(fs.o)
                0x000000000010a404                FSFILE_Flush
 .text.FSDIR_Read
                0x000000000010a428       0x50 /opt/devkitpro/libctru/lib/libctru.a(fs.o)
                0x000000000010a428                FSDIR_Read
 .text.FSDIR_Close
                0x000000000010a478       0x3c /opt/devkitpro/libctru/lib/libctru.a(fs.o)
                0x000000000010a478                FSDIR_Close
 .text.rbtree_node_next
                0x000000000010a4b4       0x5c /opt/devkitpro/libctru/lib/libctru.a(rbtree_iterator.o)
                0x000000000010a4b4                rbtree_node_next
 .text.utf16_to_utf8
                0x000000000010a510       0xe8 /opt/devkitpro/libctru/lib/libctru.a(utf16_to_utf8.o)
                0x000000000010a510                utf16_to_utf8
 .text.decode_utf16
                0x000000000010a5f8       0x64 /opt/devkitpro/libctru/lib/libctru.a(decode_utf16.o)
                0x000000000010a5f8                decode_utf16
 .text.decode_utf8
                0x000000000010a65c      0x13c /opt/devkitpro/libctru/lib/libctru.a(decode_utf8.o)
                0x000000000010a65c                decode_utf8
 .text.utf8_to_utf16
                0x000000000010a798       0xc0 /opt/devkitpro/libctru/lib/libctru.a(utf8_to_utf16.o)
                0x000000000010a798                utf8_to_utf16
 .text.__aeabi_read_tp
                0x000000000010a858        0xc /opt/devkitpro/libctru/lib/libctru.a(readtp.o)
                0x000000000010a858                __aeabi_read_tp
 .text.encode_utf16
                0x000000000010a864       0x54 /opt/devkitpro/libctru/lib/libctru.a(encode_utf16.o)
                0x000000000010a864                encode_utf16
 .text.encode_utf8
                0x000000000010a8b8       0xe0 /opt/devkitpro/libctru/lib/libctru.a(encode_utf8.o)
                0x000000000010a8b8                encode_utf8
 .text.__udivmoddi4
                0x000000000010a998      0x120 /opt/devkitpro/devkitARM/bin/../lib/gcc/arm-none-eabi/12.2.0/armv6k/fpu/libgcc.a(_udivmoddi4.o)
                0x000000000010a998                __udivmoddi4
 .text.bsearch  0x000000000010aab8       0x78 /opt/devkitpro/devkitARM/bin/../lib/gcc/arm-none-eabi/12.2.0/../../../../arm-none-eabi/lib/armv6k/fpu/libg.a(lib_a-bsearch.o)
                0x000000000010aab8                bsearch
 .text.__errno  0x000000000010ab30        0xc /opt/devkitpro/devkitARM/bin/../lib/gcc/arm-none-eabi/12.2.0/../../../../arm-none-eabi/lib/armv6k/fpu/libg.a(lib_a-errno.o)
                0x000000000010ab30                __errno
 .text.exit     0x000000000010ab3c       0x34 /opt/devkitpro/devkitARM/bin/../lib/gcc/arm-none-eabi/12.2.0/../../../../arm-none-eabi/lib/armv6k/fpu/libg.a(lib_a-exit.o)
                0x000000000010ab3c                exit
 .text.__sflush_r
                0x000000000010ab70      0x234 /opt/devkitpro/devkitARM/bin/../lib/gcc/arm-none-eabi/12.2.0/../../../../arm-none-eabi/lib/armv6k/fpu/libg.a(lib_a-fflush.o)
                0x000000000010ab70                __sflush_r
 .text._fflush_r
                0x000000000010ada4       0x94 /opt/devkitpro/devkitARM/bin/../lib/gcc/arm-none-eabi/12.2.0/../../../../arm-none-eabi/lib/armv6k/fpu/libg.a(lib_a-fflush.o)
                0x000000000010ada4                _fflush_r
 .text._cleanup_r
                0x000000000010ae38        0xc /opt/devkitpro/devkitARM/bin/../lib/gcc/arm-none-eabi/12.2.0/../../../../arm-none-eabi/lib/armv6k/fpu/libg.a(lib_a-findfp.o)
                0x000000000010ae38                _cleanup_r
 .text.__sinit  0x000000000010ae44      0x184 /opt/devkitpro/devkitARM/bin/../lib/gcc/arm-none-eabi/12.2.0/../../../../arm-none-eabi/lib/armv6k/fpu/libg.a(lib_a-findfp.o)
                0x000000000010ae44                __sinit
 .text.__sfp_lock_acquire
                0x000000000010afc8        0xc /opt/devkitpro/devkitARM/bin/../lib/gcc/arm-none-eabi/12.2.0/../../../../arm-none-eabi/lib/armv6k/fpu/libg.a(lib_a-findfp.o)
                0x000000000010afc8                __sfp_lock_acquire
 .text.__sfp_lock_release
                0x000000000010afd4        0xc /opt/devkitpro/devkitARM/bin/../lib/gcc/arm-none-eabi/12.2.0/../../../../arm-none-eabi/lib/armv6k/fpu/libg.a(lib_a-findfp.o)
                0x000000000010afd4                __sfp_lock_release
 .text.__libc_fini_array
                0x000000000010afe0       0x3c /opt/devkitpro/devkitARM/bin/../lib/gcc/arm-none-eabi/12.2.0/../../../../arm-none-eabi/lib/armv6k/fpu/libg.a(lib_a-fini.o)
                0x000000000010afe0                __libc_fini_array
 .text._malloc_trim_r
                0x000000000010b01c       0xf8 /opt/devkitpro/devkitARM/bin/../lib/gcc/arm-none-eabi/12.2.0/../../../../arm-none-eabi/lib/armv6k/fpu/libg.a(lib_a-freer.o)
                0x000000000010b01c                _malloc_trim_r
 .text._free_r  0x000000000010b114      0x2e8 /opt/devkitpro/devkitARM/bin/../lib/gcc/arm-none-eabi/12.2.0/../../../../arm-none-eabi/lib/armv6k/fpu/libg.a(lib_a-freer.o)
                0x000000000010b114                _free_r
 .text._fwalk_reent
                0x000000000010b3fc       0x70 /opt/devkitpro/devkitARM/bin/../lib/gcc/arm-none-eabi/12.2.0/../../../../arm-none-eabi/lib/armv6k/fpu/libg.a(lib_a-fwalk.o)
                0x000000000010b3fc                _fwalk_reent
 .text.__libc_init_array
                0x000000000010b46c       0x84 /opt/devkitpro/devkitARM/bin/../lib/gcc/arm-none-eabi/12.2.0/../../../../arm-none-eabi/lib/armv6k/fpu/libg.a(lib_a-init.o)
                0x000000000010b46c                __libc_init_array
 .text.memalign
                0x000000000010b4f0       0x20 /opt/devkitpro/devkitARM/bin/../lib/gcc/arm-none-eabi/12.2.0/../../../../arm-none-eabi/lib/armv6k/fpu/libg.a(lib_a-malign.o)
                0x000000000010b4f0                memalign
 .text._memalign_r
                0x000000000010b510      0x14c /opt/devkitpro/devkitARM/bin/../lib/gcc/arm-none-eabi/12.2.0/../../../../arm-none-eabi/lib/armv6k/fpu/libg.a(lib_a-malignr.o)
                0x000000000010b510                _memalign_r
 .text.malloc   0x000000000010b65c       0x18 /opt/devkitpro/devkitARM/bin/../lib/gcc/arm-none-eabi/12.2.0/../../../../arm-none-eabi/lib/armv6k/fpu/libg.a(lib_a-malloc.o)
                0x000000000010b65c                malloc
 .text.free     0x000000000010b674       0x18 /opt/devkitpro/devkitARM/bin/../lib/gcc/arm-none-eabi/12.2.0/../../../../arm-none-eabi/lib/armv6k/fpu/libg.a(lib_a-malloc.o)
                0x000000000010b674                free
 .text._malloc_r
                0x000000000010b68c      0x7e4 /opt/devkitpro/devkitARM/bin/../lib/gcc/arm-none-eabi/12.2.0/../../../../arm-none-eabi/lib/armv6k/fpu/libg.a(lib_a-mallocr.o)
                0x000000000010b68c                _malloc_r
 .text.memchr   0x000000000010be70       0xe4 /opt/devkitpro/devkitARM/bin/../lib/gcc/arm-none-eabi/12.2.0/../../../../arm-none-eabi/lib/armv6k/fpu/libg.a(lib_a-memchr-stub.o)
                0x000000000010be70                memchr
 .text.memcpy   0x000000000010bf54      0x118 /opt/devkitpro/devkitARM/bin/../lib/gcc/arm-none-eabi/12.2.0/../../../../arm-none-eabi/lib/armv6k/fpu/libg.a(lib_a-memcpy-stub.o)
                0x000000000010bf54                memcpy
 .text.memset   0x000000000010c06c       0xf4 /opt/devkitpro/devkitARM/bin/../lib/gcc/arm-none-eabi/12.2.0/../../../../arm-none-eabi/lib/armv6k/fpu/libg.a(lib_a-memset.o)
                0x000000000010c06c                memset
 .text.__malloc_lock
                0x000000000010c160        0xc /opt/devkitpro/devkitARM/bin/../lib/gcc/arm-none-eabi/12.2.0/../../../../arm-none-eabi/lib/armv6k/fpu/libg.a(lib_a-mlock.o)
                0x000000000010c160                __malloc_lock
 .text.__malloc_unlock
                0x000000000010c16c        0xc /opt/devkitpro/devkitARM/bin/../lib/gcc/arm-none-eabi/12.2.0/../../../../arm-none-eabi/lib/armv6k/fpu/libg.a(lib_a-mlock.o)
                0x000000000010c16c                __malloc_unlock
 .text.printf   0x000000000010c178       0x34 /opt/devkitpro/devkitARM/bin/../lib/gcc/arm-none-eabi/12.2.0/../../../../arm-none-eabi/lib/armv6k/fpu/libg.a(lib_a-printf.o)
                0x000000000010c178                printf
 .text.setvbuf  0x000000000010c1ac      0x25c /opt/devkitpro/devkitARM/bin/../lib/gcc/arm-none-eabi/12.2.0/../../../../arm-none-eabi/lib/armv6k/fpu/libg.a(lib_a-setvbuf.o)
                0x000000000010c1ac                setvbuf
 .text.sscanf   0x000000000010c408       0x74 /opt/devkitpro/devkitARM/bin/../lib/gcc/arm-none-eabi/12.2.0/../../../../arm-none-eabi/lib/armv6k/fpu/libg.a(lib_a-sscanf.o)
                0x000000000010c408                sscanf
 .text.__sread  0x000000000010c47c       0x44 /opt/devkitpro/devkitARM/bin/../lib/gcc/arm-none-eabi/12.2.0/../../../../arm-none-eabi/lib/armv6k/fpu/libg.a(lib_a-stdio.o)
                0x000000000010c47c                __sread
 .text.__seofread
                0x000000000010c4c0        0x8 /opt/devkitpro/devkitARM/bin/../lib/gcc/arm-none-eabi/12.2.0/../../../../arm-none-eabi/lib/armv6k/fpu/libg.a(lib_a-stdio.o)
                0x000000000010c4c0                __seofread
 .text.__swrite
                0x000000000010c4c8       0x68 /opt/devkitpro/devkitARM/bin/../lib/gcc/arm-none-eabi/12.2.0/../../../../arm-none-eabi/lib/armv6k/fpu/libg.a(lib_a-stdio.o)
                0x000000000010c4c8                __swrite
 .text.__sseek  0x000000000010c530       0x44 /opt/devkitpro/devkitARM/bin/../lib/gcc/arm-none-eabi/12.2.0/../../../../arm-none-eabi/lib/armv6k/fpu/libg.a(lib_a-stdio.o)
                0x000000000010c530                __sseek
 .text.__sclose
                0x000000000010c574        0x8 /opt/devkitpro/devkitARM/bin/../lib/gcc/arm-none-eabi/12.2.0/../../../../arm-none-eabi/lib/armv6k/fpu/libg.a(lib_a-stdio.o)
                0x000000000010c574                __sclose
 .text.strlen   0x000000000010c57c       0x5c /opt/devkitpro/devkitARM/bin/../lib/gcc/arm-none-eabi/12.2.0/../../../../arm-none-eabi/lib/armv6k/fpu/libg.a(lib_a-strlen-stub.o)
                0x000000000010c57c                strlen
 .text.strncat  0x000000000010c5d8       0xe4 /opt/devkitpro/devkitARM/bin/../lib/gcc/arm-none-eabi/12.2.0/../../../../arm-none-eabi/lib/armv6k/fpu/libg.a(lib_a-strncat.o)
                0x000000000010c5d8                strncat
 .text.strncmp  0x000000000010c6bc       0xe4 /opt/devkitpro/devkitARM/bin/../lib/gcc/arm-none-eabi/12.2.0/../../../../arm-none-eabi/lib/armv6k/fpu/libg.a(lib_a-strncmp.o)
                0x000000000010c6bc                strncmp
 .text.strncpy  0x000000000010c7a0       0xc4 /opt/devkitpro/devkitARM/bin/../lib/gcc/arm-none-eabi/12.2.0/../../../../arm-none-eabi/lib/armv6k/fpu/libg.a(lib_a-strncpy.o)
                0x000000000010c7a0                strncpy
 .text.strnlen  0x000000000010c864       0x48 /opt/devkitpro/devkitARM/bin/../lib/gcc/arm-none-eabi/12.2.0/../../../../arm-none-eabi/lib/armv6k/fpu/libg.a(lib_a-strnlen.o)
                0x000000000010c864                strnlen
 .text._strtoul_l.constprop.0
                0x000000000010c8ac      0x1c4 /opt/devkitpro/devkitARM/bin/../lib/gcc/arm-none-eabi/12.2.0/../../../../arm-none-eabi/lib/armv6k/fpu/libg.a(lib_a-strtoul.o)
 .text._strtoul_r
                0x000000000010ca70        0x4 /opt/devkitpro/devkitARM/bin/../lib/gcc/arm-none-eabi/12.2.0/../../../../arm-none-eabi/lib/armv6k/fpu/libg.a(lib_a-strtoul.o)
                0x000000000010ca70                _strtoul_r
 .text.strtoul  0x000000000010ca74       0x28 /opt/devkitpro/devkitARM/bin/../lib/gcc/arm-none-eabi/12.2.0/../../../../arm-none-eabi/lib/armv6k/fpu/libg.a(lib_a-strtoul.o)
                0x000000000010ca74                strtoul
 .text.get_arg  0x000000000010ca9c       0x50 /opt/devkitpro/devkitARM/bin/../lib/gcc/arm-none-eabi/12.2.0/../../../../arm-none-eabi/lib/armv6k/fpu/libg.a(lib_a-svfscanf.o)
 .text.__ssvfscanf_r
                0x000000000010caec     0x2c38 /opt/devkitpro/devkitARM/bin/../lib/gcc/arm-none-eabi/12.2.0/../../../../arm-none-eabi/lib/armv6k/fpu/libg.a(lib_a-svfscanf.o)
                0x000000000010caec                __ssvfscanf_r
 .text.get_arg  0x000000000010f724      0x66c /opt/devkitpro/devkitARM/bin/../lib/gcc/arm-none-eabi/12.2.0/../../../../arm-none-eabi/lib/armv6k/fpu/libg.a(lib_a-vfprintf.o)
 .text._vfprintf_r
                0x000000000010fd90     0x339c /opt/devkitpro/devkitARM/bin/../lib/gcc/arm-none-eabi/12.2.0/../../../../arm-none-eabi/lib/armv6k/fpu/libg.a(lib_a-vfprintf.o)
                0x000000000010fd90                _vfprintf_r
 .text.__sbprintf
                0x000000000011312c       0xd0 /opt/devkitpro/devkitARM/bin/../lib/gcc/arm-none-eabi/12.2.0/../../../../arm-none-eabi/lib/armv6k/fpu/libg.a(lib_a-vfprintf.o)
 .text._wcrtomb_r
                0x00000000001131fc       0x54 /opt/devkitpro/devkitARM/bin/../lib/gcc/arm-none-eabi/12.2.0/../../../../arm-none-eabi/lib/armv6k/fpu/libg.a(lib_a-wcrtomb.o)
                0x00000000001131fc                _wcrtomb_r
 .text._wcsrtombs_r
                0x0000000000113250       0x28 /opt/devkitpro/devkitARM/bin/../lib/gcc/arm-none-eabi/12.2.0/../../../../arm-none-eabi/lib/armv6k/fpu/libg.a(lib_a-wcsrtombs.o)
                0x0000000000113250                _wcsrtombs_r
 .text.__swsetup_r
                0x0000000000113278      0x13c /opt/devkitpro/devkitARM/bin/../lib/gcc/arm-none-eabi/12.2.0/../../../../arm-none-eabi/lib/armv6k/fpu/libg.a(lib_a-wsetup.o)
                0x0000000000113278                __swsetup_r
 .text.__call_exitprocs
                0x00000000001133b4      0x114 /opt/devkitpro/devkitARM/bin/../lib/gcc/arm-none-eabi/12.2.0/../../../../arm-none-eabi/lib/armv6k/fpu/libg.a(lib_a-__call_atexit.o)
                0x00000000001133b4                __call_exitprocs
 .text.quorem   0x00000000001134c8      0x1b0 /opt/devkitpro/devkitARM/bin/../lib/gcc/arm-none-eabi/12.2.0/../../../../arm-none-eabi/lib/armv6k/fpu/libg.a(lib_a-dtoa.o)
 .text._dtoa_r  0x0000000000113678     0x11f8 /opt/devkitpro/devkitARM/bin/../lib/gcc/arm-none-eabi/12.2.0/../../../../arm-none-eabi/lib/armv6k/fpu/libg.a(lib_a-dtoa.o)
                0x0000000000113678                _dtoa_r
 .text._fclose_r
                0x0000000000114870      0x15c /opt/devkitpro/devkitARM/bin/../lib/gcc/arm-none-eabi/12.2.0/../../../../arm-none-eabi/lib/armv6k/fpu/libg.a(lib_a-fclose.o)
                0x0000000000114870                _fclose_r
 .text.iswspace
                0x00000000001149cc        0x8 /opt/devkitpro/devkitARM/bin/../lib/gcc/arm-none-eabi/12.2.0/../../../../arm-none-eabi/lib/armv6k/fpu/libg.a(lib_a-iswspace.o)
                0x00000000001149cc                iswspace
 .text._localeconv_r
                0x00000000001149d4        0xc /opt/devkitpro/devkitARM/bin/../lib/gcc/arm-none-eabi/12.2.0/../../../../arm-none-eabi/lib/armv6k/fpu/libg.a(lib_a-localeconv.o)
                0x00000000001149d4                _localeconv_r
 .text.__locale_mb_cur_max
                0x00000000001149e0       0x10 /opt/devkitpro/devkitARM/bin/../lib/gcc/arm-none-eabi/12.2.0/../../../../arm-none-eabi/lib/armv6k/fpu/libg.a(lib_a-locale.o)
                0x00000000001149e0                __locale_mb_cur_max
 .text.__smakebuf_r
                0x00000000001149f0      0x138 /opt/devkitpro/devkitARM/bin/../lib/gcc/arm-none-eabi/12.2.0/../../../../arm-none-eabi/lib/armv6k/fpu/libg.a(lib_a-makebuf.o)
                0x00000000001149f0                __smakebuf_r
 .text.__swhatbuf_r
                0x0000000000114b28       0x8c /opt/devkitpro/devkitARM/bin/../lib/gcc/arm-none-eabi/12.2.0/../../../../arm-none-eabi/lib/armv6k/fpu/libg.a(lib_a-makebuf.o)
                0x0000000000114b28                __swhatbuf_r
 .text._mbrtowc_r
                0x0000000000114bb4       0x68 /opt/devkitpro/devkitARM/bin/../lib/gcc/arm-none-eabi/12.2.0/../../../../arm-none-eabi/lib/armv6k/fpu/libg.a(lib_a-mbrtowc.o)
                0x0000000000114bb4                _mbrtowc_r
 .text.__utf8_mbtowc
                0x0000000000114c1c      0x2f8 /opt/devkitpro/devkitARM/bin/../lib/gcc/arm-none-eabi/12.2.0/../../../../arm-none-eabi/lib/armv6k/fpu/libg.a(lib_a-mbtowc_r.o)
                0x0000000000114c1c                __utf8_mbtowc
 .text._Balloc  0x0000000000114f14       0x88 /opt/devkitpro/devkitARM/bin/../lib/gcc/arm-none-eabi/12.2.0/../../../../arm-none-eabi/lib/armv6k/fpu/libg.a(lib_a-mprec.o)
                0x0000000000114f14                _Balloc
 .text._Bfree   0x0000000000114f9c       0x1c /opt/devkitpro/devkitARM/bin/../lib/gcc/arm-none-eabi/12.2.0/../../../../arm-none-eabi/lib/armv6k/fpu/libg.a(lib_a-mprec.o)
                0x0000000000114f9c                _Bfree
 .text.__multadd
                0x0000000000114fb8       0xf4 /opt/devkitpro/devkitARM/bin/../lib/gcc/arm-none-eabi/12.2.0/../../../../arm-none-eabi/lib/armv6k/fpu/libg.a(lib_a-mprec.o)
                0x0000000000114fb8                __multadd
 .text.__s2b    0x00000000001150ac      0x110 /opt/devkitpro/devkitARM/bin/../lib/gcc/arm-none-eabi/12.2.0/../../../../arm-none-eabi/lib/armv6k/fpu/libg.a(lib_a-mprec.o)
                0x00000000001150ac                __s2b
 .text.__hi0bits
                0x00000000001151bc       0x60 /opt/devkitpro/devkitARM/bin/../lib/gcc/arm-none-eabi/12.2.0/../../../../arm-none-eabi/lib/armv6k/fpu/libg.a(lib_a-mprec.o)
                0x00000000001151bc                __hi0bits
 .text.__lo0bits
                0x000000000011521c       0x9c /opt/devkitpro/devkitARM/bin/../lib/gcc/arm-none-eabi/12.2.0/../../../../arm-none-eabi/lib/armv6k/fpu/libg.a(lib_a-mprec.o)
                0x000000000011521c                __lo0bits
 .text.__i2b    0x00000000001152b8       0xa8 /opt/devkitpro/devkitARM/bin/../lib/gcc/arm-none-eabi/12.2.0/../../../../arm-none-eabi/lib/armv6k/fpu/libg.a(lib_a-mprec.o)
                0x00000000001152b8                __i2b
 .text.__multiply
                0x0000000000115360      0x204 /opt/devkitpro/devkitARM/bin/../lib/gcc/arm-none-eabi/12.2.0/../../../../arm-none-eabi/lib/armv6k/fpu/libg.a(lib_a-mprec.o)
                0x0000000000115360                __multiply
 .text.__pow5mult
                0x0000000000115564      0x124 /opt/devkitpro/devkitARM/bin/../lib/gcc/arm-none-eabi/12.2.0/../../../../arm-none-eabi/lib/armv6k/fpu/libg.a(lib_a-mprec.o)
                0x0000000000115564                __pow5mult
 .text.__lshift
                0x0000000000115688      0x140 /opt/devkitpro/devkitARM/bin/../lib/gcc/arm-none-eabi/12.2.0/../../../../arm-none-eabi/lib/armv6k/fpu/libg.a(lib_a-mprec.o)
                0x0000000000115688                __lshift
 .text.__mcmp   0x00000000001157c8       0x58 /opt/devkitpro/devkitARM/bin/../lib/gcc/arm-none-eabi/12.2.0/../../../../arm-none-eabi/lib/armv6k/fpu/libg.a(lib_a-mprec.o)
                0x00000000001157c8                __mcmp
 .text.__mdiff  0x0000000000115820      0x1ec /opt/devkitpro/devkitARM/bin/../lib/gcc/arm-none-eabi/12.2.0/../../../../arm-none-eabi/lib/armv6k/fpu/libg.a(lib_a-mprec.o)
                0x0000000000115820                __mdiff
 .text.__ulp    0x0000000000115a0c       0x68 /opt/devkitpro/devkitARM/bin/../lib/gcc/arm-none-eabi/12.2.0/../../../../arm-none-eabi/lib/armv6k/fpu/libg.a(lib_a-mprec.o)
                0x0000000000115a0c                __ulp
 .text.__b2d    0x0000000000115a74       0xd0 /opt/devkitpro/devkitARM/bin/../lib/gcc/arm-none-eabi/12.2.0/../../../../arm-none-eabi/lib/armv6k/fpu/libg.a(lib_a-mprec.o)
                0x0000000000115a74                __b2d
 .text.__d2b    0x0000000000115b44      0x120 /opt/devkitpro/devkitARM/bin/../lib/gcc/arm-none-eabi/12.2.0/../../../../arm-none-eabi/lib/armv6k/fpu/libg.a(lib_a-mprec.o)
                0x0000000000115b44                __d2b
 .text.__ratio  0x0000000000115c64       0x78 /opt/devkitpro/devkitARM/bin/../lib/gcc/arm-none-eabi/12.2.0/../../../../arm-none-eabi/lib/armv6k/fpu/libg.a(lib_a-mprec.o)
                0x0000000000115c64                __ratio
 .text.__copybits
                0x0000000000115cdc       0x88 /opt/devkitpro/devkitARM/bin/../lib/gcc/arm-none-eabi/12.2.0/../../../../arm-none-eabi/lib/armv6k/fpu/libg.a(lib_a-mprec.o)
                0x0000000000115cdc                __copybits
 .text.__any_on
                0x0000000000115d64       0x5c /opt/devkitpro/devkitARM/bin/../lib/gcc/arm-none-eabi/12.2.0/../../../../arm-none-eabi/lib/armv6k/fpu/libg.a(lib_a-mprec.o)
                0x0000000000115d64                __any_on
 .text.realloc  0x0000000000115dc0       0x20 /opt/devkitpro/devkitARM/bin/../lib/gcc/arm-none-eabi/12.2.0/../../../../arm-none-eabi/lib/armv6k/fpu/libg.a(lib_a-realloc.o)
                0x0000000000115dc0                realloc
 .text._realloc_r
                0x0000000000115de0      0x4a0 /opt/devkitpro/devkitARM/bin/../lib/gcc/arm-none-eabi/12.2.0/../../../../arm-none-eabi/lib/armv6k/fpu/libg.a(lib_a-reallocr.o)
                0x0000000000115de0                _realloc_r
 .text.__sccl   0x0000000000116280       0xf4 /opt/devkitpro/devkitARM/bin/../lib/gcc/arm-none-eabi/12.2.0/../../../../arm-none-eabi/lib/armv6k/fpu/libg.a(lib_a-sccl.o)
                0x0000000000116280                __sccl
 .text.nanf     0x0000000000116374        0xc /opt/devkitpro/devkitARM/bin/../lib/gcc/arm-none-eabi/12.2.0/../../../../arm-none-eabi/lib/armv6k/fpu/libg.a(lib_a-sf_nan.o)
                0x0000000000116374                nanf
 .text.frexp    0x0000000000116380       0x88 /opt/devkitpro/devkitARM/bin/../lib/gcc/arm-none-eabi/12.2.0/../../../../arm-none-eabi/lib/armv6k/fpu/libg.a(lib_a-s_frexp.o)
                0x0000000000116380                frexp
 .text.sprintf  0x0000000000116408       0x64 /opt/devkitpro/devkitARM/bin/../lib/gcc/arm-none-eabi/12.2.0/../../../../arm-none-eabi/lib/armv6k/fpu/libg.a(lib_a-sprintf.o)
                0x0000000000116408                sprintf
 .text.stpncpy  0x000000000011646c       0xcc /opt/devkitpro/devkitARM/bin/../lib/gcc/arm-none-eabi/12.2.0/../../../../arm-none-eabi/lib/armv6k/fpu/libg.a(lib_a-stpncpy.o)
                0x000000000011646c                stpncpy
 .text.strchr   0x0000000000116538      0x130 /opt/devkitpro/devkitARM/bin/../lib/gcc/arm-none-eabi/12.2.0/../../../../arm-none-eabi/lib/armv6k/fpu/libg.a(lib_a-strchr.o)
                0x0000000000116538                strchr
 .text.sulp     0x0000000000116668       0x64 /opt/devkitpro/devkitARM/bin/../lib/gcc/arm-none-eabi/12.2.0/../../../../arm-none-eabi/lib/armv6k/fpu/libg.a(lib_a-strtod.o)
 *fill*         0x00000000001166cc        0x4 
 .text._strtod_l
                0x00000000001166d0     0x13a8 /opt/devkitpro/devkitARM/bin/../lib/gcc/arm-none-eabi/12.2.0/../../../../arm-none-eabi/lib/armv6k/fpu/libg.a(lib_a-strtod.o)
                0x00000000001166d0                _strtod_l
 .text._strtod_r
                0x0000000000117a78        0xc /opt/devkitpro/devkitARM/bin/../lib/gcc/arm-none-eabi/12.2.0/../../../../arm-none-eabi/lib/armv6k/fpu/libg.a(lib_a-strtod.o)
                0x0000000000117a78                _strtod_r
 .text._strtoll_l.constprop.0
                0x0000000000117a84      0x22c /opt/devkitpro/devkitARM/bin/../lib/gcc/arm-none-eabi/12.2.0/../../../../arm-none-eabi/lib/armv6k/fpu/libg.a(lib_a-strtoll.o)
 .text._strtoll_r
                0x0000000000117cb0        0x4 /opt/devkitpro/devkitARM/bin/../lib/gcc/arm-none-eabi/12.2.0/../../../../arm-none-eabi/lib/armv6k/fpu/libg.a(lib_a-strtoll.o)
                0x0000000000117cb0                _strtoll_r
 .text._strtol_l.part.0
                0x0000000000117cb4      0x1a4 /opt/devkitpro/devkitARM/bin/../lib/gcc/arm-none-eabi/12.2.0/../../../../arm-none-eabi/lib/armv6k/fpu/libg.a(lib_a-strtol.o)
 .text._strtol_r
                0x0000000000117e58       0x3c /opt/devkitpro/devkitARM/bin/../lib/gcc/arm-none-eabi/12.2.0/../../../../arm-none-eabi/lib/armv6k/fpu/libg.a(lib_a-strtol.o)
                0x0000000000117e58                _strtol_r
 .text._strtoull_l.constprop.0
                0x0000000000117e94      0x244 /opt/devkitpro/devkitARM/bin/../lib/gcc/arm-none-eabi/12.2.0/../../../../arm-none-eabi/lib/armv6k/fpu/libg.a(lib_a-strtoull.o)
 .text._strtoull_r
                0x00000000001180d8        0x4 /opt/devkitpro/devkitARM/bin/../lib/gcc/arm-none-eabi/12.2.0/../../../../arm-none-eabi/lib/armv6k/fpu/libg.a(lib_a-strtoull.o)
                0x00000000001180d8                _strtoull_r
 .text.__ssprint_r
                0x00000000001180dc      0x188 /opt/devkitpro/devkitARM/bin/../lib/gcc/arm-none-eabi/12.2.0/../../../../arm-none-eabi/lib/armv6k/fpu/libg.a(lib_a-svfiprintf.o)
                0x00000000001180dc                __ssprint_r
 .text._sungetc_r
                0x0000000000118264       0xd4 /opt/devkitpro/devkitARM/bin/../lib/gcc/arm-none-eabi/12.2.0/../../../../arm-none-eabi/lib/armv6k/fpu/libg.a(lib_a-svfiscanf.o)
                0x0000000000118264                _sungetc_r
 .text.__ssrefill_r
                0x0000000000118338       0x6c /opt/devkitpro/devkitARM/bin/../lib/gcc/arm-none-eabi/12.2.0/../../../../arm-none-eabi/lib/armv6k/fpu/libg.a(lib_a-svfiscanf.o)
                0x0000000000118338                __ssrefill_r
 .text._sfread_r
                0x00000000001183a4       0xc4 /opt/devkitpro/devkitARM/bin/../lib/gcc/arm-none-eabi/12.2.0/../../../../arm-none-eabi/lib/armv6k/fpu/libg.a(lib_a-svfiscanf.o)
                0x00000000001183a4                _sfread_r
 .text.get_arg  0x0000000000118468      0x66c /opt/devkitpro/devkitARM/bin/../lib/gcc/arm-none-eabi/12.2.0/../../../../arm-none-eabi/lib/armv6k/fpu/libg.a(lib_a-svfprintf.o)
 *fill*         0x0000000000118ad4        0x4 
 .text._svfprintf_r
                0x0000000000118ad8     0x3334 /opt/devkitpro/devkitARM/bin/../lib/gcc/arm-none-eabi/12.2.0/../../../../arm-none-eabi/lib/armv6k/fpu/libg.a(lib_a-svfprintf.o)
                0x0000000000118ad8                _svfprintf_r
 .text.__submore
                0x000000000011be0c       0xa8 /opt/devkitpro/devkitARM/bin/../lib/gcc/arm-none-eabi/12.2.0/../../../../arm-none-eabi/lib/armv6k/fpu/libg.a(lib_a-ungetc.o)
                0x000000000011be0c                __submore
 .text.get_arg  0x000000000011beb4      0x66c /opt/devkitpro/devkitARM/bin/../lib/gcc/arm-none-eabi/12.2.0/../../../../arm-none-eabi/lib/armv6k/fpu/libg.a(lib_a-vfiprintf.o)
 .text.__sprint_r
                0x000000000011c520       0x30 /opt/devkitpro/devkitARM/bin/../lib/gcc/arm-none-eabi/12.2.0/../../../../arm-none-eabi/lib/armv6k/fpu/libg.a(lib_a-vfiprintf.o)
                0x000000000011c520                __sprint_r
 .text._vfiprintf_r
                0x000000000011c550     0x22ec /opt/devkitpro/devkitARM/bin/../lib/gcc/arm-none-eabi/12.2.0/../../../../arm-none-eabi/lib/armv6k/fpu/libg.a(lib_a-vfiprintf.o)
                0x000000000011c550                _vfiprintf_r
 .text.__sbprintf
                0x000000000011e83c       0xd0 /opt/devkitpro/devkitARM/bin/../lib/gcc/arm-none-eabi/12.2.0/../../../../arm-none-eabi/lib/armv6k/fpu/libg.a(lib_a-vfiprintf.o)
 .text._wcsnrtombs_l
                0x000000000011e90c      0x188 /opt/devkitpro/devkitARM/bin/../lib/gcc/arm-none-eabi/12.2.0/../../../../arm-none-eabi/lib/armv6k/fpu/libg.a(lib_a-wcsnrtombs.o)
                0x000000000011e90c                _wcsnrtombs_l
 .text._wcsnrtombs_r
                0x000000000011ea94       0x4c /opt/devkitpro/devkitARM/bin/../lib/gcc/arm-none-eabi/12.2.0/../../../../arm-none-eabi/lib/armv6k/fpu/libg.a(lib_a-wcsnrtombs.o)
                0x000000000011ea94                _wcsnrtombs_r
 .text.__utf8_wctomb
                0x000000000011eae0       0xf0 /opt/devkitpro/devkitARM/bin/../lib/gcc/arm-none-eabi/12.2.0/../../../../arm-none-eabi/lib/armv6k/fpu/libg.a(lib_a-wctomb_r.o)
                0x000000000011eae0                __utf8_wctomb
 .text.__assert_func
                0x000000000011ebd0       0x5c /opt/devkitpro/devkitARM/bin/../lib/gcc/arm-none-eabi/12.2.0/../../../../arm-none-eabi/lib/armv6k/fpu/libg.a(lib_a-assert.o)
                0x000000000011ebd0                __assert_func
 .text._calloc_r
                0x000000000011ec2c       0xc0 /opt/devkitpro/devkitARM/bin/../lib/gcc/arm-none-eabi/12.2.0/../../../../arm-none-eabi/lib/armv6k/fpu/libg.a(lib_a-callocr.o)
                0x000000000011ec2c                _calloc_r
 .text.fiprintf
                0x000000000011ecec       0x3c /opt/devkitpro/devkitARM/bin/../lib/gcc/arm-none-eabi/12.2.0/../../../../arm-none-eabi/lib/armv6k/fpu/libg.a(lib_a-fiprintf.o)
                0x000000000011ecec                fiprintf
 .text.__sfvwrite_r
                0x000000000011ed28      0x4b4 /opt/devkitpro/devkitARM/bin/../lib/gcc/arm-none-eabi/12.2.0/../../../../arm-none-eabi/lib/armv6k/fpu/libg.a(lib_a-fvwrite.o)
                0x000000000011ed28                __sfvwrite_r
 .text.rshift   0x000000000011f1dc       0xf0 /opt/devkitpro/devkitARM/bin/../lib/gcc/arm-none-eabi/12.2.0/../../../../arm-none-eabi/lib/armv6k/fpu/libg.a(lib_a-gdtoa-gethex.o)
 .text.__gethex
                0x000000000011f2cc      0x814 /opt/devkitpro/devkitARM/bin/../lib/gcc/arm-none-eabi/12.2.0/../../../../arm-none-eabi/lib/armv6k/fpu/libg.a(lib_a-gdtoa-gethex.o)
                0x000000000011f2cc                __gethex
 .text.__match  0x000000000011fae0       0x4c /opt/devkitpro/devkitARM/bin/../lib/gcc/arm-none-eabi/12.2.0/../../../../arm-none-eabi/lib/armv6k/fpu/libg.a(lib_a-gdtoa-hexnan.o)
                0x000000000011fae0                __match
 .text.__hexnan
                0x000000000011fb2c      0x29c /opt/devkitpro/devkitARM/bin/../lib/gcc/arm-none-eabi/12.2.0/../../../../arm-none-eabi/lib/armv6k/fpu/libg.a(lib_a-gdtoa-hexnan.o)
                0x000000000011fb2c                __hexnan
 .text.iswspace_l
                0x000000000011fdc8       0x3c /opt/devkitpro/devkitARM/bin/../lib/gcc/arm-none-eabi/12.2.0/../../../../arm-none-eabi/lib/armv6k/fpu/libg.a(lib_a-iswspace_l.o)
                0x000000000011fdc8                iswspace_l
 .text.__jp2uc  0x000000000011fe04      0x1d8 /opt/devkitpro/devkitARM/bin/../lib/gcc/arm-none-eabi/12.2.0/../../../../arm-none-eabi/lib/armv6k/fpu/libg.a(lib_a-jp2uc.o)
 .text._jp2uc_l
                0x000000000011ffdc       0x9c /opt/devkitpro/devkitARM/bin/../lib/gcc/arm-none-eabi/12.2.0/../../../../arm-none-eabi/lib/armv6k/fpu/libg.a(lib_a-jp2uc.o)
                0x000000000011ffdc                _jp2uc_l
 .text.memmove  0x0000000000120078      0x150 /opt/devkitpro/devkitARM/bin/../lib/gcc/arm-none-eabi/12.2.0/../../../../arm-none-eabi/lib/armv6k/fpu/libg.a(lib_a-memmove.o)
                0x0000000000120078                memmove
 .text.nan      0x00000000001201c8       0x10 /opt/devkitpro/devkitARM/bin/../lib/gcc/arm-none-eabi/12.2.0/../../../../arm-none-eabi/lib/armv6k/fpu/libg.a(lib_a-s_nan.o)
                0x00000000001201c8                nan
 .text.abort    0x00000000001201d8       0x14 /opt/devkitpro/devkitARM/bin/../lib/gcc/arm-none-eabi/12.2.0/../../../../arm-none-eabi/lib/armv6k/fpu/libg.a(lib_a-abort.o)
                0x00000000001201d8                abort
 .text.category
                0x00000000001201ec       0x8c /opt/devkitpro/devkitARM/bin/../lib/gcc/arm-none-eabi/12.2.0/../../../../arm-none-eabi/lib/armv6k/fpu/libg.a(lib_a-categories.o)
                0x00000000001201ec                category
 .text._raise_r
                0x0000000000120278       0x90 /opt/devkitpro/devkitARM/bin/../lib/gcc/arm-none-eabi/12.2.0/../../../../arm-none-eabi/lib/armv6k/fpu/libg.a(lib_a-signal.o)
                0x0000000000120278                _raise_r
 .text.raise    0x0000000000120308       0x18 /opt/devkitpro/devkitARM/bin/../lib/gcc/arm-none-eabi/12.2.0/../../../../arm-none-eabi/lib/armv6k/fpu/libg.a(lib_a-signal.o)
                0x0000000000120308                raise
 .text.null_write
                0x0000000000120320        0x8 /opt/devkitpro/devkitARM/bin/../lib/gcc/arm-none-eabi/12.2.0/../../../../arm-none-eabi/lib/armv6k/fpu/libsysbase.a(iosupport.o)
 .text.setDefaultDevice
                0x0000000000120328       0x18 /opt/devkitpro/devkitARM/bin/../lib/gcc/arm-none-eabi/12.2.0/../../../../arm-none-eabi/lib/armv6k/fpu/libsysbase.a(iosupport.o)
                0x0000000000120328                setDefaultDevice
 .text.FindDevice
                0x0000000000120340       0xc8 /opt/devkitpro/devkitARM/bin/../lib/gcc/arm-none-eabi/12.2.0/../../../../arm-none-eabi/lib/armv6k/fpu/libsysbase.a(iosupport.o)
                0x0000000000120340                FindDevice
 .text.RemoveDevice
                0x0000000000120408       0x28 /opt/devkitpro/devkitARM/bin/../lib/gcc/arm-none-eabi/12.2.0/../../../../arm-none-eabi/lib/armv6k/fpu/libsysbase.a(iosupport.o)
                0x0000000000120408                RemoveDevice
 .text.AddDevice
                0x0000000000120430       0x9c /opt/devkitpro/devkitARM/bin/../lib/gcc/arm-none-eabi/12.2.0/../../../../arm-none-eabi/lib/armv6k/fpu/libsysbase.a(iosupport.o)
                0x0000000000120430                AddDevice
 .text.GetDeviceOpTab
                0x00000000001204cc       0x20 /opt/devkitpro/devkitARM/bin/../lib/gcc/arm-none-eabi/12.2.0/../../../../arm-none-eabi/lib/armv6k/fpu/libsysbase.a(iosupport.o)
                0x00000000001204cc                GetDeviceOpTab
 .text._fstat_r
                0x00000000001204ec       0x78 /opt/devkitpro/devkitARM/bin/../lib/gcc/arm-none-eabi/12.2.0/../../../../arm-none-eabi/lib/armv6k/fpu/libsysbase.a(fstat.o)
                0x00000000001204ec                _fstat_r
 .text._getpid_r
                0x0000000000120564       0x14 /opt/devkitpro/devkitARM/bin/../lib/gcc/arm-none-eabi/12.2.0/../../../../arm-none-eabi/lib/armv6k/fpu/libsysbase.a(getpid.o)
                0x0000000000120564                _getpid_r
 .text._isatty_r
                0x0000000000120578        0x8 /opt/devkitpro/devkitARM/bin/../lib/gcc/arm-none-eabi/12.2.0/../../../../arm-none-eabi/lib/armv6k/fpu/libsysbase.a(isatty.o)
                0x0000000000120578                _isatty_r
 .text._kill_r  0x0000000000120580       0x14 /opt/devkitpro/devkitARM/bin/../lib/gcc/arm-none-eabi/12.2.0/../../../../arm-none-eabi/lib/armv6k/fpu/libsysbase.a(kill.o)
                0x0000000000120580                _kill_r
 .text._lseek_r
                0x0000000000120594       0x84 /opt/devkitpro/devkitARM/bin/../lib/gcc/arm-none-eabi/12.2.0/../../../../arm-none-eabi/lib/armv6k/fpu/libsysbase.a(lseek.o)
                0x0000000000120594                _lseek_r
 .text._read_r  0x0000000000120618       0x80 /opt/devkitpro/devkitARM/bin/../lib/gcc/arm-none-eabi/12.2.0/../../../../arm-none-eabi/lib/armv6k/fpu/libsysbase.a(read.o)
                0x0000000000120618                _read_r
 .text._sbrk_r  0x0000000000120698       0x78 /opt/devkitpro/devkitARM/bin/../lib/gcc/arm-none-eabi/12.2.0/../../../../arm-none-eabi/lib/armv6k/fpu/libsysbase.a(sbrk.o)
                0x0000000000120698                _sbrk_r
 .text._write_r
                0x0000000000120710       0x80 /opt/devkitpro/devkitARM/bin/../lib/gcc/arm-none-eabi/12.2.0/../../../../arm-none-eabi/lib/armv6k/fpu/libsysbase.a(write.o)
                0x0000000000120710                _write_r
 .text._exit    0x0000000000120790       0x20 /opt/devkitpro/devkitARM/bin/../lib/gcc/arm-none-eabi/12.2.0/../../../../arm-none-eabi/lib/armv6k/fpu/libsysbase.a(_exit.o)
                0x0000000000120790                _exit
 .text._concatenate_path
                0x00000000001207b0      0x1a4 /opt/devkitpro/devkitARM/bin/../lib/gcc/arm-none-eabi/12.2.0/../../../../arm-none-eabi/lib/armv6k/fpu/libsysbase.a(chdir.o)
                0x00000000001207b0                _concatenate_path
 .text.chdir    0x0000000000120954      0x140 /opt/devkitpro/devkitARM/bin/../lib/gcc/arm-none-eabi/12.2.0/../../../../arm-none-eabi/lib/armv6k/fpu/libsysbase.a(chdir.o)
                0x0000000000120954                chdir
 .text.__flockfile
                0x0000000000120a94        0x8 /opt/devkitpro/devkitARM/bin/../lib/gcc/arm-none-eabi/12.2.0/../../../../arm-none-eabi/lib/armv6k/fpu/libsysbase.a(flock.o)
                0x0000000000120a94                __flockfile
 .text.__funlockfile
                0x0000000000120a9c        0x8 /opt/devkitpro/devkitARM/bin/../lib/gcc/arm-none-eabi/12.2.0/../../../../arm-none-eabi/lib/armv6k/fpu/libsysbase.a(flock.o)
                0x0000000000120a9c                __funlockfile
 .text.__get_handle
                0x0000000000120aa4       0x3c /opt/devkitpro/devkitARM/bin/../lib/gcc/arm-none-eabi/12.2.0/../../../../arm-none-eabi/lib/armv6k/fpu/libsysbase.a(handle_manager.o)
                0x0000000000120aa4                __get_handle
 .text._close_r
                0x0000000000120ae0       0xf4 /opt/devkitpro/devkitARM/bin/../lib/gcc/arm-none-eabi/12.2.0/../../../../arm-none-eabi/lib/armv6k/fpu/libsysbase.a(handle_manager.o)
                0x0000000000120ae0                _close_r
 .text.__getreent
                0x0000000000120bd4       0x2c /opt/devkitpro/devkitARM/bin/../lib/gcc/arm-none-eabi/12.2.0/../../../../arm-none-eabi/lib/armv6k/fpu/libsysbase.a(getreent.o)
                0x0000000000120bd4                __getreent
 .text.__libc_lock_acquire
                0x0000000000120c00       0x1c /opt/devkitpro/devkitARM/bin/../lib/gcc/arm-none-eabi/12.2.0/../../../../arm-none-eabi/lib/armv6k/fpu/libsysbase.a(syscall_support.o)
                0x0000000000120c00                __libc_lock_acquire
 .text.__libc_lock_release
                0x0000000000120c1c       0x1c /opt/devkitpro/devkitARM/bin/../lib/gcc/arm-none-eabi/12.2.0/../../../../arm-none-eabi/lib/armv6k/fpu/libsysbase.a(syscall_support.o)
                0x0000000000120c1c                __libc_lock_release
 .text.__libc_lock_init_recursive
                0x0000000000120c38       0x1c /opt/devkitpro/devkitARM/bin/../lib/gcc/arm-none-eabi/12.2.0/../../../../arm-none-eabi/lib/armv6k/fpu/libsysbase.a(syscall_support.o)
                0x0000000000120c38                __libc_lock_init_recursive
 .text.__libc_lock_acquire_recursive
                0x0000000000120c54       0x1c /opt/devkitpro/devkitARM/bin/../lib/gcc/arm-none-eabi/12.2.0/../../../../arm-none-eabi/lib/armv6k/fpu/libsysbase.a(syscall_support.o)
                0x0000000000120c54                __libc_lock_acquire_recursive
 .text.__libc_lock_release_recursive
                0x0000000000120c70       0x1c /opt/devkitpro/devkitARM/bin/../lib/gcc/arm-none-eabi/12.2.0/../../../../arm-none-eabi/lib/armv6k/fpu/libsysbase.a(syscall_support.o)
                0x0000000000120c70                __libc_lock_release_recursive
 .text.__libc_lock_close_recursive
                0x0000000000120c8c       0x1c /opt/devkitpro/devkitARM/bin/../lib/gcc/arm-none-eabi/12.2.0/../../../../arm-none-eabi/lib/armv6k/fpu/libsysbase.a(syscall_support.o)
                0x0000000000120c8c                __libc_lock_close_recursive
 .text.__fixdfdi
                0x0000000000120ca8       0x38 /opt/devkitpro/devkitARM/bin/../lib/gcc/arm-none-eabi/12.2.0/armv6k/fpu/libgcc.a(_fixdfdi.o)
                0x0000000000120ca8                __aeabi_d2lz
                0x0000000000120ca8                __fixdfdi
 .text.__fixunsdfdi
                0x0000000000120ce0       0x40 /opt/devkitpro/devkitARM/bin/../lib/gcc/arm-none-eabi/12.2.0/armv6k/fpu/libgcc.a(_fixunsdfdi.o)
                0x0000000000120ce0                __aeabi_d2ulz
                0x0000000000120ce0                __fixunsdfdi
 .text.strrchr  0x0000000000120d20       0x48 /opt/devkitpro/devkitARM/bin/../lib/gcc/arm-none-eabi/12.2.0/../../../../arm-none-eabi/lib/armv6k/fpu/libg.a(lib_a-strrchr.o)
                0x0000000000120d20                strrchr
 *(.glue_7)
 .glue_7        0x0000000000120d68        0x0 linker stubs
 *(.glue_7t)
 .glue_7t       0x0000000000120d68        0x0 linker stubs
 *(.stub)
 *(.gnu.warning)
 *(.gnu.linkonce.t*)
                0x0000000000120d68                . = ALIGN (0x4)
 *(.fini)
 .fini          0x0000000000120d68        0xc /opt/devkitpro/devkitARM/bin/../lib/gcc/arm-none-eabi/12.2.0/armv6k/fpu/crti.o
                0x0000000000120d68                _fini
 .fini          0x0000000000120d74        0xc /opt/devkitpro/devkitARM/bin/../lib/gcc/arm-none-eabi/12.2.0/armv6k/fpu/crtn.o
                0x0000000000120d80                . = ALIGN (0x4)

.vfp11_veneer   0x0000000000120d80        0x0
 .vfp11_veneer  0x0000000000120d80        0x0 linker stubs

.v4_bx          0x0000000000120d80        0x0
 .v4_bx         0x0000000000120d80        0x0 linker stubs

.iplt           0x0000000000120d80        0x0
 .iplt          0x0000000000120d80        0x0 /opt/devkitpro/devkitARM/bin/../lib/gcc/arm-none-eabi/12.2.0/../../../../arm-none-eabi/lib/armv6k/fpu/3dsx_crt0.o
                0x0000000000121000                . = ALIGN (0x1000)

.rodata         0x0000000000121000    0x400f0
 *(.rodata)
 .rodata        0x0000000000121000        0x3 /opt/devkitpro/libctru/lib/libctru.a(apt.o)
 *fill*         0x0000000000121003        0x1 
 .rodata        0x0000000000121004        0xc /opt/devkitpro/libctru/lib/libctru.a(archive_dev.o)
 *(.roda)
 *(.rodata.*)
 .rodata.brew_bgr
                0x0000000000121010    0x38400 brew.bgr.o
                0x0000000000121010                brew_bgr
                0x0000000000159410                brew_bgr_end
 .rodata.str1.4
                0x0000000000159410       0x4d main.o
 *fill*         0x000000000015945d        0x3 
 .rodata.parseColor.str1.4
                0x0000000000159460       0x1b /opt/devkitpro/libctru/lib/libctru.a(console.o)
 *fill*         0x000000000015947b        0x1 
 .rodata.con_write.str1.4
                0x000000000015947c       0x4a /opt/devkitpro/libctru/lib/libctru.a(console.o)
 *fill*         0x00000000001594c6        0x2 
 .rodata.str1.4
                0x00000000001594c8       0x10 /opt/devkitpro/libctru/lib/libctru.a(console.o)
 .rodata.dotab_stdout
                0x00000000001594d8       0x70 /opt/devkitpro/libctru/lib/libctru.a(console.o)
 .rodata.grayScale
                0x0000000000159548       0x18 /opt/devkitpro/libctru/lib/libctru.a(console.o)
 .rodata.colorCube
                0x0000000000159560        0x6 /opt/devkitpro/libctru/lib/libctru.a(console.o)
 *fill*         0x0000000000159566        0x2 
 .rodata.colorTable
                0x0000000000159568       0x30 /opt/devkitpro/libctru/lib/libctru.a(console.o)
 .rodata.gspInit.str1.4
                0x0000000000159598        0x9 /opt/devkitpro/libctru/lib/libctru.a(gspgpu.o)
 *fill*         0x00000000001595a1        0x3 
 .rodata.aptSendCommand.str1.4
                0x00000000001595a4       0x16 /opt/devkitpro/libctru/lib/libctru.a(apt.o)
 *fill*         0x00000000001595ba        0x2 
 .rodata.morton_y.2
                0x00000000001595bc        0x8 /opt/devkitpro/libctru/lib/libctru.a(apt.o)
 .rodata.morton_x.3
                0x00000000001595c4        0x8 /opt/devkitpro/libctru/lib/libctru.a(apt.o)
 .rodata.s_sleepWakeEvents.4
                0x00000000001595cc        0x8 /opt/devkitpro/libctru/lib/libctru.a(apt.o)
 .rodata.hidInit.str1.4
                0x00000000001595d4       0x15 /opt/devkitpro/libctru/lib/libctru.a(hid.o)
 *fill*         0x00000000001595e9        0x3 
 .rodata.__system_initArgv.str1.4
                0x00000000001595ec        0xa /opt/devkitpro/libctru/lib/libctru.a(initArgv.o)
 *fill*         0x00000000001595f6        0x2 
 .rodata.default_font_bin
                0x00000000001595f8      0x800 /opt/devkitpro/libctru/lib/libctru.a(default_font.bin.o)
                0x00000000001595f8                default_font_bin
                0x0000000000159df8                default_font_bin_end
 .rodata.srvInit.str1.4
                0x0000000000159df8        0x5 /opt/devkitpro/libctru/lib/libctru.a(srv.o)
 *fill*         0x0000000000159dfd        0x3 
 .rodata.irrstInit.str1.4
                0x0000000000159e00        0x7 /opt/devkitpro/libctru/lib/libctru.a(irrst.o)
 *fill*         0x0000000000159e07        0x1 
 .rodata.ptmSysmInit.str1.4
                0x0000000000159e08        0x9 /opt/devkitpro/libctru/lib/libctru.a(ptmsysm.o)
 *fill*         0x0000000000159e11        0x3 
 .rodata._archiveUnmountDeviceStruct.part.0.str1.4
                0x0000000000159e14        0x2 /opt/devkitpro/libctru/lib/libctru.a(archive_dev.o)
 *fill*         0x0000000000159e16        0x2 
 .rodata._archiveMountDevice.str1.4
                0x0000000000159e18        0x8 /opt/devkitpro/libctru/lib/libctru.a(archive_dev.o)
                                          0xc (size before relaxing)
 .rodata.archiveMountSdmc.str1.4
                0x0000000000159e20        0x5 /opt/devkitpro/libctru/lib/libctru.a(archive_dev.o)
 *fill*         0x0000000000159e25        0x3 
 .rodata.error_table
                0x0000000000159e28       0x30 /opt/devkitpro/libctru/lib/libctru.a(archive_dev.o)
 .rodata.str1.4
                0x0000000000159e58        0x8 /opt/devkitpro/libctru/lib/libctru.a(archive_dev.o)
 .rodata.archive_devoptab
                0x0000000000159e60       0x70 /opt/devkitpro/libctru/lib/libctru.a(archive_dev.o)
 .rodata.fsInit.str1.4
                0x0000000000159ed0        0x8 /opt/devkitpro/libctru/lib/libctru.a(fs.o)
 .rodata._global_impure_ptr
                0x0000000000159ed8        0x4 /opt/devkitpro/devkitARM/bin/../lib/gcc/arm-none-eabi/12.2.0/../../../../arm-none-eabi/lib/armv6k/fpu/libg.a(lib_a-impure.o)
                0x0000000000159ed8                _global_impure_ptr
 .rodata.__ssvfscanf_r.str1.1
                0x0000000000159edc        0x5 /opt/devkitpro/devkitARM/bin/../lib/gcc/arm-none-eabi/12.2.0/../../../../arm-none-eabi/lib/armv6k/fpu/libg.a(lib_a-svfscanf.o)
                                          0x6 (size before relaxing)
 *fill*         0x0000000000159ee1        0x3 
 .rodata.basefix.0
                0x0000000000159ee4       0x22 /opt/devkitpro/devkitARM/bin/../lib/gcc/arm-none-eabi/12.2.0/../../../../arm-none-eabi/lib/armv6k/fpu/libg.a(lib_a-svfscanf.o)
 .rodata._vfprintf_r.str1.1
                0x0000000000159f06       0x3b /opt/devkitpro/devkitARM/bin/../lib/gcc/arm-none-eabi/12.2.0/../../../../arm-none-eabi/lib/armv6k/fpu/libg.a(lib_a-vfprintf.o)
 *fill*         0x0000000000159f41        0x3 
 .rodata.zeroes.0
                0x0000000000159f44       0x10 /opt/devkitpro/devkitARM/bin/../lib/gcc/arm-none-eabi/12.2.0/../../../../arm-none-eabi/lib/armv6k/fpu/libg.a(lib_a-vfprintf.o)
 .rodata.blanks.1
                0x0000000000159f54       0x10 /opt/devkitpro/devkitARM/bin/../lib/gcc/arm-none-eabi/12.2.0/../../../../arm-none-eabi/lib/armv6k/fpu/libg.a(lib_a-vfprintf.o)
 .rodata._ctype_
                0x0000000000159f64      0x101 /opt/devkitpro/devkitARM/bin/../lib/gcc/arm-none-eabi/12.2.0/../../../../arm-none-eabi/lib/armv6k/fpu/libg.a(lib_a-ctype_.o)
                0x0000000000159f64                _ctype_
 *fill*         0x000000000015a065        0x3 
 .rodata._dtoa_r.str1.4
                0x000000000015a068       0x70 /opt/devkitpro/devkitARM/bin/../lib/gcc/arm-none-eabi/12.2.0/../../../../arm-none-eabi/lib/armv6k/fpu/libg.a(lib_a-dtoa.o)
 .rodata.str1.4
                0x000000000015a0d8       0x48 /opt/devkitpro/devkitARM/bin/../lib/gcc/arm-none-eabi/12.2.0/../../../../arm-none-eabi/lib/armv6k/fpu/libg.a(lib_a-locale.o)
                                         0x4c (size before relaxing)
 .rodata._mbrtowc_r.str1.4
                0x000000000015a120        0x1 /opt/devkitpro/devkitARM/bin/../lib/gcc/arm-none-eabi/12.2.0/../../../../arm-none-eabi/lib/armv6k/fpu/libg.a(lib_a-mbrtowc.o)
 .rodata.__multadd.str1.4
                0x000000000015a120       0x49 /opt/devkitpro/devkitARM/bin/../lib/gcc/arm-none-eabi/12.2.0/../../../../arm-none-eabi/lib/armv6k/fpu/libg.a(lib_a-mprec.o)
                                         0x5d (size before relaxing)
 *fill*         0x000000000015a169        0x3 
 .rodata.p05.0  0x000000000015a16c        0xc /opt/devkitpro/devkitARM/bin/../lib/gcc/arm-none-eabi/12.2.0/../../../../arm-none-eabi/lib/armv6k/fpu/libg.a(lib_a-mprec.o)
 .rodata.__mprec_bigtens
                0x000000000015a178       0x28 /opt/devkitpro/devkitARM/bin/../lib/gcc/arm-none-eabi/12.2.0/../../../../arm-none-eabi/lib/armv6k/fpu/libg.a(lib_a-mprec.o)
                0x000000000015a178                __mprec_bigtens
 .rodata.__mprec_tens
                0x000000000015a1a0       0xc8 /opt/devkitpro/devkitARM/bin/../lib/gcc/arm-none-eabi/12.2.0/../../../../arm-none-eabi/lib/armv6k/fpu/libg.a(lib_a-mprec.o)
                0x000000000015a1a0                __mprec_tens
 .rodata._strtod_l.str1.4
                0x000000000015a268        0xf /opt/devkitpro/devkitARM/bin/../lib/gcc/arm-none-eabi/12.2.0/../../../../arm-none-eabi/lib/armv6k/fpu/libg.a(lib_a-strtod.o)
                                         0x15 (size before relaxing)
 *fill*         0x000000000015a277        0x1 
 .rodata.fpinan.0
                0x000000000015a278       0x14 /opt/devkitpro/devkitARM/bin/../lib/gcc/arm-none-eabi/12.2.0/../../../../arm-none-eabi/lib/armv6k/fpu/libg.a(lib_a-strtod.o)
 .rodata.fpi.1  0x000000000015a28c       0x14 /opt/devkitpro/devkitARM/bin/../lib/gcc/arm-none-eabi/12.2.0/../../../../arm-none-eabi/lib/armv6k/fpu/libg.a(lib_a-strtod.o)
 .rodata.tinytens
                0x000000000015a2a0       0x28 /opt/devkitpro/devkitARM/bin/../lib/gcc/arm-none-eabi/12.2.0/../../../../arm-none-eabi/lib/armv6k/fpu/libg.a(lib_a-strtod.o)
 .rodata.__action_table
                0x000000000015a2c8       0x6c /opt/devkitpro/devkitARM/bin/../lib/gcc/arm-none-eabi/12.2.0/../../../../arm-none-eabi/lib/armv6k/fpu/libg.a(lib_a-svfiprintf.o)
                0x000000000015a2c8                __action_table
 .rodata.__state_table
                0x000000000015a334       0x6c /opt/devkitpro/devkitARM/bin/../lib/gcc/arm-none-eabi/12.2.0/../../../../arm-none-eabi/lib/armv6k/fpu/libg.a(lib_a-svfiprintf.o)
                0x000000000015a334                __state_table
 .rodata.__chclass
                0x000000000015a3a0      0x100 /opt/devkitpro/devkitARM/bin/../lib/gcc/arm-none-eabi/12.2.0/../../../../arm-none-eabi/lib/armv6k/fpu/libg.a(lib_a-svfiprintf.o)
                0x000000000015a3a0                __chclass
 .rodata._svfprintf_r.str1.1
                0x000000000015a4a0       0x3b /opt/devkitpro/devkitARM/bin/../lib/gcc/arm-none-eabi/12.2.0/../../../../arm-none-eabi/lib/armv6k/fpu/libg.a(lib_a-svfprintf.o)
 .rodata.zeroes.0
                0x000000000015a4a0       0x10 /opt/devkitpro/devkitARM/bin/../lib/gcc/arm-none-eabi/12.2.0/../../../../arm-none-eabi/lib/armv6k/fpu/libg.a(lib_a-svfprintf.o)
 .rodata.blanks.1
                0x000000000015a4b0       0x10 /opt/devkitpro/devkitARM/bin/../lib/gcc/arm-none-eabi/12.2.0/../../../../arm-none-eabi/lib/armv6k/fpu/libg.a(lib_a-svfprintf.o)
 .rodata._vfiprintf_r.str1.1
                0x000000000015a4c0       0x29 /opt/devkitpro/devkitARM/bin/../lib/gcc/arm-none-eabi/12.2.0/../../../../arm-none-eabi/lib/armv6k/fpu/libg.a(lib_a-vfiprintf.o)
 .rodata.zeroes.0
                0x000000000015a4c0       0x10 /opt/devkitpro/devkitARM/bin/../lib/gcc/arm-none-eabi/12.2.0/../../../../arm-none-eabi/lib/armv6k/fpu/libg.a(lib_a-vfiprintf.o)
 .rodata.blanks.1
                0x000000000015a4d0       0x10 /opt/devkitpro/devkitARM/bin/../lib/gcc/arm-none-eabi/12.2.0/../../../../arm-none-eabi/lib/armv6k/fpu/libg.a(lib_a-vfiprintf.o)
 .rodata.__assert_func.str1.4
                0x000000000015a4e0       0x3f /opt/devkitpro/devkitARM/bin/../lib/gcc/arm-none-eabi/12.2.0/../../../../arm-none-eabi/lib/armv6k/fpu/libg.a(lib_a-assert.o)
                                         0x43 (size before relaxing)
 *fill*         0x000000000015a51f        0x1 
 .rodata.__gethex.str1.4
                0x000000000015a520       0x50 /opt/devkitpro/devkitARM/bin/../lib/gcc/arm-none-eabi/12.2.0/../../../../arm-none-eabi/lib/armv6k/fpu/libg.a(lib_a-gdtoa-gethex.o)
                                         0x68 (size before relaxing)
 .rodata.__hexdig
                0x000000000015a570      0x100 /opt/devkitpro/devkitARM/bin/../lib/gcc/arm-none-eabi/12.2.0/../../../../arm-none-eabi/lib/armv6k/fpu/libg.a(lib_a-gdtoa-gethex.o)
                0x000000000015a570                __hexdig
 .rodata._jp2uc_l.str1.4
                0x000000000015a670       0x12 /opt/devkitpro/devkitARM/bin/../lib/gcc/arm-none-eabi/12.2.0/../../../../arm-none-eabi/lib/armv6k/fpu/libg.a(lib_a-jp2uc.o)
 *fill*         0x000000000015a682        0x2 
 .rodata.d02f4  0x000000000015a684     0x1a7c /opt/devkitpro/devkitARM/bin/../lib/gcc/arm-none-eabi/12.2.0/../../../../arm-none-eabi/lib/armv6k/fpu/libg.a(lib_a-jp2uc.o)
 .rodata.b02cf  0x000000000015c100     0x172a /opt/devkitpro/devkitARM/bin/../lib/gcc/arm-none-eabi/12.2.0/../../../../arm-none-eabi/lib/armv6k/fpu/libg.a(lib_a-jp2uc.o)
 *fill*         0x000000000015d82a        0x2 
 .rodata.a8     0x000000000015d82c       0x40 /opt/devkitpro/devkitARM/bin/../lib/gcc/arm-none-eabi/12.2.0/../../../../arm-none-eabi/lib/armv6k/fpu/libg.a(lib_a-jp2uc.o)
 .rodata.a7     0x000000000015d86c       0xa2 /opt/devkitpro/devkitARM/bin/../lib/gcc/arm-none-eabi/12.2.0/../../../../arm-none-eabi/lib/armv6k/fpu/libg.a(lib_a-jp2uc.o)
 *fill*         0x000000000015d90e        0x2 
 .rodata.a6     0x000000000015d910       0x70 /opt/devkitpro/devkitARM/bin/../lib/gcc/arm-none-eabi/12.2.0/../../../../arm-none-eabi/lib/armv6k/fpu/libg.a(lib_a-jp2uc.o)
 .rodata.a3     0x000000000015d980       0x5b /opt/devkitpro/devkitARM/bin/../lib/gcc/arm-none-eabi/12.2.0/../../../../arm-none-eabi/lib/armv6k/fpu/libg.a(lib_a-jp2uc.o)
 *fill*         0x000000000015d9db        0x1 
 .rodata.a2     0x000000000015d9dc       0xbc /opt/devkitpro/devkitARM/bin/../lib/gcc/arm-none-eabi/12.2.0/../../../../arm-none-eabi/lib/armv6k/fpu/libg.a(lib_a-jp2uc.o)
 .rodata.a1     0x000000000015da98       0xbc /opt/devkitpro/devkitARM/bin/../lib/gcc/arm-none-eabi/12.2.0/../../../../arm-none-eabi/lib/armv6k/fpu/libg.a(lib_a-jp2uc.o)
 .rodata.categories
                0x000000000015db54     0x3528 /opt/devkitpro/devkitARM/bin/../lib/gcc/arm-none-eabi/12.2.0/../../../../arm-none-eabi/lib/armv6k/fpu/libg.a(lib_a-categories.o)
 .rodata.AddDevice.str1.4
                0x000000000016107c        0x8 /opt/devkitpro/devkitARM/bin/../lib/gcc/arm-none-eabi/12.2.0/../../../../arm-none-eabi/lib/armv6k/fpu/libsysbase.a(iosupport.o)
 .rodata.dotab_stdnull