Archive member included to satisfy reference by file (symbol)

/opt/devkitpro/libctru/lib/libctru.a(console.o)
                              keyboardDemo.o (consoleInit)
/opt/devkitpro/libctru/lib/libctru.a(gfx.o)
                              /opt/devkitpro/libctru/lib/libctru.a(console.o) (gfxIsWide)
/opt/devkitpro/libctru/lib/libctru.a(gspgpu.o)
                              /opt/devkitpro/libctru/lib/libctru.a(gfx.o) (gspInit)
/opt/devkitpro/libctru/lib/libctru.a(apt.o)
                              keyboardDemo.o (aptSetChainloaderToSelf)
/opt/devkitpro/libctru/lib/libctru.a(hid.o)
                              keyboardDemo.o (hidScanInput)
/opt/devkitpro/libctru/lib/libctru.a(swkbd.o)
                              keyboardDemo.o (swkbdInit)
/opt/devkitpro/libctru/lib/libctru.a(utf16_to_utf8.o)
                              /opt/devkitpro/libctru/lib/libctru.a(swkbd.o) (utf16_to_utf8)
/opt/devkitpro/libctru/lib/libctru.a(decode_utf16.o)
                              /opt/devkitpro/libctru/lib/libctru.a(utf16_to_utf8.o) (decode_utf16)
/opt/devkitpro/libctru/lib/libctru.a(utf8_to_utf16.o)
                              /opt/devkitpro/libctru/lib/libctru.a(swkbd.o) (utf8_to_utf16)
/opt/devkitpro/libctru/lib/libctru.a(ctru_init.o)
                              /opt/devkitpro/libctru/lib/libctru.a(apt.o) (__system_retAddr)
/opt/devkitpro/libctru/lib/libctru.a(initArgv.o)
                              /opt/devkitpro/libctru/lib/libctru.a(ctru_init.o) (__system_initArgv)
/opt/devkitpro/libctru/lib/libctru.a(svc.o)
                              /opt/devkitpro/libctru/lib/libctru.a(apt.o) (svcSleepThread)
/opt/devkitpro/libctru/lib/libctru.a(stack_adjust.o)
                              /opt/devkitpro/devkitARM/bin/../lib/gcc/arm-none-eabi/12.2.0/../../../../arm-none-eabi/lib/armv6k/fpu/3dsx_crt0.o (initSystem)
/opt/devkitpro/libctru/lib/libctru.a(default_font.bin.o)
                              /opt/devkitpro/libctru/lib/libctru.a(console.o) (default_font_bin)
/opt/devkitpro/libctru/lib/libctru.a(vram.o)
                              /opt/devkitpro/libctru/lib/libctru.a(gfx.o) (vramAlloc)
/opt/devkitpro/libctru/lib/libctru.a(linear.o)
                              /opt/devkitpro/libctru/lib/libctru.a(gfx.o) (linearAlloc)
/opt/devkitpro/libctru/lib/libctru.a(mem_pool.o)
                              /opt/devkitpro/libctru/lib/libctru.a(vram.o) (MemPool::Allocate(MemChunk&, unsigned long, int))
/opt/devkitpro/libctru/lib/libctru.a(synchronization.o)
                              /opt/devkitpro/libctru/lib/libctru.a(ctru_init.o) (__sync_init)
/opt/devkitpro/libctru/lib/libctru.a(os.o)
                              /opt/devkitpro/libctru/lib/libctru.a(apt.o) (__ctru_speedup_config)
/opt/devkitpro/libctru/lib/libctru.a(3dslink.o)
                              /opt/devkitpro/libctru/lib/libctru.a(initArgv.o) (__3dslink_host)
/opt/devkitpro/libctru/lib/libctru.a(srv.o)
                              /opt/devkitpro/libctru/lib/libctru.a(apt.o) (srvInit)
/opt/devkitpro/libctru/lib/libctru.a(thread.o)
                              /opt/devkitpro/libctru/lib/libctru.a(gspgpu.o) (threadCreate)
/opt/devkitpro/libctru/lib/libctru.a(mappable.o)
                              /opt/devkitpro/libctru/lib/libctru.a(gspgpu.o) (mappableAlloc)
/opt/devkitpro/libctru/lib/libctru.a(irrst.o)
                              /opt/devkitpro/libctru/lib/libctru.a(hid.o) (irrstInit)
/opt/devkitpro/libctru/lib/libctru.a(srvpm.o)
                              /opt/devkitpro/libctru/lib/libctru.a(srv.o) (srvPmGetSessionHandle)
/opt/devkitpro/libctru/lib/libctru.a(ptmsysm.o)
                              /opt/devkitpro/libctru/lib/libctru.a(os.o) (ptmSysmInit)
/opt/devkitpro/libctru/lib/libctru.a(soc_socket.o)
                              /opt/devkitpro/libctru/lib/libctru.a(3dslink.o) (socket)
/opt/devkitpro/libctru/lib/libctru.a(soc_connect.o)
                              /opt/devkitpro/libctru/lib/libctru.a(3dslink.o) (connect)
/opt/devkitpro/libctru/lib/libctru.a(soc_common.o)
                              /opt/devkitpro/libctru/lib/libctru.a(soc_socket.o) (_net_convert_error)
/opt/devkitpro/libctru/lib/libctru.a(rbtree_init.o)
                              /opt/devkitpro/libctru/lib/libctru.a(vram.o) (rbtree_init)
/opt/devkitpro/libctru/lib/libctru.a(rbtree_insert.o)
                              /opt/devkitpro/libctru/lib/libctru.a(vram.o) (rbtree_insert)
/opt/devkitpro/libctru/lib/libctru.a(rbtree_rotate.o)
                              /opt/devkitpro/libctru/lib/libctru.a(rbtree_insert.o) (rbtree_rotate)
/opt/devkitpro/libctru/lib/libctru.a(rbtree_remove.o)
                              /opt/devkitpro/libctru/lib/libctru.a(vram.o) (rbtree_remove)
/opt/devkitpro/libctru/lib/libctru.a(rbtree_find.o)
                              /opt/devkitpro/libctru/lib/libctru.a(vram.o) (rbtree_find)
/opt/devkitpro/libctru/lib/libctru.a(encode_utf16.o)
                              /opt/devkitpro/libctru/lib/libctru.a(utf8_to_utf16.o) (encode_utf16)
[...]
Memory Configuration

Name             Origin             Length             Attributes
*default*        0x0000000000000000 0xffffffffffffffff

Linker script and memory map

                0x0000000000100000                PROVIDE (__start__ = 0x100000)
                0x0000000000100000                . = __start__

.text           0x0000000000100000    0x22390
 *(.crt0)
 .crt0          0x0000000000100000       0x94 /opt/devkitpro/devkitARM/bin/../lib/gcc/arm-none-eabi/12.2.0/../../../../arm-none-eabi/lib/armv6k/fpu/3dsx_crt0.o
                0x0000000000100000                _start
                0x0000000000100008                __service_ptr
                0x000000000010000c                __apt_appid
                0x0000000000100010                __heap_size
                0x0000000000100014                __linear_heap_size
                0x0000000000100018                __system_arglist
                0x000000000010001c                __system_runflags
 *(.init)
 .init          0x0000000000100094        0xc /opt/devkitpro/devkitARM/bin/../lib/gcc/arm-none-eabi/12.2.0/armv6k/fpu/crti.o
                0x0000000000100094                _init
 .init          0x00000000001000a0        0xc /opt/devkitpro/devkitARM/bin/../lib/gcc/arm-none-eabi/12.2.0/armv6k/fpu/crtn.o
                0x00000000001000ac                . = ALIGN (0x4)
 *(.text)
 .text          0x00000000001000ac      0x240 /opt/devkitpro/devkitARM/bin/../lib/gcc/arm-none-eabi/12.2.0/armv6k/fpu/libgcc.a(_divsi3.o)
                0x00000000001000ac                __aeabi_idiv
                0x00000000001000ac                __divsi3
                0x00000000001002cc                __aeabi_idivmod
 .text          0x00000000001002ec        0x4 /opt/devkitpro/devkitARM/bin/../lib/gcc/arm-none-eabi/12.2.0/armv6k/fpu/libgcc.a(_dvmd_tls.o)
                0x00000000001002ec                __aeabi_ldiv0
                0x00000000001002ec                __aeabi_idiv0
 .text          0x00000000001002f0       0x3c /opt/devkitpro/devkitARM/bin/../lib/gcc/arm-none-eabi/12.2.0/armv6k/fpu/libgcc.a(_aeabi_uldivmod.o)
                0x00000000001002f0                __aeabi_uldivmod
 *fill*         0x000000000010032c       0x14 
 .text          0x0000000000100340      0x390 /opt/devkitpro/devkitARM/bin/../lib/gcc/arm-none-eabi/12.2.0/../../../../arm-none-eabi/lib/armv6k/fpu/libg.a(lib_a-strcmp.o)
                0x0000000000100348                strcmp
 .text          0x00000000001006d0      0x20c /opt/devkitpro/devkitARM/bin/../lib/gcc/arm-none-eabi/12.2.0/armv6k/fpu/libgcc.a(_udivsi3.o)
                0x00000000001006d0                __udivsi3
                0x00000000001006d0                __aeabi_uidiv
                0x00000000001008bc                __aeabi_uidivmod
 .text          0x00000000001008dc      0x3c0 /opt/devkitpro/devkitARM/bin/../lib/gcc/arm-none-eabi/12.2.0/armv6k/fpu/libgcc.a(_arm_addsubdf3.o)
                0x00000000001008dc                __aeabi_drsub
                0x00000000001008e4                __aeabi_dsub
                0x00000000001008e4                __subdf3
                0x00000000001008e8                __adddf3
                0x00000000001008e8                __aeabi_dadd
                0x0000000000100b94                __aeabi_ui2d
                0x0000000000100b94                __floatunsidf
                0x0000000000100bb8                __floatsidf
                0x0000000000100bb8                __aeabi_i2d
                0x0000000000100be0                __extendsfdf2
                0x0000000000100be0                __aeabi_f2d
                0x0000000000100c28                __aeabi_ul2d
                0x0000000000100c28                __floatundidf
                0x0000000000100c3c                __floatdidf
                0x0000000000100c3c                __aeabi_l2d
 *(.text.*)
 .text.__do_global_dtors_aux
                0x0000000000100c9c       0x40 /opt/devkitpro/devkitARM/bin/../lib/gcc/arm-none-eabi/12.2.0/armv6k/fpu/crtbegin.o
 .text.frame_dummy
                0x0000000000100cdc       0x2c /opt/devkitpro/devkitARM/bin/../lib/gcc/arm-none-eabi/12.2.0/armv6k/fpu/crtbegin.o
 .text.MyCallback
                0x0000000000100d08       0x60 keyboardDemo.o
 .text.keyboardDemo
                0x0000000000100d68      0x404 keyboardDemo.o
                0x0000000000100d68                keyboardDemo
 .text.startup.main
                0x000000000010116c       0x10 main.o
                0x000000000010116c                main
 .text.parseColor
                0x000000000010117c      0x1e8 /opt/devkitpro/libctru/lib/libctru.a(console.o)
 .text.consoleDrawChar
                0x0000000000101364      0x1ac /opt/devkitpro/libctru/lib/libctru.a(console.o)
                0x0000000000101364                consoleDrawChar
 .text.consolePrintChar
                0x0000000000101510      0x124 /opt/devkitpro/libctru/lib/libctru.a(console.o)
                0x0000000000101510                consolePrintChar
 .text.con_write
                0x0000000000101634      0xb94 /opt/devkitpro/libctru/lib/libctru.a(console.o)
                0x0000000000101634                con_write
 .text.newRow   0x00000000001021c8       0xfc /opt/devkitpro/libctru/lib/libctru.a(console.o)
 .text.consoleInit
                0x00000000001022c4      0x168 /opt/devkitpro/libctru/lib/libctru.a(console.o)
                0x00000000001022c4                consoleInit
 .text.gfxPresentFramebuffer
                0x000000000010242c       0xd0 /opt/devkitpro/libctru/lib/libctru.a(gfx.o)
 .text.gfxIsWide
                0x00000000001024fc       0x1c /opt/devkitpro/libctru/lib/libctru.a(gfx.o)
                0x00000000001024fc                gfxIsWide
 .text.gfxSetScreenFormat
                0x0000000000102518       0xec /opt/devkitpro/libctru/lib/libctru.a(gfx.o)
                0x0000000000102518                gfxSetScreenFormat
 .text.gfxSetDoubleBuffering
                0x0000000000102604       0x10 /opt/devkitpro/libctru/lib/libctru.a(gfx.o)
                0x0000000000102604                gfxSetDoubleBuffering
 .text.gfxInit  0x0000000000102614       0xe0 /opt/devkitpro/libctru/lib/libctru.a(gfx.o)
                0x0000000000102614                gfxInit
 .text.gfxInitDefault
                0x00000000001026f4       0x10 /opt/devkitpro/libctru/lib/libctru.a(gfx.o)
                0x00000000001026f4                gfxInitDefault
 .text.gfxExit  0x0000000000102704       0xb4 /opt/devkitpro/libctru/lib/libctru.a(gfx.o)
                0x0000000000102704                gfxExit
 .text.gfxGetFramebuffer
                0x00000000001027b8       0xa0 /opt/devkitpro/libctru/lib/libctru.a(gfx.o)
                0x00000000001027b8                gfxGetFramebuffer
 .text.gfxFlushBuffers
                0x0000000000102858      0x104 /opt/devkitpro/libctru/lib/libctru.a(gfx.o)
                0x0000000000102858                gfxFlushBuffers
 .text.gfxSwapBuffers
                0x000000000010295c       0x50 /opt/devkitpro/libctru/lib/libctru.a(gfx.o)
                0x000000000010295c                gfxSwapBuffers
 .text.gfxSwapBuffersGpu
                0x00000000001029ac       0x50 /opt/devkitpro/libctru/lib/libctru.a(gfx.o)
                0x00000000001029ac                gfxSwapBuffersGpu
 .text.gspHardwareInit
                0x00000000001029fc      0xc58 /opt/devkitpro/libctru/lib/libctru.a(gspgpu.o)
 .text.gspInit  0x0000000000103654      0x248 /opt/devkitpro/libctru/lib/libctru.a(gspgpu.o)
                0x0000000000103654                gspInit
 .text.gspExit  0x000000000010389c       0xf0 /opt/devkitpro/libctru/lib/libctru.a(gspgpu.o)
                0x000000000010389c                gspExit
 .text.gspHasGpuRight
                0x000000000010398c       0x10 /opt/devkitpro/libctru/lib/libctru.a(gspgpu.o)
                0x000000000010398c                gspHasGpuRight
 .text.gspPresentBuffer
                0x000000000010399c       0xa0 /opt/devkitpro/libctru/lib/libctru.a(gspgpu.o)
                0x000000000010399c                gspPresentBuffer
 .text.gspWaitForEvent
                0x0000000000103a3c       0x44 /opt/devkitpro/libctru/lib/libctru.a(gspgpu.o)
                0x0000000000103a3c                gspWaitForEvent
 .text.gxCmdQueueInterrupt
                0x0000000000103a80        0x4 /opt/devkitpro/libctru/lib/libctru.a(gspgpu.o)
                0x0000000000103a80                gxCmdQueueInterrupt
 .text.gspEventThreadMain
                0x0000000000103a84      0x158 /opt/devkitpro/libctru/lib/libctru.a(gspgpu.o)
 .text.GSPGPU_FlushDataCache
                0x0000000000103bdc       0x50 /opt/devkitpro/libctru/lib/libctru.a(gspgpu.o)
                0x0000000000103bdc                GSPGPU_FlushDataCache
 .text.GSPGPU_SetLcdForceBlack
                0x0000000000103c2c       0x34 /opt/devkitpro/libctru/lib/libctru.a(gspgpu.o)
                0x0000000000103c2c                GSPGPU_SetLcdForceBlack
 .text.GSPGPU_AcquireRight
                0x0000000000103c60       0x68 /opt/devkitpro/libctru/lib/libctru.a(gspgpu.o)
                0x0000000000103c60                GSPGPU_AcquireRight
 .text.GSPGPU_ReleaseRight
                0x0000000000103cc8       0x48 /opt/devkitpro/libctru/lib/libctru.a(gspgpu.o)
                0x0000000000103cc8                GSPGPU_ReleaseRight
 .text.GSPGPU_ImportDisplayCaptureInfo
                0x0000000000103d10       0x7c /opt/devkitpro/libctru/lib/libctru.a(gspgpu.o)
                0x0000000000103d10                GSPGPU_ImportDisplayCaptureInfo
 .text.GSPGPU_SaveVramSysArea
                0x0000000000103d8c       0x2c /opt/devkitpro/libctru/lib/libctru.a(gspgpu.o)
                0x0000000000103d8c                GSPGPU_SaveVramSysArea
 .text.GSPGPU_RestoreVramSysArea
                0x0000000000103db8       0x2c /opt/devkitpro/libctru/lib/libctru.a(gspgpu.o)
                0x0000000000103db8                GSPGPU_RestoreVramSysArea
 .text.aptConvertScreenForCapture
                0x0000000000103de4      0x1a4 /opt/devkitpro/libctru/lib/libctru.a(apt.o)
 .text.aptDspSleep
                0x0000000000103f88        0x8 /opt/devkitpro/libctru/lib/libctru.a(apt.o)
                0x0000000000103f88                aptDspSleep
 .text.aptDspWakeup
                0x0000000000103f90        0x4 /opt/devkitpro/libctru/lib/libctru.a(apt.o)
                0x0000000000103f90                aptDspWakeup
 .text.aptDspCancel
                0x0000000000103f94        0x4 /opt/devkitpro/libctru/lib/libctru.a(apt.o)
                0x0000000000103f94                aptDspCancel
 .text.aptSendCommand
                0x0000000000103f98      0x158 /opt/devkitpro/libctru/lib/libctru.a(apt.o)
                0x0000000000103f98                aptSendCommand
 .text.aptExitProcess
                0x00000000001040f0       0x44 /opt/devkitpro/libctru/lib/libctru.a(apt.o)
 *fill*         0x0000000000104134        0x4 
 .text.aptSetChainloaderToSelf
                0x0000000000104138       0x50 /opt/devkitpro/libctru/lib/libctru.a(apt.o)
                0x0000000000104138                aptSetChainloaderToSelf
 .text.aptExit  0x0000000000104188      0x3b0 /opt/devkitpro/libctru/lib/libctru.a(apt.o)
                0x0000000000104188                aptExit
 .text.aptHandleSleep
                0x0000000000104538       0xe0 /opt/devkitpro/libctru/lib/libctru.a(apt.o)
                0x0000000000104538                aptHandleSleep
 .text.aptSetMessageCallback
                0x0000000000104618       0x1c /opt/devkitpro/libctru/lib/libctru.a(apt.o)
                0x0000000000104618                aptSetMessageCallback
 .text.APT_SleepIfShellClosed
                0x0000000000104634       0x84 /opt/devkitpro/libctru/lib/libctru.a(apt.o)
                0x0000000000104634                APT_SleepIfShellClosed
 .text.aptSetSleepAllowed
                0x00000000001046b8       0x84 /opt/devkitpro/libctru/lib/libctru.a(apt.o)
                0x00000000001046b8                aptSetSleepAllowed
 .text.APT_UnlockTransition
                0x000000000010473c       0x84 /opt/devkitpro/libctru/lib/libctru.a(apt.o)
                0x000000000010473c                APT_UnlockTransition
 .text.aptEventHandler
                0x00000000001047c0      0x4a4 /opt/devkitpro/libctru/lib/libctru.a(apt.o)
 .text.APT_ReceiveParameter
                0x0000000000104c64       0xb0 /opt/devkitpro/libctru/lib/libctru.a(apt.o)
                0x0000000000104c64                APT_ReceiveParameter
 .text.aptReceiveParameter.constprop.0
                0x0000000000104d14       0xb0 /opt/devkitpro/libctru/lib/libctru.a(apt.o)
 *fill*         0x0000000000104dc4        0x4 
 .text.aptScreenTransfer
                0x0000000000104dc8      0x2ac /opt/devkitpro/libctru/lib/libctru.a(apt.o)
 .text.aptWaitForWakeUp.isra.0
                0x0000000000105074      0x344 /opt/devkitpro/libctru/lib/libctru.a(apt.o)
 .text.aptLaunchLibraryApplet
                0x00000000001053b8      0x11c /opt/devkitpro/libctru/lib/libctru.a(apt.o)
                0x00000000001053b8                aptLaunchLibraryApplet
 *fill*         0x00000000001054d4        0x4 
 .text.aptJumpToHomeMenu
                0x00000000001054d8      0x100 /opt/devkitpro/libctru/lib/libctru.a(apt.o)
                0x00000000001054d8                aptJumpToHomeMenu
 .text.aptMainLoop
                0x00000000001055d8       0x48 /opt/devkitpro/libctru/lib/libctru.a(apt.o)
                0x00000000001055d8                aptMainLoop
 .text.aptInit  0x0000000000105620      0x22c /opt/devkitpro/libctru/lib/libctru.a(apt.o)
                0x0000000000105620                aptInit
 .text.APT_SendParameter
                0x000000000010584c       0x5c /opt/devkitpro/libctru/lib/libctru.a(apt.o)
                0x000000000010584c                APT_SendParameter
 .text.APT_CheckNew3DS
                0x00000000001058a8       0x7c /opt/devkitpro/libctru/lib/libctru.a(apt.o)
                0x00000000001058a8                APT_CheckNew3DS
 .text.hidShouldUseIrrst
                0x0000000000105924       0x24 /opt/devkitpro/libctru/lib/libctru.a(hid.o)
                0x0000000000105924                hidShouldUseIrrst
 .text.hidInit  0x0000000000105948      0x18c /opt/devkitpro/libctru/lib/libctru.a(hid.o)
                0x0000000000105948                hidInit
 .text.hidExit  0x0000000000105ad4       0xe8 /opt/devkitpro/libctru/lib/libctru.a(hid.o)
                0x0000000000105ad4                hidExit
 .text.hidScanInput
                0x0000000000105bbc      0x2a4 /opt/devkitpro/libctru/lib/libctru.a(hid.o)
                0x0000000000105bbc                hidScanInput
 .text.hidKeysDown
                0x0000000000105e60       0x10 /opt/devkitpro/libctru/lib/libctru.a(hid.o)
                0x0000000000105e60                hidKeysDown
 .text.swkbdMessageCallback
                0x0000000000105e70      0x178 /opt/devkitpro/libctru/lib/libctru.a(swkbd.o)
 .text.swkbdInit
                0x0000000000105fe8       0x78 /opt/devkitpro/libctru/lib/libctru.a(swkbd.o)
                0x0000000000105fe8                swkbdInit
 .text.swkbdSetFeatures
                0x0000000000106060       0x38 /opt/devkitpro/libctru/lib/libctru.a(swkbd.o)
                0x0000000000106060                swkbdSetFeatures
 .text.swkbdSetHintText
                0x0000000000106098       0x50 /opt/devkitpro/libctru/lib/libctru.a(swkbd.o)
                0x0000000000106098                swkbdSetHintText
 .text.swkbdSetButton
                0x00000000001060e8       0x6c /opt/devkitpro/libctru/lib/libctru.a(swkbd.o)
                0x00000000001060e8                swkbdSetButton
 .text.swkbdSetInitialText
                0x0000000000106154        0x8 /opt/devkitpro/libctru/lib/libctru.a(swkbd.o)
                0x0000000000106154                swkbdSetInitialText
 .text.swkbdSetDictWord
                0x000000000010615c       0x9c /opt/devkitpro/libctru/lib/libctru.a(swkbd.o)
                0x000000000010615c                swkbdSetDictWord
 .text.swkbdSetDictionary
                0x00000000001061f8       0x14 /opt/devkitpro/libctru/lib/libctru.a(swkbd.o)
                0x00000000001061f8                swkbdSetDictionary
 .text.swkbdSetStatusData
                0x000000000010620c       0x30 /opt/devkitpro/libctru/lib/libctru.a(swkbd.o)
                0x000000000010620c                swkbdSetStatusData
 .text.swkbdSetLearningData
                0x000000000010623c       0x30 /opt/devkitpro/libctru/lib/libctru.a(swkbd.o)
                0x000000000010623c                swkbdSetLearningData
 .text.swkbdSetFilterCallback
                0x000000000010626c       0x14 /opt/devkitpro/libctru/lib/libctru.a(swkbd.o)
                0x000000000010626c                swkbdSetFilterCallback
 .text.swkbdInputText
                0x0000000000106280      0x3a4 /opt/devkitpro/libctru/lib/libctru.a(swkbd.o)
                0x0000000000106280                swkbdInputText
 .text.utf16_to_utf8
                0x0000000000106624       0xe8 /opt/devkitpro/libctru/lib/libctru.a(utf16_to_utf8.o)
                0x0000000000106624                utf16_to_utf8
 .text.decode_utf16
                0x000000000010670c       0x64 /opt/devkitpro/libctru/lib/libctru.a(decode_utf16.o)
                0x000000000010670c                decode_utf16
 .text.utf8_to_utf16
                0x0000000000106770       0xc0 /opt/devkitpro/libctru/lib/libctru.a(utf8_to_utf16.o)
                0x0000000000106770                utf8_to_utf16
 .text.__libctru_init
                0x0000000000106830       0x38 /opt/devkitpro/libctru/lib/libctru.a(ctru_init.o)
                0x0000000000106830                __libctru_init
 .text.__system_initArgv
                0x0000000000106868      0x170 /opt/devkitpro/libctru/lib/libctru.a(initArgv.o)
                0x0000000000106868                __system_initArgv
 .text.svcControlMemory
                0x00000000001069d8       0x20 /opt/devkitpro/libctru/lib/libctru.a(svc.o)
                0x00000000001069d8                svcControlMemory
 .text.svcQueryMemory
                0x00000000001069f8       0x30 /opt/devkitpro/libctru/lib/libctru.a(svc.o)
                0x00000000001069f8                svcQueryMemory
 .text.svcExitProcess
                0x0000000000106a28        0x8 /opt/devkitpro/libctru/lib/libctru.a(svc.o)
                0x0000000000106a28                svcExitProcess
 .text.svcCreateThread
                0x0000000000106a30       0x20 /opt/devkitpro/libctru/lib/libctru.a(svc.o)
                0x0000000000106a30                svcCreateThread
 .text.svcExitThread
                0x0000000000106a50        0x8 /opt/devkitpro/libctru/lib/libctru.a(svc.o)
                0x0000000000106a50                svcExitThread
 .text.svcSleepThread
                0x0000000000106a58        0x8 /opt/devkitpro/libctru/lib/libctru.a(svc.o)
                0x0000000000106a58                svcSleepThread
 .text.svcReleaseMutex
                0x0000000000106a60        0x8 /opt/devkitpro/libctru/lib/libctru.a(svc.o)
                0x0000000000106a60                svcReleaseMutex
 .text.svcCreateEvent
                0x0000000000106a68       0x14 /opt/devkitpro/libctru/lib/libctru.a(svc.o)
                0x0000000000106a68                svcCreateEvent
 .text.svcSignalEvent
                0x0000000000106a7c        0x8 /opt/devkitpro/libctru/lib/libctru.a(svc.o)
                0x0000000000106a7c                svcSignalEvent
 .text.svcClearEvent
                0x0000000000106a84        0x8 /opt/devkitpro/libctru/lib/libctru.a(svc.o)
                0x0000000000106a84                svcClearEvent
 .text.svcCreateMemoryBlock
                0x0000000000106a8c       0x18 /opt/devkitpro/libctru/lib/libctru.a(svc.o)
                0x0000000000106a8c                svcCreateMemoryBlock
 .text.svcMapMemoryBlock
                0x0000000000106aa4        0x8 /opt/devkitpro/libctru/lib/libctru.a(svc.o)
                0x0000000000106aa4                svcMapMemoryBlock
 .text.svcUnmapMemoryBlock
                0x0000000000106aac        0x8 /opt/devkitpro/libctru/lib/libctru.a(svc.o)
                0x0000000000106aac                svcUnmapMemoryBlock
 .text.svcCreateAddressArbiter
                0x0000000000106ab4       0x14 /opt/devkitpro/libctru/lib/libctru.a(svc.o)
                0x0000000000106ab4                svcCreateAddressArbiter
 .text.svcArbitrateAddressNoTimeout
                0x0000000000106ac8        0x8 /opt/devkitpro/libctru/lib/libctru.a(svc.o)
                0x0000000000106ac8                svcArbitrateAddressNoTimeout
 .text.svcCloseHandle
                0x0000000000106ad0        0x8 /opt/devkitpro/libctru/lib/libctru.a(svc.o)
                0x0000000000106ad0                svcCloseHandle
 .text.svcWaitSynchronization
                0x0000000000106ad8        0x8 /opt/devkitpro/libctru/lib/libctru.a(svc.o)
                0x0000000000106ad8                svcWaitSynchronization
 .text.svcWaitSynchronizationN
                0x0000000000106ae0       0x28 /opt/devkitpro/libctru/lib/libctru.a(svc.o)
                0x0000000000106ae0                svcWaitSynchronizationN
 .text.svcDuplicateHandle
                0x0000000000106b08       0x14 /opt/devkitpro/libctru/lib/libctru.a(svc.o)
                0x0000000000106b08                svcDuplicateHandle
 .text.svcConnectToPort
                0x0000000000106b1c       0x14 /opt/devkitpro/libctru/lib/libctru.a(svc.o)
                0x0000000000106b1c                svcConnectToPort
 .text.svcSendSyncRequest
                0x0000000000106b30        0x8 /opt/devkitpro/libctru/lib/libctru.a(svc.o)
                0x0000000000106b30                svcSendSyncRequest
 .text.svcGetResourceLimit
                0x0000000000106b38       0x14 /opt/devkitpro/libctru/lib/libctru.a(svc.o)
                0x0000000000106b38                svcGetResourceLimit
 .text.svcGetResourceLimitLimitValues
                0x0000000000106b4c        0x8 /opt/devkitpro/libctru/lib/libctru.a(svc.o)
                0x0000000000106b4c                svcGetResourceLimitLimitValues
 .text.svcGetResourceLimitCurrentValues
                0x0000000000106b54        0x8 /opt/devkitpro/libctru/lib/libctru.a(svc.o)
                0x0000000000106b54                svcGetResourceLimitCurrentValues
 .text.svcBreak
                0x0000000000106b5c        0x8 /opt/devkitpro/libctru/lib/libctru.a(svc.o)
                0x0000000000106b5c                svcBreak
 .text.initSystem
                0x0000000000106b64       0x50 /opt/devkitpro/libctru/lib/libctru.a(stack_adjust.o)
                0x0000000000106b64                initSystem
 .text.__ctru_exit
                0x0000000000106bb4       0x18 /opt/devkitpro/libctru/lib/libctru.a(stack_adjust.o)
                0x0000000000106bb4                __ctru_exit
 .text._ZL21addrMapNodeComparatorPK11rbtree_nodeS1_
                0x0000000000106bcc       0x24 /opt/devkitpro/libctru/lib/libctru.a(vram.o)
 .text._ZL21addrMapNodeDestructorP11rbtree_node
                0x0000000000106bf0        0x4 /opt/devkitpro/libctru/lib/libctru.a(vram.o)
 .text.vramMemAlignAt
                0x0000000000106bf4      0x250 /opt/devkitpro/libctru/lib/libctru.a(vram.o)
                0x0000000000106bf4                vramMemAlignAt
 .text.vramAlloc
                0x0000000000106e44        0xc /opt/devkitpro/libctru/lib/libctru.a(vram.o)
                0x0000000000106e44                vramAlloc
 .text.vramFree
                0x0000000000106e50       0x90 /opt/devkitpro/libctru/lib/libctru.a(vram.o)
                0x0000000000106e50                vramFree
 .text._ZL21addrMapNodeComparatorPK11rbtree_nodeS1_
                0x0000000000106ee0       0x24 /opt/devkitpro/libctru/lib/libctru.a(linear.o)
 .text._ZL21addrMapNodeDestructorP11rbtree_node
                0x0000000000106f04        0x4 /opt/devkitpro/libctru/lib/libctru.a(linear.o)
 .text.linearMemAlign
                0x0000000000106f08      0x120 /opt/devkitpro/libctru/lib/libctru.a(linear.o)
                0x0000000000106f08                linearMemAlign
 .text.linearAlloc
                0x0000000000107028        0x8 /opt/devkitpro/libctru/lib/libctru.a(linear.o)
                0x0000000000107028                linearAlloc
 .text.linearFree
                0x0000000000107030       0x5c /opt/devkitpro/libctru/lib/libctru.a(linear.o)
                0x0000000000107030                linearFree
 .text._ZN7MemPool13CoalesceRightEP8MemBlock
                0x000000000010708c       0x80 /opt/devkitpro/libctru/lib/libctru.a(mem_pool.o)
                0x000000000010708c                MemPool::CoalesceRight(MemBlock*)
 .text._ZN7MemPool8AllocateER8MemChunkmi
                0x000000000010710c      0x16c /opt/devkitpro/libctru/lib/libctru.a(mem_pool.o)
                0x000000000010710c                MemPool::Allocate(MemChunk&, unsigned long, int)
 .text._ZN7MemPool10DeallocateERK8MemChunk
                0x0000000000107278       0xfc /opt/devkitpro/libctru/lib/libctru.a(mem_pool.o)
                0x0000000000107278                MemPool::Deallocate(MemChunk const&)
 .text._ZN7MemPool12GetFreeSpaceEv
                0x0000000000107374       0x30 /opt/devkitpro/libctru/lib/libctru.a(mem_pool.o)
                0x0000000000107374                MemPool::GetFreeSpace()
 .text.__sync_init
                0x00000000001073a4        0xc /opt/devkitpro/libctru/lib/libctru.a(synchronization.o)
                0x00000000001073a4                __sync_init
 .text.__sync_fini
                0x00000000001073b0       0x18 /opt/devkitpro/libctru/lib/libctru.a(synchronization.o)
                0x00000000001073b0                __sync_fini
 .text.syncArbitrateAddress
                0x00000000001073c8       0x2c /opt/devkitpro/libctru/lib/libctru.a(synchronization.o)
                0x00000000001073c8                syncArbitrateAddress
 .text.LightLock_Lock
                0x00000000001073f4       0xb0 /opt/devkitpro/libctru/lib/libctru.a(synchronization.o)
                0x00000000001073f4                LightLock_Lock
 .text.LightLock_Unlock
                0x00000000001074a4       0x40 /opt/devkitpro/libctru/lib/libctru.a(synchronization.o)
                0x00000000001074a4                LightLock_Unlock
 .text.RecursiveLock_Init
                0x00000000001074e4       0x24 /opt/devkitpro/libctru/lib/libctru.a(synchronization.o)
                0x00000000001074e4                RecursiveLock_Init
 .text.RecursiveLock_Lock
                0x0000000000107508       0x30 /opt/devkitpro/libctru/lib/libctru.a(synchronization.o)
                0x0000000000107508                RecursiveLock_Lock
 .text.RecursiveLock_Unlock
                0x0000000000107538       0x54 /opt/devkitpro/libctru/lib/libctru.a(synchronization.o)
                0x0000000000107538                RecursiveLock_Unlock
 .text.LightEvent_Init
                0x000000000010758c       0x40 /opt/devkitpro/libctru/lib/libctru.a(synchronization.o)
                0x000000000010758c                LightEvent_Init
 .text.LightEvent_Clear
                0x00000000001075cc       0xa4 /opt/devkitpro/libctru/lib/libctru.a(synchronization.o)
                0x00000000001075cc                LightEvent_Clear
 .text.LightEvent_Signal
                0x0000000000107670       0xc8 /opt/devkitpro/libctru/lib/libctru.a(synchronization.o)
                0x0000000000107670                LightEvent_Signal
 .text.LightEvent_TryWait
                0x0000000000107738       0x50 /opt/devkitpro/libctru/lib/libctru.a(synchronization.o)
                0x0000000000107738                LightEvent_TryWait
 .text.LightEvent_Wait
                0x0000000000107788       0xb0 /opt/devkitpro/libctru/lib/libctru.a(synchronization.o)
                0x0000000000107788                LightEvent_Wait
 .text.__ctru_speedup_config
                0x0000000000107838       0x34 /opt/devkitpro/libctru/lib/libctru.a(os.o)
                0x0000000000107838                __ctru_speedup_config
 .text.srvInit  0x000000000010786c      0x130 /opt/devkitpro/libctru/lib/libctru.a(srv.o)
                0x000000000010786c                srvInit
 .text.srvExit  0x000000000010799c       0x58 /opt/devkitpro/libctru/lib/libctru.a(srv.o)
                0x000000000010799c                srvExit
 .text.srvEnableNotification
                0x00000000001079f4       0x60 /opt/devkitpro/libctru/lib/libctru.a(srv.o)
                0x00000000001079f4                srvEnableNotification
 .text.srvGetServiceHandleDirect
                0x0000000000107a54       0xa0 /opt/devkitpro/libctru/lib/libctru.a(srv.o)
                0x0000000000107a54                srvGetServiceHandleDirect
 .text.srvGetServiceHandle
                0x0000000000107af4       0x38 /opt/devkitpro/libctru/lib/libctru.a(srv.o)
                0x0000000000107af4                srvGetServiceHandle
 .text.srvSubscribe
                0x0000000000107b2c       0x34 /opt/devkitpro/libctru/lib/libctru.a(srv.o)
                0x0000000000107b2c                srvSubscribe
 .text.srvReceiveNotification
                0x0000000000107b60       0x60 /opt/devkitpro/libctru/lib/libctru.a(srv.o)
                0x0000000000107b60                srvReceiveNotification
 .text.srvPublishToSubscriber
                0x0000000000107bc0       0x38 /opt/devkitpro/libctru/lib/libctru.a(srv.o)
                0x0000000000107bc0                srvPublishToSubscriber
 .text.threadCreate
                0x0000000000107bf8      0x1d0 /opt/devkitpro/libctru/lib/libctru.a(thread.o)
                0x0000000000107bf8                threadCreate
 .text.threadFree
                0x0000000000107dc8       0x2c /opt/devkitpro/libctru/lib/libctru.a(thread.o)
                0x0000000000107dc8                threadFree
 .text.threadJoin
                0x0000000000107df4       0x24 /opt/devkitpro/libctru/lib/libctru.a(thread.o)
                0x0000000000107df4                threadJoin
 .text.threadGetCurrent
                0x0000000000107e18       0x30 /opt/devkitpro/libctru/lib/libctru.a(thread.o)
                0x0000000000107e18                threadGetCurrent
 .text.threadExit
                0x0000000000107e48       0x40 /opt/devkitpro/libctru/lib/libctru.a(thread.o)
                0x0000000000107e48                threadExit
 .text._thread_begin
                0x0000000000107e88       0x20 /opt/devkitpro/libctru/lib/libctru.a(thread.o)
 .text.mappableFindAddressWithin
                0x0000000000107ea8       0xb4 /opt/devkitpro/libctru/lib/libctru.a(mappable.o)
 .text.mappableInit
                0x0000000000107f5c       0x28 /opt/devkitpro/libctru/lib/libctru.a(mappable.o)
                0x0000000000107f5c                mappableInit
 .text.mappableAlloc
                0x0000000000107f84       0x80 /opt/devkitpro/libctru/lib/libctru.a(mappable.o)
                0x0000000000107f84                mappableAlloc
 .text.mappableFree
                0x0000000000108004        0x4 /opt/devkitpro/libctru/lib/libctru.a(mappable.o)
                0x0000000000108004                mappableFree
 .text.irrstInit
                0x0000000000108008      0x164 /opt/devkitpro/libctru/lib/libctru.a(irrst.o)
                0x0000000000108008                irrstInit
 .text.irrstExit
                0x000000000010816c       0xcc /opt/devkitpro/libctru/lib/libctru.a(irrst.o)
                0x000000000010816c                irrstExit
 .text.irrstScanInput
                0x0000000000108238       0xb4 /opt/devkitpro/libctru/lib/libctru.a(irrst.o)
                0x0000000000108238                irrstScanInput
 .text.irrstKeysHeld
                0x00000000001082ec       0x24 /opt/devkitpro/libctru/lib/libctru.a(irrst.o)
                0x00000000001082ec                irrstKeysHeld
 .text.srvPmGetSessionHandle
                0x0000000000108310        0xc /opt/devkitpro/libctru/lib/libctru.a(srvpm.o)
                0x0000000000108310                srvPmGetSessionHandle
 .text.ptmSysmInit
                0x000000000010831c       0x74 /opt/devkitpro/libctru/lib/libctru.a(ptmsysm.o)
                0x000000000010831c                ptmSysmInit
 .text.ptmSysmExit
                0x0000000000108390       0x3c /opt/devkitpro/libctru/lib/libctru.a(ptmsysm.o)
                0x0000000000108390                ptmSysmExit
 .text.PTMSYSM_ConfigureNew3DSCPU
                0x00000000001083cc       0x34 /opt/devkitpro/libctru/lib/libctru.a(ptmsysm.o)
                0x00000000001083cc                PTMSYSM_ConfigureNew3DSCPU
 .text.rbtree_init
                0x0000000000108400       0x10 /opt/devkitpro/libctru/lib/libctru.a(rbtree_init.o)
                0x0000000000108400                rbtree_init
 .text.do_insert
                0x0000000000108410      0x1b4 /opt/devkitpro/libctru/lib/libctru.a(rbtree_insert.o)
 .text.rbtree_insert
                0x00000000001085c4        0x8 /opt/devkitpro/libctru/lib/libctru.a(rbtree_insert.o)
                0x00000000001085c4                rbtree_insert
 .text.rbtree_rotate
                0x00000000001085cc       0x90 /opt/devkitpro/libctru/lib/libctru.a(rbtree_rotate.o)
                0x00000000001085cc                rbtree_rotate
 .text.rbtree_remove
                0x000000000010865c      0x318 /opt/devkitpro/libctru/lib/libctru.a(rbtree_remove.o)
                0x000000000010865c                rbtree_remove
 .text.rbtree_find
                0x0000000000108974       0x74 /opt/devkitpro/libctru/lib/libctru.a(rbtree_find.o)
                0x0000000000108974                rbtree_find
 .text.encode_utf16
                0x00000000001089e8       0x54 /opt/devkitpro/libctru/lib/libctru.a(encode_utf16.o)
                0x00000000001089e8                encode_utf16
 .text.encode_utf8
                0x0000000000108a3c       0xe0 /opt/devkitpro/libctru/lib/libctru.a(encode_utf8.o)
                0x0000000000108a3c                encode_utf8
 .text.decode_utf8
                0x0000000000108b1c      0x13c /opt/devkitpro/libctru/lib/libctru.a(decode_utf8.o)
                0x0000000000108b1c                decode_utf8
 .text.__appInit
                0x0000000000108c58       0x30 /opt/devkitpro/libctru/lib/libctru.a(appInit.o)
                0x0000000000108c58                __appInit
 .text.__syscall_getreent
                0x0000000000108c88       0x30 /opt/devkitpro/libctru/lib/libctru.a(syscalls.o)
                0x0000000000108c88                __syscall_getreent
 .text.__syscall_lock_acquire
                0x0000000000108cb8        0x4 /opt/devkitpro/libctru/lib/libctru.a(syscalls.o)
                0x0000000000108cb8                __syscall_lock_acquire
 .text.__syscall_lock_release
                0x0000000000108cbc        0x4 /opt/devkitpro/libctru/lib/libctru.a(syscalls.o)
                0x0000000000108cbc                __syscall_lock_release
 .text.__syscall_lock_init_recursive
                0x0000000000108cc0        0x4 /opt/devkitpro/libctru/lib/libctru.a(syscalls.o)
                0x0000000000108cc0                __syscall_lock_init_recursive
 .text.__syscall_lock_acquire_recursive
                0x0000000000108cc4        0x4 /opt/devkitpro/libctru/lib/libctru.a(syscalls.o)
                0x0000000000108cc4                __syscall_lock_acquire_recursive
 .text.__syscall_lock_release_recursive
                0x0000000000108cc8        0x4 /opt/devkitpro/libctru/lib/libctru.a(syscalls.o)
                0x0000000000108cc8                __syscall_lock_release_recursive
 .text.__syscall_exit
                0x0000000000108ccc        0x4 /opt/devkitpro/libctru/lib/libctru.a(syscalls.o)
                0x0000000000108ccc                __syscall_exit
 .text.initThreadVars
                0x0000000000108cd0       0x50 /opt/devkitpro/libctru/lib/libctru.a(syscalls.o)
                0x0000000000108cd0                initThreadVars
 .text.__system_initSyscalls
                0x0000000000108d20       0x80 /opt/devkitpro/libctru/lib/libctru.a(syscalls.o)
                0x0000000000108d20                __system_initSyscalls
 .text.__system_allocateHeaps
                0x0000000000108da0      0x1e0 /opt/devkitpro/libctru/lib/libctru.a(allocateHeaps.o)
                0x0000000000108da0                __system_allocateHeaps
 .text.__appExit
                0x0000000000108f80       0x30 /opt/devkitpro/libctru/lib/libctru.a(appExit.o)
                0x0000000000108f80                __appExit
 .text.__libctru_exit
                0x0000000000108fb0       0x90 /opt/devkitpro/libctru/lib/libctru.a(ctru_exit.o)
                0x0000000000108fb0                __libctru_exit
 .text.envGetHandle
                0x0000000000109040       0x84 /opt/devkitpro/libctru/lib/libctru.a(env.o)
                0x0000000000109040                envGetHandle
 .text.envDestroyHandles
                0x00000000001090c4       0x50 /opt/devkitpro/libctru/lib/libctru.a(env.o)
                0x00000000001090c4                envDestroyHandles
 .text.archive_link
                0x0000000000109114       0x14 /opt/devkitpro/libctru/lib/libctru.a(archive_dev.o)
 .text.archive_dirreset
                0x0000000000109128       0x14 /opt/devkitpro/libctru/lib/libctru.a(archive_dev.o)
 .text.archive_chmod
                0x000000000010913c       0x14 /opt/devkitpro/libctru/lib/libctru.a(archive_dev.o)
 .text.error_cmp
                0x0000000000109150       0x24 /opt/devkitpro/libctru/lib/libctru.a(archive_dev.o)
 .text.archive_translate_error
                0x0000000000109174       0x50 /opt/devkitpro/libctru/lib/libctru.a(archive_dev.o)
 .text.archive_seek
                0x00000000001091c4       0xc8 /opt/devkitpro/libctru/lib/libctru.a(archive_dev.o)
 .text._archiveInit.part.0
                0x000000000010928c       0x7c /opt/devkitpro/libctru/lib/libctru.a(archive_dev.o)
 .text.archiveFindDevice.part.0
                0x0000000000109308       0xc4 /opt/devkitpro/libctru/lib/libctru.a(archive_dev.o)
 .text.archive_utf16path
                0x00000000001093cc      0x25c /opt/devkitpro/libctru/lib/libctru.a(archive_dev.o)
 .text._archiveUnmountDeviceStruct.part.0
                0x0000000000109628       0xa0 /opt/devkitpro/libctru/lib/libctru.a(archive_dev.o)
 .text.archive_fchmod
                0x00000000001096c8       0x14 /opt/devkitpro/libctru/lib/libctru.a(archive_dev.o)
 .text.archive_statvfs
                0x00000000001096dc       0x14 /opt/devkitpro/libctru/lib/libctru.a(archive_dev.o)
 .text._archiveMountDevice
                0x00000000001096f0      0x164 /opt/devkitpro/libctru/lib/libctru.a(archive_dev.o)
 .text.archive_diropen
                0x0000000000109854       0xe8 /opt/devkitpro/libctru/lib/libctru.a(archive_dev.o)
 .text.archive_fstat
                0x000000000010993c       0xa4 /opt/devkitpro/libctru/lib/libctru.a(archive_dev.o)
 .text.archive_close
                0x00000000001099e0       0x6c /opt/devkitpro/libctru/lib/libctru.a(archive_dev.o)
 .text.archive_fsync
                0x0000000000109a4c       0x6c /opt/devkitpro/libctru/lib/libctru.a(archive_dev.o)
 .text.archive_dirclose
                0x0000000000109ab8       0x70 /opt/devkitpro/libctru/lib/libctru.a(archive_dev.o)
 .text.sdmc_statvfs
                0x0000000000109b28       0xe8 /opt/devkitpro/libctru/lib/libctru.a(archive_dev.o)
 .text.archive_chdir
                0x0000000000109c10       0xec /opt/devkitpro/libctru/lib/libctru.a(archive_dev.o)
 .text.archive_ftruncate
                0x0000000000109cfc       0x7c /opt/devkitpro/libctru/lib/libctru.a(archive_dev.o)
 .text.archive_read
                0x0000000000109d78       0xac /opt/devkitpro/libctru/lib/libctru.a(archive_dev.o)
 .text.archive_unlink
                0x0000000000109e24       0xa4 /opt/devkitpro/libctru/lib/libctru.a(archive_dev.o)
 .text.archive_rmdir
                0x0000000000109ec8       0xbc /opt/devkitpro/libctru/lib/libctru.a(archive_dev.o)
 .text.archive_mkdir
                0x0000000000109f84       0xdc /opt/devkitpro/libctru/lib/libctru.a(archive_dev.o)
 .text.archive_stat
                0x000000000010a060      0x19c /opt/devkitpro/libctru/lib/libctru.a(archive_dev.o)
 .text.archive_dirnext
                0x000000000010a1fc      0x15c /opt/devkitpro/libctru/lib/libctru.a(archive_dev.o)
 .text.archive_write
                0x000000000010a358       0xec /opt/devkitpro/libctru/lib/libctru.a(archive_dev.o)
 .text.archive_open
                0x000000000010a444      0x1d4 /opt/devkitpro/libctru/lib/libctru.a(archive_dev.o)
 .text.archive_rename
                0x000000000010a618      0x278 /opt/devkitpro/libctru/lib/libctru.a(archive_dev.o)
 .text.archiveMountSdmc
                0x000000000010a890      0x19c /opt/devkitpro/libctru/lib/libctru.a(archive_dev.o)
                0x000000000010a890                archiveMountSdmc
 .text.archiveUnmountAll
                0x000000000010aa2c       0x54 /opt/devkitpro/libctru/lib/libctru.a(archive_dev.o)
                0x000000000010aa2c                archiveUnmountAll
 .text.fsInit   0x000000000010aa80       0xcc /opt/devkitpro/libctru/lib/libctru.a(fs.o)
                0x000000000010aa80                fsInit
 .text.fsExit   0x000000000010ab4c       0x3c /opt/devkitpro/libctru/lib/libctru.a(fs.o)
                0x000000000010ab4c                fsExit
 .text.fsExemptFromSession
                0x000000000010ab88       0x60 /opt/devkitpro/libctru/lib/libctru.a(fs.o)
                0x000000000010ab88                fsExemptFromSession
 .text.fsUnexemptFromSession
                0x000000000010abe8       0x50 /opt/devkitpro/libctru/lib/libctru.a(fs.o)
                0x000000000010abe8                fsUnexemptFromSession
 .text.FSUSER_OpenFile
                0x000000000010ac38       0xcc /opt/devkitpro/libctru/lib/libctru.a(fs.o)
                0x000000000010ac38                FSUSER_OpenFile
 .text.FSUSER_DeleteFile
                0x000000000010ad04       0xbc /opt/devkitpro/libctru/lib/libctru.a(fs.o)
                0x000000000010ad04                FSUSER_DeleteFile
 .text.FSUSER_RenameFile
                0x000000000010adc0       0xf8 /opt/devkitpro/libctru/lib/libctru.a(fs.o)
                0x000000000010adc0                FSUSER_RenameFile
 .text.FSUSER_DeleteDirectory
                0x000000000010aeb8       0xbc /opt/devkitpro/libctru/lib/libctru.a(fs.o)
                0x000000000010aeb8                FSUSER_DeleteDirectory
 .text.FSUSER_CreateFile
                0x000000000010af74       0xd4 /opt/devkitpro/libctru/lib/libctru.a(fs.o)
                0x000000000010af74                FSUSER_CreateFile
 .text.FSUSER_CreateDirectory
                0x000000000010b048       0xc4 /opt/devkitpro/libctru/lib/libctru.a(fs.o)
                0x000000000010b048                FSUSER_CreateDirectory
 .text.FSUSER_RenameDirectory
                0x000000000010b10c       0xf8 /opt/devkitpro/libctru/lib/libctru.a(fs.o)
                0x000000000010b10c                FSUSER_RenameDirectory
 .text.FSUSER_OpenDirectory
                0x000000000010b204       0xb4 /opt/devkitpro/libctru/lib/libctru.a(fs.o)
                0x000000000010b204                FSUSER_OpenDirectory
 .text.FSUSER_OpenArchive
                0x000000000010b2b8       0x98 /opt/devkitpro/libctru/lib/libctru.a(fs.o)
                0x000000000010b2b8                FSUSER_OpenArchive
 .text.FSUSER_CloseArchive
                0x000000000010b350       0x8c /opt/devkitpro/libctru/lib/libctru.a(fs.o)
                0x000000000010b350                FSUSER_CloseArchive
 .text.FSUSER_GetSdmcArchiveResource
                0x000000000010b3dc       0x74 /opt/devkitpro/libctru/lib/libctru.a(fs.o)
                0x000000000010b3dc                FSUSER_GetSdmcArchiveResource
 .text.FSUSER_IsSdmcWritable
                0x000000000010b450       0x64 /opt/devkitpro/libctru/lib/libctru.a(fs.o)
                0x000000000010b450                FSUSER_IsSdmcWritable
 .text.FSFILE_Read
                0x000000000010b4b4       0x58 /opt/devkitpro/libctru/lib/libctru.a(fs.o)
                0x000000000010b4b4                FSFILE_Read
 .text.FSFILE_Write
                0x000000000010b50c       0x60 /opt/devkitpro/libctru/lib/libctru.a(fs.o)
                0x000000000010b50c                FSFILE_Write
 .text.FSFILE_GetSize
                0x000000000010b56c       0x3c /opt/devkitpro/libctru/lib/libctru.a(fs.o)
                0x000000000010b56c                FSFILE_GetSize
 .text.FSFILE_SetSize
                0x000000000010b5a8       0x28 /opt/devkitpro/libctru/lib/libctru.a(fs.o)
                0x000000000010b5a8                FSFILE_SetSize
 .text.FSFILE_Close
                0x000000000010b5d0       0x3c /opt/devkitpro/libctru/lib/libctru.a(fs.o)
                0x000000000010b5d0                FSFILE_Close
 .text.FSFILE_Flush
                0x000000000010b60c       0x24 /opt/devkitpro/libctru/lib/libctru.a(fs.o)
                0x000000000010b60c                FSFILE_Flush
 .text.FSDIR_Read
                0x000000000010b630       0x50 /opt/devkitpro/libctru/lib/libctru.a(fs.o)
                0x000000000010b630                FSDIR_Read
 .text.FSDIR_Close
                0x000000000010b680       0x3c /opt/devkitpro/libctru/lib/libctru.a(fs.o)
                0x000000000010b680                FSDIR_Close
 .text.rbtree_node_next
                0x000000000010b6bc       0x5c /opt/devkitpro/libctru/lib/libctru.a(rbtree_iterator.o)
                0x000000000010b6bc                rbtree_node_next
 .text.__aeabi_read_tp
                0x000000000010b718        0xc /opt/devkitpro/libctru/lib/libctru.a(readtp.o)
                0x000000000010b718                __aeabi_read_tp
 .text.__udivmoddi4
                0x000000000010b724      0x120 /opt/devkitpro/devkitARM/bin/../lib/gcc/arm-none-eabi/12.2.0/armv6k/fpu/libgcc.a(_udivmoddi4.o)
                0x000000000010b724                __udivmoddi4
 .text.bsearch  0x000000000010b844       0x78 /opt/devkitpro/devkitARM/bin/../lib/gcc/arm-none-eabi/12.2.0/../../../../arm-none-eabi/lib/armv6k/fpu/libg.a(lib_a-bsearch.o)
                0x000000000010b844                bsearch
 .text.__errno  0x000000000010b8bc        0xc /opt/devkitpro/devkitARM/bin/../lib/gcc/arm-none-eabi/12.2.0/../../../../arm-none-eabi/lib/armv6k/fpu/libg.a(lib_a-errno.o)
                0x000000000010b8bc                __errno
 .text.exit     0x000000000010b8c8       0x34 /opt/devkitpro/devkitARM/bin/../lib/gcc/arm-none-eabi/12.2.0/../../../../arm-none-eabi/lib/armv6k/fpu/libg.a(lib_a-exit.o)
                0x000000000010b8c8                exit
 .text.__sflush_r
                0x000000000010b8fc      0x234 /opt/devkitpro/devkitARM/bin/../lib/gcc/arm-none-eabi/12.2.0/../../../../arm-none-eabi/lib/armv6k/fpu/libg.a(lib_a-fflush.o)
                0x000000000010b8fc                __sflush_r
 .text._fflush_r
                0x000000000010bb30       0x94 /opt/devkitpro/devkitARM/bin/../lib/gcc/arm-none-eabi/12.2.0/../../../../arm-none-eabi/lib/armv6k/fpu/libg.a(lib_a-fflush.o)
                0x000000000010bb30                _fflush_r
 .text._cleanup_r
                0x000000000010bbc4        0xc /opt/devkitpro/devkitARM/bin/../lib/gcc/arm-none-eabi/12.2.0/../../../../arm-none-eabi/lib/armv6k/fpu/libg.a(lib_a-findfp.o)
                0x000000000010bbc4                _cleanup_r
 .text.__sinit  0x000000000010bbd0      0x184 /opt/devkitpro/devkitARM/bin/../lib/gcc/arm-none-eabi/12.2.0/../../../../arm-none-eabi/lib/armv6k/fpu/libg.a(lib_a-findfp.o)
                0x000000000010bbd0                __sinit
 .text.__sfp_lock_acquire
                0x000000000010bd54        0xc /opt/devkitpro/devkitARM/bin/../lib/gcc/arm-none-eabi/12.2.0/../../../../arm-none-eabi/lib/armv6k/fpu/libg.a(lib_a-findfp.o)
                0x000000000010bd54                __sfp_lock_acquire
 .text.__sfp_lock_release
                0x000000000010bd60        0xc /opt/devkitpro/devkitARM/bin/../lib/gcc/arm-none-eabi/12.2.0/../../../../arm-none-eabi/lib/armv6k/fpu/libg.a(lib_a-findfp.o)
                0x000000000010bd60                __sfp_lock_release
 .text.__libc_fini_array
                0x000000000010bd6c       0x3c /opt/devkitpro/devkitARM/bin/../lib/gcc/arm-none-eabi/12.2.0/../../../../arm-none-eabi/lib/armv6k/fpu/libg.a(lib_a-fini.o)
                0x000000000010bd6c                __libc_fini_array
 .text._malloc_trim_r
                0x000000000010bda8       0xf8 /opt/devkitpro/devkitARM/bin/../lib/gcc/arm-none-eabi/12.2.0/../../../../arm-none-eabi/lib/armv6k/fpu/libg.a(lib_a-freer.o)
                0x000000000010bda8                _malloc_trim_r
 .text._free_r  0x000000000010bea0      0x2e8 /opt/devkitpro/devkitARM/bin/../lib/gcc/arm-none-eabi/12.2.0/../../../../arm-none-eabi/lib/armv6k/fpu/libg.a(lib_a-freer.o)
                0x000000000010bea0                _free_r
 .text._fwalk_reent
                0x000000000010c188       0x70 /opt/devkitpro/devkitARM/bin/../lib/gcc/arm-none-eabi/12.2.0/../../../../arm-none-eabi/lib/armv6k/fpu/libg.a(lib_a-fwalk.o)
                0x000000000010c188                _fwalk_reent
 .text.__libc_init_array
                0x000000000010c1f8       0x84 /opt/devkitpro/devkitARM/bin/../lib/gcc/arm-none-eabi/12.2.0/../../../../arm-none-eabi/lib/armv6k/fpu/libg.a(lib_a-init.o)
                0x000000000010c1f8                __libc_init_array
 .text.memalign
                0x000000000010c27c       0x20 /opt/devkitpro/devkitARM/bin/../lib/gcc/arm-none-eabi/12.2.0/../../../../arm-none-eabi/lib/armv6k/fpu/libg.a(lib_a-malign.o)
                0x000000000010c27c                memalign
 .text._memalign_r
                0x000000000010c29c      0x14c /opt/devkitpro/devkitARM/bin/../lib/gcc/arm-none-eabi/12.2.0/../../../../arm-none-eabi/lib/armv6k/fpu/libg.a(lib_a-malignr.o)
                0x000000000010c29c                _memalign_r
 .text.malloc   0x000000000010c3e8       0x18 /opt/devkitpro/devkitARM/bin/../lib/gcc/arm-none-eabi/12.2.0/../../../../arm-none-eabi/lib/armv6k/fpu/libg.a(lib_a-malloc.o)
                0x000000000010c3e8                malloc
 .text.free     0x000000000010c400       0x18 /opt/devkitpro/devkitARM/bin/../lib/gcc/arm-none-eabi/12.2.0/../../../../arm-none-eabi/lib/armv6k/fpu/libg.a(lib_a-malloc.o)
                0x000000000010c400                free
 .text._malloc_r
                0x000000000010c418      0x7e4 /opt/devkitpro/devkitARM/bin/../lib/gcc/arm-none-eabi/12.2.0/../../../../arm-none-eabi/lib/armv6k/fpu/libg.a(lib_a-mallocr.o)
                0x000000000010c418                _malloc_r
 .text.memchr   0x000000000010cbfc       0xe4 /opt/devkitpro/devkitARM/bin/../lib/gcc/arm-none-eabi/12.2.0/../../../../arm-none-eabi/lib/armv6k/fpu/libg.a(lib_a-memchr-stub.o)
                0x000000000010cbfc                memchr
 .text.memcpy   0x000000000010cce0      0x118 /opt/devkitpro/devkitARM/bin/../lib/gcc/arm-none-eabi/12.2.0/../../../../arm-none-eabi/lib/armv6k/fpu/libg.a(lib_a-memcpy-stub.o)
                0x000000000010cce0                memcpy
 .text.memset   0x000000000010cdf8       0xf4 /opt/devkitpro/devkitARM/bin/../lib/gcc/arm-none-eabi/12.2.0/../../../../arm-none-eabi/lib/armv6k/fpu/libg.a(lib_a-memset.o)
                0x000000000010cdf8                memset
 .text.__malloc_lock
                0x000000000010ceec        0xc /opt/devkitpro/devkitARM/bin/../lib/gcc/arm-none-eabi/12.2.0/../../../../arm-none-eabi/lib/armv6k/fpu/libg.a(lib_a-mlock.o)
                0x000000000010ceec                __malloc_lock
 .text.__malloc_unlock
                0x000000000010cef8        0xc /opt/devkitpro/devkitARM/bin/../lib/gcc/arm-none-eabi/12.2.0/../../../../arm-none-eabi/lib/armv6k/fpu/libg.a(lib_a-mlock.o)
                0x000000000010cef8                __malloc_unlock
 .text.printf   0x000000000010cf04       0x34 /opt/devkitpro/devkitARM/bin/../lib/gcc/arm-none-eabi/12.2.0/../../../../arm-none-eabi/lib/armv6k/fpu/libg.a(lib_a-printf.o)
                0x000000000010cf04                printf
 .text._puts_r  0x000000000010cf38       0xe0 /opt/devkitpro/devkitARM/bin/../lib/gcc/arm-none-eabi/12.2.0/../../../../arm-none-eabi/lib/armv6k/fpu/libg.a(lib_a-puts.o)
                0x000000000010cf38                _puts_r
 .text.puts     0x000000000010d018       0x18 /opt/devkitpro/devkitARM/bin/../lib/gcc/arm-none-eabi/12.2.0/../../../../arm-none-eabi/lib/armv6k/fpu/libg.a(lib_a-puts.o)
                0x000000000010d018                puts
 .text.setvbuf  0x000000000010d030      0x25c /opt/devkitpro/devkitARM/bin/../lib/gcc/arm-none-eabi/12.2.0/../../../../arm-none-eabi/lib/armv6k/fpu/libg.a(lib_a-setvbuf.o)
                0x000000000010d030                setvbuf
 .text.sscanf   0x000000000010d28c       0x74 /opt/devkitpro/devkitARM/bin/../lib/gcc/arm-none-eabi/12.2.0/../../../../arm-none-eabi/lib/armv6k/fpu/libg.a(lib_a-sscanf.o)
                0x000000000010d28c                sscanf
 .text.__sread  0x000000000010d300       0x44 /opt/devkitpro/devkitARM/bin/../lib/gcc/arm-none-eabi/12.2.0/../../../../arm-none-eabi/lib/armv6k/fpu/libg.a(lib_a-stdio.o)
                0x000000000010d300                __sread
 .text.__seofread
                0x000000000010d344        0x8 /opt/devkitpro/devkitARM/bin/../lib/gcc/arm-none-eabi/12.2.0/../../../../arm-none-eabi/lib/armv6k/fpu/libg.a(lib_a-stdio.o)
                0x000000000010d344                __seofread
 .text.__swrite
                0x000000000010d34c       0x68 /opt/devkitpro/devkitARM/bin/../lib/gcc/arm-none-eabi/12.2.0/../../../../arm-none-eabi/lib/armv6k/fpu/libg.a(lib_a-stdio.o)
                0x000000000010d34c                __swrite
 .text.__sseek  0x000000000010d3b4       0x44 /opt/devkitpro/devkitARM/bin/../lib/gcc/arm-none-eabi/12.2.0/../../../../arm-none-eabi/lib/armv6k/fpu/libg.a(lib_a-stdio.o)
                0x000000000010d3b4                __sseek
 .text.__sclose
                0x000000000010d3f8        0x8 /opt/devkitpro/devkitARM/bin/../lib/gcc/arm-none-eabi/12.2.0/../../../../arm-none-eabi/lib/armv6k/fpu/libg.a(lib_a-stdio.o)
                0x000000000010d3f8                __sclose
 .text.strlen   0x000000000010d400       0x5c /opt/devkitpro/devkitARM/bin/../lib/gcc/arm-none-eabi/12.2.0/../../../../arm-none-eabi/lib/armv6k/fpu/libg.a(lib_a-strlen-stub.o)
                0x000000000010d400                strlen
 .text.strncat  0x000000000010d45c       0xe4 /opt/devkitpro/devkitARM/bin/../lib/gcc/arm-none-eabi/12.2.0/../../../../arm-none-eabi/lib/armv6k/fpu/libg.a(lib_a-strncat.o)
                0x000000000010d45c                strncat
 .text.strncmp  0x000000000010d540       0xe4 /opt/devkitpro/devkitARM/bin/../lib/gcc/arm-none-eabi/12.2.0/../../../../arm-none-eabi/lib/armv6k/fpu/libg.a(lib_a-strncmp.o)
                0x000000000010d540                strncmp
 .text.strncpy  0x000000000010d624       0xc4 /opt/devkitpro/devkitARM/bin/../lib/gcc/arm-none-eabi/12.2.0/../../../../arm-none-eabi/lib/armv6k/fpu/libg.a(lib_a-strncpy.o)
                0x000000000010d624                strncpy
 .text.strnlen  0x000000000010d6e8       0x48 /opt/devkitpro/devkitARM/bin/../lib/gcc/arm-none-eabi/12.2.0/../../../../arm-none-eabi/lib/armv6k/fpu/libg.a(lib_a-strnlen.o)
                0x000000000010d6e8                strnlen
 .text.critical_factorization
                0x000000000010d730      0x128 /opt/devkitpro/devkitARM/bin/../lib/gcc/arm-none-eabi/12.2.0/../../../../arm-none-eabi/lib/armv6k/fpu/libg.a(lib_a-strstr.o)
 .text.two_way_long_needle
                0x000000000010d858      0x364 /opt/devkitpro/devkitARM/bin/../lib/gcc/arm-none-eabi/12.2.0/../../../../arm-none-eabi/lib/armv6k/fpu/libg.a(lib_a-strstr.o)
 .text.strstr   0x000000000010dbbc      0x248 /opt/devkitpro/devkitARM/bin/../lib/gcc/arm-none-eabi/12.2.0/../../../../arm-none-eabi/lib/armv6k/fpu/libg.a(lib_a-strstr.o)
                0x000000000010dbbc                strstr
 .text._strtoul_l.constprop.0
                0x000000000010de04      0x1c4 /opt/devkitpro/devkitARM/bin/../lib/gcc/arm-none-eabi/12.2.0/../../../../arm-none-eabi/lib/armv6k/fpu/libg.a(lib_a-strtoul.o)
 .text._strtoul_r
                0x000000000010dfc8        0x4 /opt/devkitpro/devkitARM/bin/../lib/gcc/arm-none-eabi/12.2.0/../../../../arm-none-eabi/lib/armv6k/fpu/libg.a(lib_a-strtoul.o)
                0x000000000010dfc8                _strtoul_r
 .text.strtoul  0x000000000010dfcc       0x28 /opt/devkitpro/devkitARM/bin/../lib/gcc/arm-none-eabi/12.2.0/../../../../arm-none-eabi/lib/armv6k/fpu/libg.a(lib_a-strtoul.o)
                0x000000000010dfcc                strtoul
 .text.get_arg  0x000000000010dff4       0x50 /opt/devkitpro/devkitARM/bin/../lib/gcc/arm-none-eabi/12.2.0/../../../../arm-none-eabi/lib/armv6k/fpu/libg.a(lib_a-svfscanf.o)
 .text.__ssvfscanf_r
                0x000000000010e044     0x2c38 /opt/devkitpro/devkitARM/bin/../lib/gcc/arm-none-eabi/12.2.0/../../../../arm-none-eabi/lib/armv6k/fpu/libg.a(lib_a-svfscanf.o)
                0x000000000010e044                __ssvfscanf_r
 .text.get_arg  0x0000000000110c7c      0x66c /opt/devkitpro/devkitARM/bin/../lib/gcc/arm-none-eabi/12.2.0/../../../../arm-none-eabi/lib/armv6k/fpu/libg.a(lib_a-vfprintf.o)
 .text._vfprintf_r
                0x00000000001112e8     0x339c /opt/devkitpro/devkitARM/bin/../lib/gcc/arm-none-eabi/12.2.0/../../../../arm-none-eabi/lib/armv6k/fpu/libg.a(lib_a-vfprintf.o)
                0x00000000001112e8                _vfprintf_r
 .text.__sbprintf
                0x0000000000114684       0xd0 /opt/devkitpro/devkitARM/bin/../lib/gcc/arm-none-eabi/12.2.0/../../../../arm-none-eabi/lib/armv6k/fpu/libg.a(lib_a-vfprintf.o)
 .text._wcrtomb_r
                0x0000000000114754       0x54 /opt/devkitpro/devkitARM/bin/../lib/gcc/arm-none-eabi/12.2.0/../../../../arm-none-eabi/lib/armv6k/fpu/libg.a(lib_a-wcrtomb.o)
                0x0000000000114754                _wcrtomb_r
 .text._wcsrtombs_r
                0x00000000001147a8       0x28 /opt/devkitpro/devkitARM/bin/../lib/gcc/arm-none-eabi/12.2.0/../../../../arm-none-eabi/lib/armv6k/fpu/libg.a(lib_a-wcsrtombs.o)
                0x00000000001147a8                _wcsrtombs_r
 .text.__swsetup_r
                0x00000000001147d0      0x13c /opt/devkitpro/devkitARM/bin/../lib/gcc/arm-none-eabi/12.2.0/../../../../arm-none-eabi/lib/armv6k/fpu/libg.a(lib_a-wsetup.o)
                0x00000000001147d0                __swsetup_r
 .text.__call_exitprocs
                0x000000000011490c      0x114 /opt/devkitpro/devkitARM/bin/../lib/gcc/arm-none-eabi/12.2.0/../../../../arm-none-eabi/lib/armv6k/fpu/libg.a(lib_a-__call_atexit.o)
                0x000000000011490c                __call_exitprocs
 .text.quorem   0x0000000000114a20      0x1b0 /opt/devkitpro/devkitARM/bin/../lib/gcc/arm-none-eabi/12.2.0/../../../../arm-none-eabi/lib/armv6k/fpu/libg.a(lib_a-dtoa.o)
 .text._dtoa_r  0x0000000000114bd0     0x11f8 /opt/devkitpro/devkitARM/bin/../lib/gcc/arm-none-eabi/12.2.0/../../../../arm-none-eabi/lib/armv6k/fpu/libg.a(lib_a-dtoa.o)
                0x0000000000114bd0                _dtoa_r
 .text._fclose_r
                0x0000000000115dc8      0x15c /opt/devkitpro/devkitARM/bin/../lib/gcc/arm-none-eabi/12.2.0/../../../../arm-none-eabi/lib/armv6k/fpu/libg.a(lib_a-fclose.o)
                0x0000000000115dc8                _fclose_r
 .text.__sfvwrite_r
                0x0000000000115f24      0x4b4 /opt/devkitpro/devkitARM/bin/../lib/gcc/arm-none-eabi/12.2.0/../../../../arm-none-eabi/lib/armv6k/fpu/libg.a(lib_a-fvwrite.o)
                0x0000000000115f24                __sfvwrite_r
 .text.iswspace
                0x00000000001163d8        0x8 /opt/devkitpro/devkitARM/bin/../lib/gcc/arm-none-eabi/12.2.0/../../../../arm-none-eabi/lib/armv6k/fpu/libg.a(lib_a-iswspace.o)
                0x00000000001163d8                iswspace
 .text._localeconv_r
                0x00000000001163e0        0xc /opt/devkitpro/devkitARM/bin/../lib/gcc/arm-none-eabi/12.2.0/../../../../arm-none-eabi/lib/armv6k/fpu/libg.a(lib_a-localeconv.o)
                0x00000000001163e0                _localeconv_r
 .text.__locale_mb_cur_max
                0x00000000001163ec       0x10 /opt/devkitpro/devkitARM/bin/../lib/gcc/arm-none-eabi/12.2.0/../../../../arm-none-eabi/lib/armv6k/fpu/libg.a(lib_a-locale.o)
                0x00000000001163ec                __locale_mb_cur_max
 .text.__smakebuf_r
                0x00000000001163fc      0x138 /opt/devkitpro/devkitARM/bin/../lib/gcc/arm-none-eabi/12.2.0/../../../../arm-none-eabi/lib/armv6k/fpu/libg.a(lib_a-makebuf.o)
                0x00000000001163fc                __smakebuf_r
 .text.__swhatbuf_r
                0x0000000000116534       0x8c /opt/devkitpro/devkitARM/bin/../lib/gcc/arm-none-eabi/12.2.0/../../../../arm-none-eabi/lib/armv6k/fpu/libg.a(lib_a-makebuf.o)
                0x0000000000116534                __swhatbuf_r
 .text._mbrtowc_r
                0x00000000001165c0       0x68 /opt/devkitpro/devkitARM/bin/../lib/gcc/arm-none-eabi/12.2.0/../../../../arm-none-eabi/lib/armv6k/fpu/libg.a(lib_a-mbrtowc.o)
                0x00000000001165c0                _mbrtowc_r
 .text.__utf8_mbtowc
                0x0000000000116628      0x2f8 /opt/devkitpro/devkitARM/bin/../lib/gcc/arm-none-eabi/12.2.0/../../../../arm-none-eabi/lib/armv6k/fpu/libg.a(lib_a-mbtowc_r.o)
                0x0000000000116628                __utf8_mbtowc
 .text.memcmp   0x0000000000116920       0xb0 /opt/devkitpro/devkitARM/bin/../lib/gcc/arm-none-eabi/12.2.0/../../../../arm-none-eabi/lib/armv6k/fpu/libg.a(lib_a-memcmp.o)
                0x0000000000116920                memcmp
 .text.memmove  0x00000000001169d0      0x150 /opt/devkitpro/devkitARM/bin/../lib/gcc/arm-none-eabi/12.2.0/../../../../arm-none-eabi/lib/armv6k/fpu/libg.a(lib_a-memmove.o)
                0x00000000001169d0                memmove
 .text._Balloc  0x0000000000116b20       0x88 /opt/devkitpro/devkitARM/bin/../lib/gcc/arm-none-eabi/12.2.0/../../../../arm-none-eabi/lib/armv6k/fpu/libg.a(lib_a-mprec.o)
                0x0000000000116b20                _Balloc
 .text._Bfree   0x0000000000116ba8       0x1c /opt/devkitpro/devkitARM/bin/../lib/gcc/arm-none-eabi/12.2.0/../../../../arm-none-eabi/lib/armv6k/fpu/libg.a(lib_a-mprec.o)
                0x0000000000116ba8                _Bfree
 .text.__multadd
                0x0000000000116bc4       0xf4 /opt/devkitpro/devkitARM/bin/../lib/gcc/arm-none-eabi/12.2.0/../../../../arm-none-eabi/lib/armv6k/fpu/libg.a(lib_a-mprec.o)
                0x0000000000116bc4                __multadd
 .text.__s2b    0x0000000000116cb8      0x110 /opt/devkitpro/devkitARM/bin/../lib/gcc/arm-none-eabi/12.2.0/../../../../arm-none-eabi/lib/armv6k/fpu/libg.a(lib_a-mprec.o)
                0x0000000000116cb8                __s2b
 .text.__hi0bits
                0x0000000000116dc8       0x60 /opt/devkitpro/devkitARM/bin/../lib/gcc/arm-none-eabi/12.2.0/../../../../arm-none-eabi/lib/armv6k/fpu/libg.a(lib_a-mprec.o)
                0x0000000000116dc8                __hi0bits
 .text.__lo0bits
                0x0000000000116e28       0x9c /opt/devkitpro/devkitARM/bin/../lib/gcc/arm-none-eabi/12.2.0/../../../../arm-none-eabi/lib/armv6k/fpu/libg.a(lib_a-mprec.o)
                0x0000000000116e28                __lo0bits
 .text.__i2b    0x0000000000116ec4       0xa8 /opt/devkitpro/devkitARM/bin/../lib/gcc/arm-none-eabi/12.2.0/../../../../arm-none-eabi/lib/armv6k/fpu/libg.a(lib_a-mprec.o)
                0x0000000000116ec4                __i2b
 .text.__multiply
                0x0000000000116f6c      0x204 /opt/devkitpro/devkitARM/bin/../lib/gcc/arm-none-eabi/12.2.0/../../../../arm-none-eabi/lib/armv6k/fpu/libg.a(lib_a-mprec.o)
                0x0000000000116f6c                __multiply
 .text.__pow5mult
                0x0000000000117170      0x124 /opt/devkitpro/devkitARM/bin/../lib/gcc/arm-none-eabi/12.2.0/../../../../arm-none-eabi/lib/armv6k/fpu/libg.a(lib_a-mprec.o)
                0x0000000000117170                __pow5mult
 .text.__lshift
                0x0000000000117294      0x140 /opt/devkitpro/devkitARM/bin/../lib/gcc/arm-none-eabi/12.2.0/../../../../arm-none-eabi/lib/armv6k/fpu/libg.a(lib_a-mprec.o)
                0x0000000000117294                __lshift
 .text.__mcmp   0x00000000001173d4       0x58 /opt/devkitpro/devkitARM/bin/../lib/gcc/arm-none-eabi/12.2.0/../../../../arm-none-eabi/lib/armv6k/fpu/libg.a(lib_a-mprec.o)
                0x00000000001173d4                __mcmp
 .text.__mdiff  0x000000000011742c      0x1ec /opt/devkitpro/devkitARM/bin/../lib/gcc/arm-none-eabi/12.2.0/../../../../arm-none-eabi/lib/armv6k/fpu/libg.a(lib_a-mprec.o)
                0x000000000011742c                __mdiff
 .text.__ulp    0x0000000000117618       0x68 /opt/devkitpro/devkitARM/bin/../lib/gcc/arm-none-eabi/12.2.0/../../../../arm-none-eabi/lib/armv6k/fpu/libg.a(lib_a-mprec.o)
                0x0000000000117618                __ulp
 .text.__b2d    0x0000000000117680       0xd0 /opt/devkitpro/devkitARM/bin/../lib/gcc/arm-none-eabi/12.2.0/../../../../arm-none-eabi/lib/armv6k/fpu/libg.a(lib_a-mprec.o)
                0x0000000000117680                __b2d
 .text.__d2b    0x0000000000117750      0x120 /opt/devkitpro/devkitARM/bin/../lib/gcc/arm-none-eabi/12.2.0/../../../../arm-none-eabi/lib/armv6k/fpu/libg.a(lib_a-mprec.o)
                0x0000000000117750                __d2b
 .text.__ratio  0x0000000000117870       0x78 /opt/devkitpro/devkitARM/bin/../lib/gcc/arm-none-eabi/12.2.0/../../../../arm-none-eabi/lib/armv6k/fpu/libg.a(lib_a-mprec.o)
                0x0000000000117870                __ratio
 .text.__copybits
                0x00000000001178e8       0x88 /opt/devkitpro/devkitARM/bin/../lib/gcc/arm-none-eabi/12.2.0/../../../../arm-none-eabi/lib/armv6k/fpu/libg.a(lib_a-mprec.o)
                0x00000000001178e8                __copybits
 .text.__any_on
                0x0000000000117970       0x5c /opt/devkitpro/devkitARM/bin/../lib/gcc/arm-none-eabi/12.2.0/../../../../arm-none-eabi/lib/armv6k/fpu/libg.a(lib_a-mprec.o)
                0x0000000000117970                __any_on
 .text.realloc  0x00000000001179cc       0x20 /opt/devkitpro/devkitARM/bin/../lib/gcc/arm-none-eabi/12.2.0/../../../../arm-none-eabi/lib/armv6k/fpu/libg.a(lib_a-realloc.o)
                0x00000000001179cc                realloc
 .text._realloc_r
                0x00000000001179ec      0x4a0 /opt/devkitpro/devkitARM/bin/../lib/gcc/arm-none-eabi/12.2.0/../../../../arm-none-eabi/lib/armv6k/fpu/libg.a(lib_a-reallocr.o)
                0x00000000001179ec                _realloc_r
 .text.__sccl   0x0000000000117e8c       0xf4 /opt/devkitpro/devkitARM/bin/../lib/gcc/arm-none-eabi/12.2.0/../../../../arm-none-eabi/lib/armv6k/fpu/libg.a(lib_a-sccl.o)
                0x0000000000117e8c                __sccl
 .text.nanf     0x0000000000117f80        0xc /opt/devkitpro/devkitARM/bin/../lib/gcc/arm-none-eabi/12.2.0/../../../../arm-none-eabi/lib/armv6k/fpu/libg.a(lib_a-sf_nan.o)
                0x0000000000117f80                nanf
 *fill*         0x0000000000117f8c        0x4 
 .text.frexp    0x0000000000117f90       0x88 /opt/devkitpro/devkitARM/bin/../lib/gcc/arm-none-eabi/12.2.0/../../../../arm-none-eabi/lib/armv6k/fpu/libg.a(lib_a-s_frexp.o)
                0x0000000000117f90                frexp
 .text.sprintf  0x0000000000118018       0x64 /opt/devkitpro/devkitARM/bin/../lib/gcc/arm-none-eabi/12.2.0/../../../../arm-none-eabi/lib/armv6k/fpu/libg.a(lib_a-sprintf.o)
                0x0000000000118018                sprintf
 .text.stpncpy  0x000000000011807c       0xcc /opt/devkitpro/devkitARM/bin/../lib/gcc/arm-none-eabi/12.2.0/../../../../arm-none-eabi/lib/armv6k/fpu/libg.a(lib_a-stpncpy.o)
                0x000000000011807c                stpncpy
 .text.strchr   0x0000000000118148      0x130 /opt/devkitpro/devkitARM/bin/../lib/gcc/arm-none-eabi/12.2.0/../../../../arm-none-eabi/lib/armv6k/fpu/libg.a(lib_a-strchr.o)
                0x0000000000118148                strchr
 .text.sulp     0x0000000000118278       0x64 /opt/devkitpro/devkitARM/bin/../lib/gcc/arm-none-eabi/12.2.0/../../../../arm-none-eabi/lib/armv6k/fpu/libg.a(lib_a-strtod.o)
 *fill*         0x00000000001182dc        0x4 
 .text._strtod_l
                0x00000000001182e0     0x13a8 /opt/devkitpro/devkitARM/bin/../lib/gcc/arm-none-eabi/12.2.0/../../../../arm-none-eabi/lib/armv6k/fpu/libg.a(lib_a-strtod.o)
                0x00000000001182e0                _strtod_l
 .text._strtod_r
                0x0000000000119688        0xc /opt/devkitpro/devkitARM/bin/../lib/gcc/arm-none-eabi/12.2.0/../../../../arm-none-eabi/lib/armv6k/fpu/libg.a(lib_a-strtod.o)
                0x0000000000119688                _strtod_r
 .text._strtoll_l.constprop.0
                0x0000000000119694      0x22c /opt/devkitpro/devkitARM/bin/../lib/gcc/arm-none-eabi/12.2.0/../../../../arm-none-eabi/lib/armv6k/fpu/libg.a(lib_a-strtoll.o)
 .text._strtoll_r
                0x00000000001198c0        0x4 /opt/devkitpro/devkitARM/bin/../lib/gcc/arm-none-eabi/12.2.0/../../../../arm-none-eabi/lib/armv6k/fpu/libg.a(lib_a-strtoll.o)
                0x00000000001198c0                _strtoll_r
 .text._strtol_l.part.0
                0x00000000001198c4      0x1a4 /opt/devkitpro/devkitARM/bin/../lib/gcc/arm-none-eabi/12.2.0/../../../../arm-none-eabi/lib/armv6k/fpu/libg.a(lib_a-strtol.o)
 .text._strtol_r
                0x0000000000119a68       0x3c /opt/devkitpro/devkitARM/bin/../lib/gcc/arm-none-eabi/12.2.0/../../../../arm-none-eabi/lib/armv6k/fpu/libg.a(lib_a-strtol.o)
                0x0000000000119a68                _strtol_r
 .text._strtoull_l.constprop.0
                0x0000000000119aa4      0x244 /opt/devkitpro/devkitARM/bin/../lib/gcc/arm-none-eabi/12.2.0/../../../../arm-none-eabi/lib/armv6k/fpu/libg.a(lib_a-strtoull.o)
 .text._strtoull_r
                0x0000000000119ce8        0x4 /opt/devkitpro/devkitARM/bin/../lib/gcc/arm-none-eabi/12.2.0/../../../../arm-none-eabi/lib/armv6k/fpu/libg.a(lib_a-strtoull.o)
                0x0000000000119ce8                _strtoull_r
 .text.__ssprint_r
                0x0000000000119cec      0x188 /opt/devkitpro/devkitARM/bin/../lib/gcc/arm-none-eabi/12.2.0/../../../../arm-none-eabi/lib/armv6k/fpu/libg.a(lib_a-svfiprintf.o)
                0x0000000000119cec                __ssprint_r
 .text._sungetc_r
                0x0000000000119e74       0xd4 /opt/devkitpro/devkitARM/bin/../lib/gcc/arm-none-eabi/12.2.0/../../../../arm-none-eabi/lib/armv6k/fpu/libg.a(lib_a-svfiscanf.o)
                0x0000000000119e74                _sungetc_r
 .text.__ssrefill_r
                0x0000000000119f48       0x6c /opt/devkitpro/devkitARM/bin/../lib/gcc/arm-none-eabi/12.2.0/../../../../arm-none-eabi/lib/armv6k/fpu/libg.a(lib_a-svfiscanf.o)
                0x0000000000119f48                __ssrefill_r
 .text._sfread_r
                0x0000000000119fb4       0xc4 /opt/devkitpro/devkitARM/bin/../lib/gcc/arm-none-eabi/12.2.0/../../../../arm-none-eabi/lib/armv6k/fpu/libg.a(lib_a-svfiscanf.o)
                0x0000000000119fb4                _sfread_r
 .text.get_arg  0x000000000011a078      0x66c /opt/devkitpro/devkitARM/bin/../lib/gcc/arm-none-eabi/12.2.0/../../../../arm-none-eabi/lib/armv6k/fpu/libg.a(lib_a-svfprintf.o)
 *fill*         0x000000000011a6e4        0x4 
 .text._svfprintf_r
                0x000000000011a6e8     0x3334 /opt/devkitpro/devkitARM/bin/../lib/gcc/arm-none-eabi/12.2.0/../../../../arm-none-eabi/lib/armv6k/fpu/libg.a(lib_a-svfprintf.o)
                0x000000000011a6e8                _svfprintf_r
 .text.__submore
                0x000000000011da1c       0xa8 /opt/devkitpro/devkitARM/bin/../lib/gcc/arm-none-eabi/12.2.0/../../../../arm-none-eabi/lib/armv6k/fpu/libg.a(lib_a-ungetc.o)
                0x000000000011da1c                __submore
 .text.get_arg  0x000000000011dac4      0x66c /opt/devkitpro/devkitARM/bin/../lib/gcc/arm-none-eabi/12.2.0/../../../../arm-none-eabi/lib/armv6k/fpu/libg.a(lib_a-vfiprintf.o)
 .text.__sprint_r
                0x000000000011e130       0x30 /opt/devkitpro/devkitARM/bin/../lib/gcc/arm-none-eabi/12.2.0/../../../../arm-none-eabi/lib/armv6k/fpu/libg.a(lib_a-vfiprintf.o)
                0x000000000011e130                __sprint_r
 .text._vfiprintf_r
                0x000000000011e160     0x22ec /opt/devkitpro/devkitARM/bin/../lib/gcc/arm-none-eabi/12.2.0/../../../../arm-none-eabi/lib/armv6k/fpu/libg.a(lib_a-vfiprintf.o)
                0x000000000011e160                _vfiprintf_r
 .text.__sbprintf
                0x000000000012044c       0xd0 /opt/devkitpro/devkitARM/bin/../lib/gcc/arm-none-eabi/12.2.0/../../../../arm-none-eabi/lib/armv6k/fpu/libg.a(lib_a-vfiprintf.o)
 .text._wcsnrtombs_l
                0x000000000012051c      0x188 /opt/devkitpro/devkitARM/bin/../lib/gcc/arm-none-eabi/12.2.0/../../../../arm-none-eabi/lib/armv6k/fpu/libg.a(lib_a-wcsnrtombs.o)
                0x000000000012051c                _wcsnrtombs_l
 .text._wcsnrtombs_r
                0x00000000001206a4       0x4c /opt/devkitpro/devkitARM/bin/../lib/gcc/arm-none-eabi/12.2.0/../../../../arm-none-eabi/lib/armv6k/fpu/libg.a(lib_a-wcsnrtombs.o)
                0x00000000001206a4                _wcsnrtombs_r
 .text.__utf8_wctomb
                0x00000000001206f0       0xf0 /opt/devkitpro/devkitARM/bin/../lib/gcc/arm-none-eabi/12.2.0/../../../../arm-none-eabi/lib/armv6k/fpu/libg.a(lib_a-wctomb_r.o)
                0x00000000001206f0                __utf8_wctomb
 .text.__assert_func
                0x00000000001207e0       0x5c /opt/devkitpro/devkitARM/bin/../lib/gcc/arm-none-eabi/12.2.0/../../../../arm-none-eabi/lib/armv6k/fpu/libg.a(lib_a-assert.o)
                0x00000000001207e0                __assert_func
 .text._calloc_r
                0x000000000012083c       0xc0 /opt/devkitpro/devkitARM/bin/../lib/gcc/arm-none-eabi/12.2.0/../../../../arm-none-eabi/lib/armv6k/fpu/libg.a(lib_a-callocr.o)
                0x000000000012083c                _calloc_r
 .text.fiprintf
                0x00000000001208fc       0x3c /opt/devkitpro/devkitARM/bin/../lib/gcc/arm-none-eabi/12.2.0/../../../../arm-none-eabi/lib/armv6k/fpu/libg.a(lib_a-fiprintf.o)
                0x00000000001208fc                fiprintf
 .text.rshift   0x0000000000120938       0xf0 /opt/devkitpro/devkitARM/bin/../lib/gcc/arm-none-eabi/12.2.0/../../../../arm-none-eabi/lib/armv6k/fpu/libg.a(lib_a-gdtoa-gethex.o)
 .text.__gethex
                0x0000000000120a28      0x814 /opt/devkitpro/devkitARM/bin/../lib/gcc/arm-none-eabi/12.2.0/../../../../arm-none-eabi/lib/armv6k/fpu/libg.a(lib_a-gdtoa-gethex.o)
                0x0000000000120a28                __gethex
 .text.__match  0x000000000012123c       0x4c /opt/devkitpro/devkitARM/bin/../lib/gcc/arm-none-eabi/12.2.0/../../../../arm-none-eabi/lib/armv6k/fpu/libg.a(lib_a-gdtoa-hexnan.o)
                0x000000000012123c                __match
 .text.__hexnan
                0x0000000000121288      0x29c /opt/devkitpro/devkitARM/bin/../lib/gcc/arm-none-eabi/12.2.0/../../../../arm-none-eabi/lib/armv6k/fpu/libg.a(lib_a-gdtoa-hexnan.o)
                0x0000000000121288                __hexnan
 .text.iswspace_l
                0x0000000000121524       0x3c /opt/devkitpro/devkitARM/bin/../lib/gcc/arm-none-eabi/12.2.0/../../../../arm-none-eabi/lib/armv6k/fpu/libg.a(lib_a-iswspace_l.o)
                0x0000000000121524                iswspace_l
 .text.__jp2uc  0x0000000000121560      0x1d8 /opt/devkitpro/devkitARM/bin/../lib/gcc/arm-none-eabi/12.2.0/../../../../arm-none-eabi/lib/armv6k/fpu/libg.a(lib_a-jp2uc.o)
 .text._jp2uc_l
                0x0000000000121738       0x9c /opt/devkitpro/devkitARM/bin/../lib/gcc/arm-none-eabi/12.2.0/../../../../arm-none-eabi/lib/armv6k/fpu/libg.a(lib_a-jp2uc.o)
                0x0000000000121738                _jp2uc_l
 *fill*         0x00000000001217d4        0x4 
 .text.nan      0x00000000001217d8       0x10 /opt/devkitpro/devkitARM/bin/../lib/gcc/arm-none-eabi/12.2.0/../../../../arm-none-eabi/lib/armv6k/fpu/libg.a(lib_a-s_nan.o)
                0x00000000001217d8                nan
 .text.abort    0x00000000001217e8       0x14 /opt/devkitpro/devkitARM/bin/../lib/gcc/arm-none-eabi/12.2.0/../../../../arm-none-eabi/lib/armv6k/fpu/libg.a(lib_a-abort.o)
                0x00000000001217e8                abort
 .text.category
                0x00000000001217fc       0x8c /opt/devkitpro/devkitARM/bin/../lib/gcc/arm-none-eabi/12.2.0/../../../../arm-none-eabi/lib/armv6k/fpu/libg.a(lib_a-categories.o)
                0x00000000001217fc                category
 .text._raise_r
                0x0000000000121888       0x90 /opt/devkitpro/devkitARM/bin/../lib/gcc/arm-none-eabi/12.2.0/../../../../arm-none-eabi/lib/armv6k/fpu/libg.a(lib_a-signal.o)
                0x0000000000121888                _raise_r
 .text.raise    0x0000000000121918       0x18 /opt/devkitpro/devkitARM/bin/../lib/gcc/arm-none-eabi/12.2.0/../../../../arm-none-eabi/lib/armv6k/fpu/libg.a(lib_a-signal.o)
                0x0000000000121918                raise
 .text.null_write
                0x0000000000121930        0x8 /opt/devkitpro/devkitARM/bin/../lib/gcc/arm-none-eabi/12.2.0/../../../../arm-none-eabi/lib/armv6k/fpu/libsysbase.a(iosupport.o)
 .text.setDefaultDevice
                0x0000000000121938       0x18 /opt/devkitpro/devkitARM/bin/../lib/gcc/arm-none-eabi/12.2.0/../../../../arm-none-eabi/lib/armv6k/fpu/libsysbase.a(iosupport.o)
                0x0000000000121938                setDefaultDevice
 .text.FindDevice
                0x0000000000121950       0xc8 /opt/devkitpro/devkitARM/bin/../lib/gcc/arm-none-eabi/12.2.0/../../../../arm-none-eabi/lib/armv6k/fpu/libsysbase.a(iosupport.o)
                0x0000000000121950                FindDevice
 .text.RemoveDevice
                0x0000000000121a18       0x28 /opt/devkitpro/devkitARM/bin/../lib/gcc/arm-none-eabi/12.2.0/../../../../arm-none-eabi/lib/armv6k/fpu/libsysbase.a(iosupport.o)
                0x0000000000121a18                RemoveDevice
 .text.AddDevice
                0x0000000000121a40       0x9c /opt/devkitpro/devkitARM/bin/../lib/gcc/arm-none-eabi/12.2.0/../../../../arm-none-eabi/lib/armv6k/fpu/libsysbase.a(iosupport.o)
                0x0000000000121a40                AddDevice
 .text.GetDeviceOpTab
                0x0000000000121adc       0x20 /opt/devkitpro/devkitARM/bin/../lib/gcc/arm-none-eabi/12.2.0/../../../../arm-none-eabi/lib/armv6k/fpu/libsysbase.a(iosupport.o)
                0x0000000000121adc                GetDeviceOpTab
 .text._fstat_r
                0x0000000000121afc       0x78 /opt/devkitpro/devkitARM/bin/../lib/gcc/arm-none-eabi/12.2.0/../../../../arm-none-eabi/lib/armv6k/fpu/libsysbase.a(fstat.o)
                0x0000000000121afc                _fstat_r
 .text._getpid_r
                0x0000000000121b74       0x14 /opt/devkitpro/devkitARM/bin/../lib/gcc/arm-none-eabi/12.2.0/../../../../arm-none-eabi/lib/armv6k/fpu/libsysbase.a(getpid.o)
                0x0000000000121b74                _getpid_r
 .text._isatty_r
                0x0000000000121b88        0x8 /opt/devkitpro/devkitARM/bin/../lib/gcc/arm-none-eabi/12.2.0/../../../../arm-none-eabi/lib/armv6k/fpu/libsysbase.a(isatty.o)
                0x0000000000121b88                _isatty_r
 .text._kill_r  0x0000000000121b90       0x14 /opt/devkitpro/devkitARM/bin/../lib/gcc/arm-none-eabi/12.2.0/../../../../arm-none-eabi/lib/armv6k/fpu/libsysbase.a(kill.o)
                0x0000000000121b90                _kill_r
 .text._lseek_r
                0x0000000000121ba4       0x84 /opt/devkitpro/devkitARM/bin/../lib/gcc/arm-none-eabi/12.2.0/../../../../arm-none-eabi/lib/armv6k/fpu/libsysbase.a(lseek.o)
                0x0000000000121ba4                _lseek_r
 .text._read_r  0x0000000000121c28       0x80 /opt/devkitpro/devkitARM/bin/../lib/gcc/arm-none-eabi/12.2.0/../../../../arm-none-eabi/lib/armv6k/fpu/libsysbase.a(read.o)
                0x0000000000121c28                _read_r
 .text._sbrk_r  0x0000000000121ca8       0x78 /opt/devkitpro/devkitARM/bin/../lib/gcc/arm-none-eabi/12.2.0/../../../../arm-none-eabi/lib/armv6k/fpu/libsysbase.a(sbrk.o)
                0x0000000000121ca8                _sbrk_r
 .text._write_r
                0x0000000000121d20       0x80 /opt/devkitpro/devkitARM/bin/../lib/gcc/arm-none-eabi/12.2.0/../../../../arm-none-eabi/lib/armv6k/fpu/libsysbase.a(write.o)
                0x0000000000121d20                _write_r
 .text._exit    0x0000000000121da0       0x20 /opt/devkitpro/devkitARM/bin/../lib/gcc/arm-none-eabi/12.2.0/../../../../arm-none-eabi/lib/armv6k/fpu/libsysbase.a(_exit.o)
                0x0000000000121da0                _exit
 .text._concatenate_path
                0x0000000000121dc0      0x1a4 /opt/devkitpro/devkitARM/bin/../lib/gcc/arm-none-eabi/12.2.0/../../../../arm-none-eabi/lib/armv6k/fpu/libsysbase.a(chdir.o)
                0x0000000000121dc0                _concatenate_path
 .text.chdir    0x0000000000121f64      0x140 /opt/devkitpro/devkitARM/bin/../lib/gcc/arm-none-eabi/12.2.0/../../../../arm-none-eabi/lib/armv6k/fpu/libsysbase.a(chdir.o)
                0x0000000000121f64                chdir
 .text.__flockfile
                0x00000000001220a4        0x8 /opt/devkitpro/devkitARM/bin/../lib/gcc/arm-none-eabi/12.2.0/../../../../arm-none-eabi/lib/armv6k/fpu/libsysbase.a(flock.o)
                0x00000000001220a4                __flockfile
 .text.__funlockfile
                0x00000000001220ac        0x8 /opt/devkitpro/devkitARM/bin/../lib/gcc/arm-none-eabi/12.2.0/../../../../arm-none-eabi/lib/armv6k/fpu/libsysbase.a(flock.o)
                0x00000000001220ac                __funlockfile
 .text.__get_handle
                0x00000000001220b4       0x3c /opt/devkitpro/devkitARM/bin/../lib/gcc/arm-none-eabi/12.2.0/../../../../arm-none-eabi/lib/armv6k/fpu/libsysbase.a(handle_manager.o)
                0x00000000001220b4                __get_handle
 .text._close_r
                0x00000000001220f0       0xf4 /opt/devkitpro/devkitARM/bin/../lib/gcc/arm-none-eabi/12.2.0/../../../../arm-none-eabi/lib/armv6k/fpu/libsysbase.a(handle_manager.o)
                0x00000000001220f0                _close_r
 .text.__getreent
                0x00000000001221e4       0x2c /opt/devkitpro/devkitARM/bin/../lib/gcc/arm-none-eabi/12.2.0/../../../../arm-none-eabi/lib/armv6k/fpu/libsysbase.a(getreent.o)
                0x00000000001221e4                __getreent
 .text.__libc_lock_acquire
                0x0000000000122210       0x1c /opt/devkitpro/devkitARM/bin/../lib/gcc/arm-none-eabi/12.2.0/../../../../arm-none-eabi/lib/armv6k/fpu/libsysbase.a(syscall_support.o)
                0x0000000000122210                __libc_lock_acquire
 .text.__libc_lock_release
                0x000000000012222c       0x1c /opt/devkitpro/devkitARM/bin/../lib/gcc/arm-none-eabi/12.2.0/../../../../arm-none-eabi/lib/armv6k/fpu/libsysbase.a(syscall_support.o)
                0x000000000012222c                __libc_lock_release
 .text.__libc_lock_init_recursive
                0x0000000000122248       0x1c /opt/devkitpro/devkitARM/bin/../lib/gcc/arm-none-eabi/12.2.0/../../../../arm-none-eabi/lib/armv6k/fpu/libsysbase.a(syscall_support.o)
                0x0000000000122248                __libc_lock_init_recursive
 .text.__libc_lock_acquire_recursive
                0x0000000000122264       0x1c /opt/devkitpro/devkitARM/bin/../lib/gcc/arm-none-eabi/12.2.0/../../../../arm-none-eabi/lib/armv6k/fpu/libsysbase.a(syscall_support.o)
                0x0000000000122264                __libc_lock_acquire_recursive
 .text.__libc_lock_release_recursive
                0x0000000000122280       0x1c /opt/devkitpro/devkitARM/bin/../lib/gcc/arm-none-eabi/12.2.0/../../../../arm-none-eabi/lib/armv6k/fpu/libsysbase.a(syscall_support.o)
                0x0000000000122280                __libc_lock_release_recursive
 .text.__libc_lock_close_recursive
                0x000000000012229c       0x1c /opt/devkitpro/devkitARM/bin/../lib/gcc/arm-none-eabi/12.2.0/../../../../arm-none-eabi/lib/armv6k/fpu/libsysbase.a(syscall_support.o)
                0x000000000012229c                __libc_lock_close_recursive
 .text.__fixdfdi
                0x00000000001222b8       0x38 /opt/devkitpro/devkitARM/bin/../lib/gcc/arm-none-eabi/12.2.0/armv6k/fpu/libgcc.a(_fixdfdi.o)
                0x00000000001222b8                __aeabi_d2lz
                0x00000000001222b8                __fixdfdi
 .text.__fixunsdfdi
                0x00000000001222f0       0x40 /opt/devkitpro/devkitARM/bin/../lib/gcc/arm-none-eabi/12.2.0/armv6k/fpu/libgcc.a(_fixunsdfdi.o)
                0x00000000001222f0                __aeabi_d2ulz
                0x00000000001222f0                __fixunsdfdi
 .text.strrchr  0x0000000000122330       0x48 /opt/devkitpro/devkitARM/bin/../lib/gcc/arm-none-eabi/12.2.0/../../../../arm-none-eabi/lib/armv6k/fpu/libg.a(lib_a-strrchr.o)
                0x0000000000122330                strrchr
 *(.glue_7)
 .glue_7        0x0000000000122378        0x0 linker stubs
 *(.glue_7t)
 .glue_7t       0x0000000000122378        0x0 linker stubs
 *(.stub)
 *(.gnu.warning)
 *(.gnu.linkonce.t*)
                0x0000000000122378                . = ALIGN (0x4)
 *(.fini)
 .fini          0x0000000000122378        0xc /opt/devkitpro/devkitARM/bin/../lib/gcc/arm-none-eabi/12.2.0/armv6k/fpu/crti.o
                0x0000000000122378                _fini
 .fini          0x0000000000122384        0xc /opt/devkitpro/devkitARM/bin/../lib/gcc/arm-none-eabi/12.2.0/armv6k/fpu/crtn.o
                0x0000000000122390                . = ALIGN (0x4)

.vfp11_veneer   0x0000000000122390        0x0
 .vfp11_veneer  0x0000000000122390        0x0 linker stubs

.v4_bx          0x0000000000122390        0x0
 .v4_bx         0x0000000000122390        0x0 linker stubs

.iplt           0x0000000000122390        0x0
 .iplt          0x0000000000122390        0x0 /opt/devkitpro/devkitARM/bin/../lib/gcc/arm-none-eabi/12.2.0/../../../../arm-none-eabi/lib/armv6k/fpu/3dsx_crt0.o
                0x0000000000123000                . = ALIGN (0x1000)

.rodata         0x0000000000123000    0x40278
 *(.rodata)
 .rodata        0x0000000000123000        0x3 /opt/devkitpro/libctru/lib/libctru.a(apt.o)
 *fill*         0x0000000000123003        0x1 
 .rodata        0x0000000000123004        0xc /opt/devkitpro/libctru/lib/libctru.a(archive_dev.o)
 *(.roda)
 *(.rodata.*)
 .rodata.brew_bgr
                0x0000000000123010    0x38400 brew.bgr.o
                0x0000000000123010                brew_bgr
                0x000000000015b410                brew_bgr_end
 .rodata.str1.4
                0x000000000015b410      0x1bd keyboardDemo.o
 *fill*         0x000000000015b5cd        0x3 
 .rodata.parseColor.str1.4
                0x000000000015b5d0       0x1b /opt/devkitpro/libctru/lib/libctru.a(console.o)
 *fill*         0x000000000015b5eb        0x1 
 .rodata.con_write.str1.4
                0x000000000015b5ec       0x4a /opt/devkitpro/libctru/lib/libctru.a(console.o)
 *fill*         0x000000000015b636        0x2 
 .rodata.str1.4
                0x000000000015b638       0x10 /opt/devkitpro/libctru/lib/libctru.a(console.o)
 .rodata.dotab_stdout
                0x000000000015b648       0x70 /opt/devkitpro/libctru/lib/libctru.a(console.o)
 .rodata.grayScale
                0x000000000015b6b8       0x18 /opt/devkitpro/libctru/lib/libctru.a(console.o)
 .rodata.colorCube
                0x000000000015b6d0        0x6 /opt/devkitpro/libctru/lib/libctru.a(console.o)
 *fill*         0x000000000015b6d6        0x2 
 .rodata.colorTable
                0x000000000015b6d8       0x30 /opt/devkitpro/libctru/lib/libctru.a(console.o)
 .rodata.gspInit.str1.4
                0x000000000015b708        0x9 /opt/devkitpro/libctru/lib/libctru.a(gspgpu.o)
 *fill*         0x000000000015b711        0x3 
 .rodata.aptSendCommand.str1.4
                0x000000000015b714       0x16 /opt/devkitpro/libctru/lib/libctru.a(apt.o)
 *fill*         0x000000000015b72a        0x2 
 .rodata.morton_y.2
                0x000000000015b72c        0x8 /opt/devkitpro/libctru/lib/libctru.a(apt.o)
 .rodata.morton_x.3
                0x000000000015b734        0x8 /opt/devkitpro/libctru/lib/libctru.a(apt.o)
 .rodata.s_sleepWakeEvents.4
                0x000000000015b73c        0x8 /opt/devkitpro/libctru/lib/libctru.a(apt.o)
 .rodata.hidInit.str1.4
                0x000000000015b744       0x15 /opt/devkitpro/libctru/lib/libctru.a(hid.o)
 *fill*         0x000000000015b759        0x3 
 .rodata.swkbdFeatures
                0x000000000015b75c       0x14 /opt/devkitpro/libctru/lib/libctru.a(swkbd.o)
 .rodata.__system_initArgv.str1.4
                0x000000000015b770        0xa /opt/devkitpro/libctru/lib/libctru.a(initArgv.o)
 *fill*         0x000000000015b77a        0x2 
 .rodata.default_font_bin
                0x000000000015b77c      0x800 /opt/devkitpro/libctru/lib/libctru.a(default_font.bin.o)
                0x000000000015b77c                default_font_bin
                0x000000000015bf7c                default_font_bin_end
 .rodata.srvInit.str1.4
                0x000000000015bf7c        0x5 /opt/devkitpro/libctru/lib/libctru.a(srv.o)
 *fill*         0x000000000015bf81        0x3 
 .rodata.irrstInit.str1.4
                0x000000000015bf84        0x7 /opt/devkitpro/libctru/lib/libctru.a(irrst.o)
 *fill*         0x000000000015bf8b        0x1 
 .rodata.ptmSysmInit.str1.4
                0x000000000015bf8c        0x9 /opt/devkitpro/libctru/lib/libctru.a(ptmsysm.o)
 *fill*         0x000000000015bf95        0x3 
 .rodata._archiveUnmountDeviceStruct.part.0.str1.4
                0x000000000015bf98        0x2 /opt/devkitpro/libctru/lib/libctru.a(archive_dev.o)
 *fill*         0x000000000015bf9a        0x2 
 .rodata._archiveMountDevice.str1.4
                0x000000000015bf9c        0x8 /opt/devkitpro/libctru/lib/libctru.a(archive_dev.o)
                                          0xc (size before relaxing)
 .rodata.archiveMountSdmc.str1.4
                0x000000000015bfa4        0x5 /opt/devkitpro/libctru/lib/libctru.a(archive_dev.o)
 *fill*         0x000000000015bfa9        0x3 
 .rodata.error_table
                0x000000000015bfac       0x30 /opt/devkitpro/libctru/lib/libctru.a(archive_dev.o)
 .rodata.str1.4
                0x000000000015bfdc        0x8 /opt/devkitpro/libctru/lib/libctru.a(archive_dev.o)
 .rodata.archive_devoptab
                0x000000000015bfe4       0x70 /opt/devkitpro/libctru/lib/libctru.a(archive_dev.o)
 .rodata.fsInit.str1.4
                0x000000000015c054        0x8 /opt/devkitpro/libctru/lib/libctru.a(fs.o)
 .rodata._global_impure_ptr
                0x000000000015c05c        0x4 /opt/devkitpro/devkitARM/bin/../lib/gcc/arm-none-eabi/12.2.0/../../../../arm-none-eabi/lib/armv6k/fpu/libg.a(lib_a-impure.o)
                0x000000000015c05c                _global_impure_ptr
 .rodata._puts_r.str1.4
                0x000000000015c060        0x8 /opt/devkitpro/devkitARM/bin/../lib/gcc/arm-none-eabi/12.2.0/../../../../arm-none-eabi/lib/armv6k/fpu/libg.a(lib_a-puts.o)
                                          0x2 (size before relaxing)
 .rodata.__ssvfscanf_r.str1.1
                0x000000000015c060        0x5 /opt/devkitpro/devkitARM/bin/../lib/gcc/arm-none-eabi/12.2.0/../../../../arm-none-eabi/lib/armv6k/fpu/libg.a(lib_a-svfscanf.o)
                                          0x6 (size before relaxing)
 *fill*         0x000000000015c065        0x3 
 .rodata.basefix.0
                0x000000000015c068       0x22 /opt/devkitpro/devkitARM/bin/../lib/gcc/arm-none-eabi/12.2.0/../../../../arm-none-eabi/lib/armv6k/fpu/libg.a(lib_a-svfscanf.o)
 .rodata._vfprintf_r.str1.1
                0x000000000015c08a       0x3b /opt/devkitpro/devkitARM/bin/../lib/gcc/arm-none-eabi/12.2.0/../../../../arm-none-eabi/lib/armv6k/fpu/libg.a(lib_a-vfprintf.o)
 *fill*         0x000000000015c0c5        0x3 
 .rodata.zeroes.0
                0x000000000015c0c8       0x10 /opt/devkitpro/devkitARM/bin/../lib/gcc/arm-none-eabi/12.2.0/../../../../arm-none-eabi/lib/armv6k/fpu/libg.a(lib_a-vfprintf.o)
 .rodata.blanks.1
                0x000000000015c0d8       0x10 /opt/devkitpro/devkitARM/bin/../lib/gcc/arm-none-eabi/12.2.0/../../../../arm-none-eabi/lib/armv6k/fpu/libg.a(lib_a-vfprintf.o)
 .rodata._ctype_
                0x000000000015c0e8      0x101 /opt/devkitpro/devkitARM/bin/../lib/gcc/arm-none-eabi/12.2.0/../../../../arm-none-eabi/lib/armv6k/fpu/libg.a(lib_a-ctype_.o)
                0x000000000015c0e8                _ctype_
 *fill*         0x000000000015c1e9        0x3 
 .rodata._dtoa_r.str1.4
                0x000000000015c1ec       0x70 /opt/devkitpro/devkitARM/bin/../lib/gcc/arm-none-eabi/12.2.0/../../../../arm-none-eabi/lib/armv6k/fpu/libg.a(lib_a-dtoa.o)
 .rodata.str1.4
                0x000000000015c25c       0x48 /opt/devkitpro/devkitARM/bin/../lib/gcc/arm-none-eabi/12.2.0/../../../../arm-none-eabi/lib/armv6k/fpu/libg.a(lib_a-locale.o)
                                         0x4c (size before relaxing)
 .rodata._mbrtowc_r.str1.4
                0x000000000015c2a4        0x1 /opt/devkitpro/devkitARM/bin/../lib/gcc/arm-none-eabi/12.2.0/../../../../arm-none-eabi/lib/armv6k/fpu/libg.a(lib_a-mbrtowc.o)
 .rodata.__multadd.str1.4
                0x000000000015c2a4       0x49 /opt/devkitpro/devkitARM/bin/../lib/gcc/arm-none-eabi/12.2.0/../../../../arm-none-eabi/lib/armv6k/fpu/libg.a(lib_a-mprec.o)
                                         0x5d (size before relaxing)
 *fill*         0x000000000015c2ed        0x3 
 .rodata.p05.0  0x000000000015c2f0        0xc /opt/devkitpro/devkitARM/bin/../lib/gcc/arm-none-eabi/12.2.0/../../../../arm-none-eabi/lib/armv6k/fpu/libg.a(lib_a-mprec.o)
 *fill*         0x000000000015c2fc        0x4 
 .rodata.__mprec_bigtens
                0x000000000015c300       0x28 /opt/devkitpro/devkitARM/bin/../lib/gcc/arm-none-eabi/12.2.0/../../../../arm-none-eabi/lib/armv6k/fpu/libg.a(lib_a-mprec.o)
                0x000000000015c300                __mprec_bigtens
 .rodata.__mprec_tens
                0x000000000015c328       0xc8 /opt/devkitpro/devkitARM/bin/../lib/gcc/arm-none-eabi/12.2.0/../../../../arm-none-eabi/lib/armv6k/fpu/libg.a(lib_a-mprec.o)
                0x000000000015c328                __mprec_tens
 .rodata._strtod_l.str1.4
                0x000000000015c3f0        0xf /opt/devkitpro/devkitARM/bin/../lib/gcc/arm-none-eabi/12.2.0/../../../../arm-none-eabi/lib/armv6k/fpu/libg.a(lib_a-strtod.o)
                                         0x15 (size before relaxing)
 *fill*         0x000000000015c3ff        0x1 
 .rodata.fpinan.0
                0x000000000015c400       0x14 /opt/devkitpro/devkitARM/bin/../lib/gcc/arm-none-eabi/12.2.0/../../../../arm-none-eabi/lib/armv6k/fpu/libg.a(lib_a-strtod.o)
 .rodata.fpi.1  0x000000000015c414       0x14 /opt/devkitpro/devkitARM/bin/../lib/gcc/arm-none-eabi/12.2.0/../../../../arm-none-eabi/lib/armv6k/fpu/libg.a(lib_a-strtod.o)
 .rodata.tinytens